VRPDO_size_10_phome_0.1_ppup_0.0_incrate_0.06_0
VRPDO_size_10_phome_0.1_ppup_0.0_incrate_0.03_0
VRPDO_size_10_phome_0.1_ppup_0.0_incrate_0.12_0
VRPDO_size_10_phome_0.5_ppup_0.0_incrate_0.06_0
VRPDO_size_10_phome_0.5_ppup_0.0_incrate_0.03_0
VRPDO_size_10_phome_0.5_ppup_0.0_incrate_0.12_0
VRPDO_size_10_phome_0.9_ppup_0.0_incrate_0.06_0
VRPDO_size_10_phome_0.9_ppup_0.0_incrate_0.03_0
VRPDO_size_10_phome_0.9_ppup_0.0_incrate_0.12_0
VRPDO_size_11_phome_0.1_ppup_0.0_incrate_0.06_0
VRPDO_size_11_phome_0.1_ppup_0.0_incrate_0.03_0
VRPDO_size_11_phome_0.1_ppup_0.0_incrate_0.12_0
VRPDO_size_11_phome_0.5_ppup_0.0_incrate_0.06_0
VRPDO_size_11_phome_0.5_ppup_0.0_incrate_0.03_0
VRPDO_size_11_phome_0.5_ppup_0.0_incrate_0.12_0
VRPDO_size_11_phome_0.9_ppup_0.0_incrate_0.06_0
VRPDO_size_11_phome_0.9_ppup_0.0_incrate_0.03_0
VRPDO_size_11_phome_0.9_ppup_0.0_incrate_0.12_0
VRPDO_size_12_phome_0.1_ppup_0.0_incrate_0.06_0
VRPDO_size_12_phome_0.1_ppup_0.0_incrate_0.03_0
VRPDO_size_12_phome_0.1_ppup_0.0_incrate_0.12_0
VRPDO_size_12_phome_0.5_ppup_0.0_incrate_0.06_0
VRPDO_size_12_phome_0.5_ppup_0.0_incrate_0.03_0
VRPDO_size_12_phome_0.5_ppup_0.0_incrate_0.12_0
VRPDO_size_12_phome_0.9_ppup_0.0_incrate_0.06_0
VRPDO_size_12_phome_0.9_ppup_0.0_incrate_0.03_0
VRPDO_size_12_phome_0.9_ppup_0.0_incrate_0.12_0
VRPDO_size_13_phome_0.1_ppup_0.0_incrate_0.06_0
VRPDO_size_13_phome_0.1_ppup_0.0_incrate_0.03_0
VRPDO_size_13_phome_0.1_ppup_0.0_incrate_0.12_0
VRPDO_size_13_phome_0.5_ppup_0.0_incrate_0.06_0
VRPDO_size_13_phome_0.5_ppup_0.0_incrate_0.03_0
VRPDO_size_13_phome_0.5_ppup_0.0_incrate_0.12_0
VRPDO_size_13_phome_0.9_ppup_0.0_incrate_0.06_0
VRPDO_size_13_phome_0.9_ppup_0.0_incrate_0.03_0
VRPDO_size_13_phome_0.9_ppup_0.0_incrate_0.12_0
VRPDO_size_14_phome_0.1_ppup_0.0_incrate_0.06_0
VRPDO_size_14_phome_0.1_ppup_0.0_incrate_0.03_0
VRPDO_size_14_phome_0.1_ppup_0.0_incrate_0.12_0
VRPDO_size_14_phome_0.5_ppup_0.0_incrate_0.06_0
VRPDO_size_14_phome_0.5_ppup_0.0_incrate_0.03_0
VRPDO_size_14_phome_0.5_ppup_0.0_incrate_0.12_0
VRPDO_size_14_phome_0.9_ppup_0.0_incrate_0.06_0
VRPDO_size_14_phome_0.9_ppup_0.0_incrate_0.03_0
VRPDO_size_14_phome_0.9_ppup_0.0_incrate_0.12_0
VRPDO_size_15_phome_0.1_ppup_0.0_incrate_0.06_0
VRPDO_size_15_phome_0.1_ppup_0.0_incrate_0.03_0
VRPDO_size_15_phome_0.1_ppup_0.0_incrate_0.12_0
VRPDO_size_15_phome_0.5_ppup_0.0_incrate_0.06_0
VRPDO_size_15_phome_0.5_ppup_0.0_incrate_0.03_0
VRPDO_size_15_phome_0.5_ppup_0.0_incrate_0.12_0
VRPDO_size_15_phome_0.9_ppup_0.0_incrate_0.06_0
VRPDO_size_15_phome_0.9_ppup_0.0_incrate_0.03_0
VRPDO_size_15_phome_0.9_ppup_0.0_incrate_0.12_0
VRPDO_size_16_phome_0.1_ppup_0.0_incrate_0.06_0
VRPDO_size_16_phome_0.1_ppup_0.0_incrate_0.03_0
VRPDO_size_16_phome_0.1_ppup_0.0_incrate_0.12_0
VRPDO_size_16_phome_0.5_ppup_0.0_incrate_0.06_0
VRPDO_size_16_phome_0.5_ppup_0.0_incrate_0.03_0
VRPDO_size_16_phome_0.5_ppup_0.0_incrate_0.12_0
VRPDO_size_16_phome_0.9_ppup_0.0_incrate_0.06_0
VRPDO_size_16_phome_0.9_ppup_0.0_incrate_0.03_0
VRPDO_size_16_phome_0.9_ppup_0.0_incrate_0.12_0
VRPDO_size_17_phome_0.1_ppup_0.0_incrate_0.06_0
VRPDO_size_17_phome_0.1_ppup_0.0_incrate_0.03_0
VRPDO_size_17_phome_0.1_ppup_0.0_incrate_0.12_0
VRPDO_size_17_phome_0.5_ppup_0.0_incrate_0.06_0
VRPDO_size_17_phome_0.5_ppup_0.0_incrate_0.03_0
VRPDO_size_17_phome_0.5_ppup_0.0_incrate_0.12_0
VRPDO_size_17_phome_0.9_ppup_0.0_incrate_0.06_0
VRPDO_size_17_phome_0.9_ppup_0.0_incrate_0.03_0
VRPDO_size_17_phome_0.9_ppup_0.0_incrate_0.12_0
VRPDO_size_18_phome_0.1_ppup_0.0_incrate_0.06_0
VRPDO_size_18_phome_0.1_ppup_0.0_incrate_0.03_0
VRPDO_size_18_phome_0.1_ppup_0.0_incrate_0.12_0
VRPDO_size_18_phome_0.5_ppup_0.0_incrate_0.06_0
VRPDO_size_18_phome_0.5_ppup_0.0_incrate_0.03_0
VRPDO_size_18_phome_0.5_ppup_0.0_incrate_0.12_0
VRPDO_size_18_phome_0.9_ppup_0.0_incrate_0.06_0
VRPDO_size_18_phome_0.9_ppup_0.0_incrate_0.03_0
VRPDO_size_18_phome_0.9_ppup_0.0_incrate_0.12_0
VRPDO_size_19_phome_0.1_ppup_0.0_incrate_0.06_0
VRPDO_size_19_phome_0.1_ppup_0.0_incrate_0.03_0
VRPDO_size_19_phome_0.1_ppup_0.0_incrate_0.12_0
VRPDO_size_19_phome_0.5_ppup_0.0_incrate_0.06_0
VRPDO_size_19_phome_0.5_ppup_0.0_incrate_0.03_0
VRPDO_size_19_phome_0.5_ppup_0.0_incrate_0.12_0
VRPDO_size_19_phome_0.9_ppup_0.0_incrate_0.06_0
VRPDO_size_19_phome_0.9_ppup_0.0_incrate_0.03_0
VRPDO_size_19_phome_0.9_ppup_0.0_incrate_0.12_0
VRPDO_size_20_phome_0.1_ppup_0.0_incrate_0.06_0
VRPDO_size_20_phome_0.1_ppup_0.0_incrate_0.03_0
VRPDO_size_20_phome_0.1_ppup_0.0_incrate_0.12_0
VRPDO_size_20_phome_0.5_ppup_0.0_incrate_0.06_0
VRPDO_size_20_phome_0.5_ppup_0.0_incrate_0.03_0
VRPDO_size_20_phome_0.5_ppup_0.0_incrate_0.12_0
VRPDO_size_20_phome_0.9_ppup_0.0_incrate_0.06_0
VRPDO_size_20_phome_0.9_ppup_0.0_incrate_0.03_0
VRPDO_size_20_phome_0.9_ppup_0.0_incrate_0.12_0
VRPDO_size_10_phome_0.1_ppup_0.0_incrate_0.06_1
VRPDO_size_10_phome_0.1_ppup_0.0_incrate_0.03_1
VRPDO_size_10_phome_0.1_ppup_0.0_incrate_0.12_1
VRPDO_size_10_phome_0.5_ppup_0.0_incrate_0.06_1
VRPDO_size_10_phome_0.5_ppup_0.0_incrate_0.03_1
VRPDO_size_10_phome_0.5_ppup_0.0_incrate_0.12_1
VRPDO_size_10_phome_0.9_ppup_0.0_incrate_0.06_1
VRPDO_size_10_phome_0.9_ppup_0.0_incrate_0.03_1
VRPDO_size_10_phome_0.9_ppup_0.0_incrate_0.12_1
VRPDO_size_11_phome_0.1_ppup_0.0_incrate_0.06_1
VRPDO_size_11_phome_0.1_ppup_0.0_incrate_0.03_1
VRPDO_size_11_phome_0.1_ppup_0.0_incrate_0.12_1
VRPDO_size_11_phome_0.5_ppup_0.0_incrate_0.06_1
VRPDO_size_11_phome_0.5_ppup_0.0_incrate_0.03_1
VRPDO_size_11_phome_0.5_ppup_0.0_incrate_0.12_1
VRPDO_size_11_phome_0.9_ppup_0.0_incrate_0.06_1
VRPDO_size_11_phome_0.9_ppup_0.0_incrate_0.03_1
VRPDO_size_11_phome_0.9_ppup_0.0_incrate_0.12_1
VRPDO_size_12_phome_0.1_ppup_0.0_incrate_0.06_1
VRPDO_size_12_phome_0.1_ppup_0.0_incrate_0.03_1
VRPDO_size_12_phome_0.1_ppup_0.0_incrate_0.12_1
VRPDO_size_12_phome_0.5_ppup_0.0_incrate_0.06_1
VRPDO_size_12_phome_0.5_ppup_0.0_incrate_0.03_1
VRPDO_size_12_phome_0.5_ppup_0.0_incrate_0.12_1
VRPDO_size_12_phome_0.9_ppup_0.0_incrate_0.06_1
VRPDO_size_12_phome_0.9_ppup_0.0_incrate_0.03_1
VRPDO_size_12_phome_0.9_ppup_0.0_incrate_0.12_1
VRPDO_size_13_phome_0.1_ppup_0.0_incrate_0.06_1
VRPDO_size_13_phome_0.1_ppup_0.0_incrate_0.03_1
VRPDO_size_13_phome_0.1_ppup_0.0_incrate_0.12_1
VRPDO_size_13_phome_0.5_ppup_0.0_incrate_0.06_1
VRPDO_size_13_phome_0.5_ppup_0.0_incrate_0.03_1
VRPDO_size_13_phome_0.5_ppup_0.0_incrate_0.12_1
VRPDO_size_13_phome_0.9_ppup_0.0_incrate_0.06_1
VRPDO_size_13_phome_0.9_ppup_0.0_incrate_0.03_1
VRPDO_size_13_phome_0.9_ppup_0.0_incrate_0.12_1
VRPDO_size_14_phome_0.1_ppup_0.0_incrate_0.06_1
VRPDO_size_14_phome_0.1_ppup_0.0_incrate_0.03_1
VRPDO_size_14_phome_0.1_ppup_0.0_incrate_0.12_1
VRPDO_size_14_phome_0.5_ppup_0.0_incrate_0.06_1
VRPDO_size_14_phome_0.5_ppup_0.0_incrate_0.03_1
VRPDO_size_14_phome_0.5_ppup_0.0_incrate_0.12_1
VRPDO_size_14_phome_0.9_ppup_0.0_incrate_0.06_1
VRPDO_size_14_phome_0.9_ppup_0.0_incrate_0.03_1
VRPDO_size_14_phome_0.9_ppup_0.0_incrate_0.12_1
VRPDO_size_15_phome_0.1_ppup_0.0_incrate_0.06_1
VRPDO_size_15_phome_0.1_ppup_0.0_incrate_0.03_1
VRPDO_size_15_phome_0.1_ppup_0.0_incrate_0.12_1
VRPDO_size_15_phome_0.5_ppup_0.0_incrate_0.06_1
VRPDO_size_15_phome_0.5_ppup_0.0_incrate_0.03_1
VRPDO_size_15_phome_0.5_ppup_0.0_incrate_0.12_1
VRPDO_size_15_phome_0.9_ppup_0.0_incrate_0.06_1
VRPDO_size_15_phome_0.9_ppup_0.0_incrate_0.03_1
VRPDO_size_15_phome_0.9_ppup_0.0_incrate_0.12_1
VRPDO_size_16_phome_0.1_ppup_0.0_incrate_0.06_1
VRPDO_size_16_phome_0.1_ppup_0.0_incrate_0.03_1
VRPDO_size_16_phome_0.1_ppup_0.0_incrate_0.12_1
VRPDO_size_16_phome_0.5_ppup_0.0_incrate_0.06_1
VRPDO_size_16_phome_0.5_ppup_0.0_incrate_0.03_1
VRPDO_size_16_phome_0.5_ppup_0.0_incrate_0.12_1
VRPDO_size_16_phome_0.9_ppup_0.0_incrate_0.06_1
VRPDO_size_16_phome_0.9_ppup_0.0_incrate_0.03_1
VRPDO_size_16_phome_0.9_ppup_0.0_incrate_0.12_1
VRPDO_size_17_phome_0.1_ppup_0.0_incrate_0.06_1
VRPDO_size_17_phome_0.1_ppup_0.0_incrate_0.03_1
VRPDO_size_17_phome_0.1_ppup_0.0_incrate_0.12_1
VRPDO_size_17_phome_0.5_ppup_0.0_incrate_0.06_1
VRPDO_size_17_phome_0.5_ppup_0.0_incrate_0.03_1
VRPDO_size_17_phome_0.5_ppup_0.0_incrate_0.12_1
VRPDO_size_17_phome_0.9_ppup_0.0_incrate_0.06_1
VRPDO_size_17_phome_0.9_ppup_0.0_incrate_0.03_1
VRPDO_size_17_phome_0.9_ppup_0.0_incrate_0.12_1
VRPDO_size_18_phome_0.1_ppup_0.0_incrate_0.06_1
VRPDO_size_18_phome_0.1_ppup_0.0_incrate_0.03_1
VRPDO_size_18_phome_0.1_ppup_0.0_incrate_0.12_1
VRPDO_size_18_phome_0.5_ppup_0.0_incrate_0.06_1
VRPDO_size_18_phome_0.5_ppup_0.0_incrate_0.03_1
VRPDO_size_18_phome_0.5_ppup_0.0_incrate_0.12_1
VRPDO_size_18_phome_0.9_ppup_0.0_incrate_0.06_1
VRPDO_size_18_phome_0.9_ppup_0.0_incrate_0.03_1
VRPDO_size_18_phome_0.9_ppup_0.0_incrate_0.12_1
VRPDO_size_19_phome_0.1_ppup_0.0_incrate_0.06_1
VRPDO_size_19_phome_0.1_ppup_0.0_incrate_0.03_1
VRPDO_size_19_phome_0.1_ppup_0.0_incrate_0.12_1
VRPDO_size_19_phome_0.5_ppup_0.0_incrate_0.06_1
VRPDO_size_19_phome_0.5_ppup_0.0_incrate_0.03_1
VRPDO_size_19_phome_0.5_ppup_0.0_incrate_0.12_1
VRPDO_size_19_phome_0.9_ppup_0.0_incrate_0.06_1
VRPDO_size_19_phome_0.9_ppup_0.0_incrate_0.03_1
VRPDO_size_19_phome_0.9_ppup_0.0_incrate_0.12_1
VRPDO_size_20_phome_0.1_ppup_0.0_incrate_0.06_1
VRPDO_size_20_phome_0.1_ppup_0.0_incrate_0.03_1
VRPDO_size_20_phome_0.1_ppup_0.0_incrate_0.12_1
VRPDO_size_20_phome_0.5_ppup_0.0_incrate_0.06_1
VRPDO_size_20_phome_0.5_ppup_0.0_incrate_0.03_1
VRPDO_size_20_phome_0.5_ppup_0.0_incrate_0.12_1
VRPDO_size_20_phome_0.9_ppup_0.0_incrate_0.06_1
VRPDO_size_20_phome_0.9_ppup_0.0_incrate_0.03_1
VRPDO_size_20_phome_0.9_ppup_0.0_incrate_0.12_1
VRPDO_size_10_phome_0.1_ppup_0.0_incrate_0.06_2
VRPDO_size_10_phome_0.1_ppup_0.0_incrate_0.03_2
VRPDO_size_10_phome_0.1_ppup_0.0_incrate_0.12_2
VRPDO_size_10_phome_0.5_ppup_0.0_incrate_0.06_2
VRPDO_size_10_phome_0.5_ppup_0.0_incrate_0.03_2
VRPDO_size_10_phome_0.5_ppup_0.0_incrate_0.12_2
VRPDO_size_10_phome_0.9_ppup_0.0_incrate_0.06_2
VRPDO_size_10_phome_0.9_ppup_0.0_incrate_0.03_2
VRPDO_size_10_phome_0.9_ppup_0.0_incrate_0.12_2
VRPDO_size_11_phome_0.1_ppup_0.0_incrate_0.06_2
VRPDO_size_11_phome_0.1_ppup_0.0_incrate_0.03_2
VRPDO_size_11_phome_0.1_ppup_0.0_incrate_0.12_2
VRPDO_size_11_phome_0.5_ppup_0.0_incrate_0.06_2
VRPDO_size_11_phome_0.5_ppup_0.0_incrate_0.03_2
VRPDO_size_11_phome_0.5_ppup_0.0_incrate_0.12_2
VRPDO_size_11_phome_0.9_ppup_0.0_incrate_0.06_2
VRPDO_size_11_phome_0.9_ppup_0.0_incrate_0.03_2
VRPDO_size_11_phome_0.9_ppup_0.0_incrate_0.12_2
VRPDO_size_12_phome_0.1_ppup_0.0_incrate_0.06_2
VRPDO_size_12_phome_0.1_ppup_0.0_incrate_0.03_2
VRPDO_size_12_phome_0.1_ppup_0.0_incrate_0.12_2
VRPDO_size_12_phome_0.5_ppup_0.0_incrate_0.06_2
VRPDO_size_12_phome_0.5_ppup_0.0_incrate_0.03_2
VRPDO_size_12_phome_0.5_ppup_0.0_incrate_0.12_2
VRPDO_size_12_phome_0.9_ppup_0.0_incrate_0.06_2
VRPDO_size_12_phome_0.9_ppup_0.0_incrate_0.03_2
VRPDO_size_12_phome_0.9_ppup_0.0_incrate_0.12_2
VRPDO_size_13_phome_0.1_ppup_0.0_incrate_0.06_2
VRPDO_size_13_phome_0.1_ppup_0.0_incrate_0.03_2
VRPDO_size_13_phome_0.1_ppup_0.0_incrate_0.12_2
VRPDO_size_13_phome_0.5_ppup_0.0_incrate_0.06_2
VRPDO_size_13_phome_0.5_ppup_0.0_incrate_0.03_2
VRPDO_size_13_phome_0.5_ppup_0.0_incrate_0.12_2
VRPDO_size_13_phome_0.9_ppup_0.0_incrate_0.06_2
VRPDO_size_13_phome_0.9_ppup_0.0_incrate_0.03_2
VRPDO_size_13_phome_0.9_ppup_0.0_incrate_0.12_2
VRPDO_size_14_phome_0.1_ppup_0.0_incrate_0.06_2
VRPDO_size_14_phome_0.1_ppup_0.0_incrate_0.03_2
VRPDO_size_14_phome_0.1_ppup_0.0_incrate_0.12_2
VRPDO_size_14_phome_0.5_ppup_0.0_incrate_0.06_2
VRPDO_size_14_phome_0.5_ppup_0.0_incrate_0.03_2
VRPDO_size_14_phome_0.5_ppup_0.0_incrate_0.12_2
VRPDO_size_14_phome_0.9_ppup_0.0_incrate_0.06_2
VRPDO_size_14_phome_0.9_ppup_0.0_incrate_0.03_2
VRPDO_size_14_phome_0.9_ppup_0.0_incrate_0.12_2
VRPDO_size_15_phome_0.1_ppup_0.0_incrate_0.06_2
VRPDO_size_15_phome_0.1_ppup_0.0_incrate_0.03_2
VRPDO_size_15_phome_0.1_ppup_0.0_incrate_0.12_2
VRPDO_size_15_phome_0.5_ppup_0.0_incrate_0.06_2
VRPDO_size_15_phome_0.5_ppup_0.0_incrate_0.03_2
VRPDO_size_15_phome_0.5_ppup_0.0_incrate_0.12_2
VRPDO_size_15_phome_0.9_ppup_0.0_incrate_0.06_2
VRPDO_size_15_phome_0.9_ppup_0.0_incrate_0.03_2
VRPDO_size_15_phome_0.9_ppup_0.0_incrate_0.12_2
VRPDO_size_16_phome_0.1_ppup_0.0_incrate_0.06_2
VRPDO_size_16_phome_0.1_ppup_0.0_incrate_0.03_2
VRPDO_size_16_phome_0.1_ppup_0.0_incrate_0.12_2
VRPDO_size_16_phome_0.5_ppup_0.0_incrate_0.06_2
VRPDO_size_16_phome_0.5_ppup_0.0_incrate_0.03_2
VRPDO_size_16_phome_0.5_ppup_0.0_incrate_0.12_2
VRPDO_size_16_phome_0.9_ppup_0.0_incrate_0.06_2
VRPDO_size_16_phome_0.9_ppup_0.0_incrate_0.03_2
VRPDO_size_16_phome_0.9_ppup_0.0_incrate_0.12_2
VRPDO_size_17_phome_0.1_ppup_0.0_incrate_0.06_2
VRPDO_size_17_phome_0.1_ppup_0.0_incrate_0.03_2
VRPDO_size_17_phome_0.1_ppup_0.0_incrate_0.12_2
VRPDO_size_17_phome_0.5_ppup_0.0_incrate_0.06_2
VRPDO_size_17_phome_0.5_ppup_0.0_incrate_0.03_2
VRPDO_size_17_phome_0.5_ppup_0.0_incrate_0.12_2
VRPDO_size_17_phome_0.9_ppup_0.0_incrate_0.06_2
VRPDO_size_17_phome_0.9_ppup_0.0_incrate_0.03_2
VRPDO_size_17_phome_0.9_ppup_0.0_incrate_0.12_2
VRPDO_size_18_phome_0.1_ppup_0.0_incrate_0.06_2
VRPDO_size_18_phome_0.1_ppup_0.0_incrate_0.03_2
VRPDO_size_18_phome_0.1_ppup_0.0_incrate_0.12_2
VRPDO_size_18_phome_0.5_ppup_0.0_incrate_0.06_2
VRPDO_size_18_phome_0.5_ppup_0.0_incrate_0.03_2
VRPDO_size_18_phome_0.5_ppup_0.0_incrate_0.12_2
VRPDO_size_18_phome_0.9_ppup_0.0_incrate_0.06_2
VRPDO_size_18_phome_0.9_ppup_0.0_incrate_0.03_2
VRPDO_size_18_phome_0.9_ppup_0.0_incrate_0.12_2
VRPDO_size_19_phome_0.1_ppup_0.0_incrate_0.06_2
VRPDO_size_19_phome_0.1_ppup_0.0_incrate_0.03_2
VRPDO_size_19_phome_0.1_ppup_0.0_incrate_0.12_2
VRPDO_size_19_phome_0.5_ppup_0.0_incrate_0.06_2
VRPDO_size_19_phome_0.5_ppup_0.0_incrate_0.03_2
VRPDO_size_19_phome_0.5_ppup_0.0_incrate_0.12_2
VRPDO_size_19_phome_0.9_ppup_0.0_incrate_0.06_2
VRPDO_size_19_phome_0.9_ppup_0.0_incrate_0.03_2
VRPDO_size_19_phome_0.9_ppup_0.0_incrate_0.12_2
VRPDO_size_20_phome_0.1_ppup_0.0_incrate_0.06_2
VRPDO_size_20_phome_0.1_ppup_0.0_incrate_0.03_2
VRPDO_size_20_phome_0.1_ppup_0.0_incrate_0.12_2
VRPDO_size_20_phome_0.5_ppup_0.0_incrate_0.06_2
VRPDO_size_20_phome_0.5_ppup_0.0_incrate_0.03_2
VRPDO_size_20_phome_0.5_ppup_0.0_incrate_0.12_2
VRPDO_size_20_phome_0.9_ppup_0.0_incrate_0.06_2
VRPDO_size_20_phome_0.9_ppup_0.0_incrate_0.03_2
VRPDO_size_20_phome_0.9_ppup_0.0_incrate_0.12_2
VRPDO_size_10_phome_0.1_ppup_0.0_incrate_0.06_3
VRPDO_size_10_phome_0.1_ppup_0.0_incrate_0.03_3
VRPDO_size_10_phome_0.1_ppup_0.0_incrate_0.12_3
VRPDO_size_10_phome_0.5_ppup_0.0_incrate_0.06_3
VRPDO_size_10_phome_0.5_ppup_0.0_incrate_0.03_3
VRPDO_size_10_phome_0.5_ppup_0.0_incrate_0.12_3
VRPDO_size_10_phome_0.9_ppup_0.0_incrate_0.06_3
VRPDO_size_10_phome_0.9_ppup_0.0_incrate_0.03_3
VRPDO_size_10_phome_0.9_ppup_0.0_incrate_0.12_3
VRPDO_size_11_phome_0.1_ppup_0.0_incrate_0.06_3
VRPDO_size_11_phome_0.1_ppup_0.0_incrate_0.03_3
VRPDO_size_11_phome_0.1_ppup_0.0_incrate_0.12_3
VRPDO_size_11_phome_0.5_ppup_0.0_incrate_0.06_3
VRPDO_size_11_phome_0.5_ppup_0.0_incrate_0.03_3
VRPDO_size_11_phome_0.5_ppup_0.0_incrate_0.12_3
VRPDO_size_11_phome_0.9_ppup_0.0_incrate_0.06_3
VRPDO_size_11_phome_0.9_ppup_0.0_incrate_0.03_3
VRPDO_size_11_phome_0.9_ppup_0.0_incrate_0.12_3
VRPDO_size_12_phome_0.1_ppup_0.0_incrate_0.06_3
VRPDO_size_12_phome_0.1_ppup_0.0_incrate_0.03_3
VRPDO_size_12_phome_0.1_ppup_0.0_incrate_0.12_3
VRPDO_size_12_phome_0.5_ppup_0.0_incrate_0.06_3
VRPDO_size_12_phome_0.5_ppup_0.0_incrate_0.03_3
VRPDO_size_12_phome_0.5_ppup_0.0_incrate_0.12_3
VRPDO_size_12_phome_0.9_ppup_0.0_incrate_0.06_3
VRPDO_size_12_phome_0.9_ppup_0.0_incrate_0.03_3
VRPDO_size_12_phome_0.9_ppup_0.0_incrate_0.12_3
VRPDO_size_13_phome_0.1_ppup_0.0_incrate_0.06_3
VRPDO_size_13_phome_0.1_ppup_0.0_incrate_0.03_3
VRPDO_size_13_phome_0.1_ppup_0.0_incrate_0.12_3
VRPDO_size_13_phome_0.5_ppup_0.0_incrate_0.06_3
VRPDO_size_13_phome_0.5_ppup_0.0_incrate_0.03_3
VRPDO_size_13_phome_0.5_ppup_0.0_incrate_0.12_3
VRPDO_size_13_phome_0.9_ppup_0.0_incrate_0.06_3
VRPDO_size_13_phome_0.9_ppup_0.0_incrate_0.03_3
VRPDO_size_13_phome_0.9_ppup_0.0_incrate_0.12_3
VRPDO_size_14_phome_0.1_ppup_0.0_incrate_0.06_3
VRPDO_size_14_phome_0.1_ppup_0.0_incrate_0.03_3
VRPDO_size_14_phome_0.1_ppup_0.0_incrate_0.12_3
VRPDO_size_14_phome_0.5_ppup_0.0_incrate_0.06_3
VRPDO_size_14_phome_0.5_ppup_0.0_incrate_0.03_3
VRPDO_size_14_phome_0.5_ppup_0.0_incrate_0.12_3
VRPDO_size_14_phome_0.9_ppup_0.0_incrate_0.06_3
VRPDO_size_14_phome_0.9_ppup_0.0_incrate_0.03_3
VRPDO_size_14_phome_0.9_ppup_0.0_incrate_0.12_3
VRPDO_size_15_phome_0.1_ppup_0.0_incrate_0.06_3
VRPDO_size_15_phome_0.1_ppup_0.0_incrate_0.03_3
VRPDO_size_15_phome_0.1_ppup_0.0_incrate_0.12_3
VRPDO_size_15_phome_0.5_ppup_0.0_incrate_0.06_3
VRPDO_size_15_phome_0.5_ppup_0.0_incrate_0.03_3
VRPDO_size_15_phome_0.5_ppup_0.0_incrate_0.12_3
VRPDO_size_15_phome_0.9_ppup_0.0_incrate_0.06_3
VRPDO_size_15_phome_0.9_ppup_0.0_incrate_0.03_3
VRPDO_size_15_phome_0.9_ppup_0.0_incrate_0.12_3
VRPDO_size_16_phome_0.1_ppup_0.0_incrate_0.06_3
VRPDO_size_16_phome_0.1_ppup_0.0_incrate_0.03_3
VRPDO_size_16_phome_0.1_ppup_0.0_incrate_0.12_3
VRPDO_size_16_phome_0.5_ppup_0.0_incrate_0.06_3
VRPDO_size_16_phome_0.5_ppup_0.0_incrate_0.03_3
VRPDO_size_16_phome_0.5_ppup_0.0_incrate_0.12_3
VRPDO_size_16_phome_0.9_ppup_0.0_incrate_0.06_3
VRPDO_size_16_phome_0.9_ppup_0.0_incrate_0.03_3
VRPDO_size_16_phome_0.9_ppup_0.0_incrate_0.12_3
VRPDO_size_17_phome_0.1_ppup_0.0_incrate_0.06_3
VRPDO_size_17_phome_0.1_ppup_0.0_incrate_0.03_3
VRPDO_size_17_phome_0.1_ppup_0.0_incrate_0.12_3
VRPDO_size_17_phome_0.5_ppup_0.0_incrate_0.06_3
VRPDO_size_17_phome_0.5_ppup_0.0_incrate_0.03_3
VRPDO_size_17_phome_0.5_ppup_0.0_incrate_0.12_3
VRPDO_size_17_phome_0.9_ppup_0.0_incrate_0.06_3
VRPDO_size_17_phome_0.9_ppup_0.0_incrate_0.03_3
VRPDO_size_17_phome_0.9_ppup_0.0_incrate_0.12_3
VRPDO_size_18_phome_0.1_ppup_0.0_incrate_0.06_3
VRPDO_size_18_phome_0.1_ppup_0.0_incrate_0.03_3
VRPDO_size_18_phome_0.1_ppup_0.0_incrate_0.12_3
VRPDO_size_18_phome_0.5_ppup_0.0_incrate_0.06_3
VRPDO_size_18_phome_0.5_ppup_0.0_incrate_0.03_3
VRPDO_size_18_phome_0.5_ppup_0.0_incrate_0.12_3
VRPDO_size_18_phome_0.9_ppup_0.0_incrate_0.06_3
VRPDO_size_18_phome_0.9_ppup_0.0_incrate_0.03_3
VRPDO_size_18_phome_0.9_ppup_0.0_incrate_0.12_3
VRPDO_size_19_phome_0.1_ppup_0.0_incrate_0.06_3
VRPDO_size_19_phome_0.1_ppup_0.0_incrate_0.03_3
VRPDO_size_19_phome_0.1_ppup_0.0_incrate_0.12_3
VRPDO_size_19_phome_0.5_ppup_0.0_incrate_0.06_3
VRPDO_size_19_phome_0.5_ppup_0.0_incrate_0.03_3
VRPDO_size_19_phome_0.5_ppup_0.0_incrate_0.12_3
VRPDO_size_19_phome_0.9_ppup_0.0_incrate_0.06_3
VRPDO_size_19_phome_0.9_ppup_0.0_incrate_0.03_3
VRPDO_size_19_phome_0.9_ppup_0.0_incrate_0.12_3
VRPDO_size_20_phome_0.1_ppup_0.0_incrate_0.06_3
VRPDO_size_20_phome_0.1_ppup_0.0_incrate_0.03_3
VRPDO_size_20_phome_0.1_ppup_0.0_incrate_0.12_3
VRPDO_size_20_phome_0.5_ppup_0.0_incrate_0.06_3
VRPDO_size_20_phome_0.5_ppup_0.0_incrate_0.03_3
VRPDO_size_20_phome_0.5_ppup_0.0_incrate_0.12_3
VRPDO_size_20_phome_0.9_ppup_0.0_incrate_0.06_3
VRPDO_size_20_phome_0.9_ppup_0.0_incrate_0.03_3
VRPDO_size_20_phome_0.9_ppup_0.0_incrate_0.12_3
VRPDO_size_10_phome_0.1_ppup_0.0_incrate_0.06_4
VRPDO_size_10_phome_0.1_ppup_0.0_incrate_0.03_4
VRPDO_size_10_phome_0.1_ppup_0.0_incrate_0.12_4
VRPDO_size_10_phome_0.5_ppup_0.0_incrate_0.06_4
VRPDO_size_10_phome_0.5_ppup_0.0_incrate_0.03_4
VRPDO_size_10_phome_0.5_ppup_0.0_incrate_0.12_4
VRPDO_size_10_phome_0.9_ppup_0.0_incrate_0.06_4
VRPDO_size_10_phome_0.9_ppup_0.0_incrate_0.03_4
VRPDO_size_10_phome_0.9_ppup_0.0_incrate_0.12_4
VRPDO_size_11_phome_0.1_ppup_0.0_incrate_0.06_4
VRPDO_size_11_phome_0.1_ppup_0.0_incrate_0.03_4
VRPDO_size_11_phome_0.1_ppup_0.0_incrate_0.12_4
VRPDO_size_11_phome_0.5_ppup_0.0_incrate_0.06_4
VRPDO_size_11_phome_0.5_ppup_0.0_incrate_0.03_4
VRPDO_size_11_phome_0.5_ppup_0.0_incrate_0.12_4
VRPDO_size_11_phome_0.9_ppup_0.0_incrate_0.06_4
VRPDO_size_11_phome_0.9_ppup_0.0_incrate_0.03_4
VRPDO_size_11_phome_0.9_ppup_0.0_incrate_0.12_4
VRPDO_size_12_phome_0.1_ppup_0.0_incrate_0.06_4
VRPDO_size_12_phome_0.1_ppup_0.0_incrate_0.03_4
VRPDO_size_12_phome_0.1_ppup_0.0_incrate_0.12_4
VRPDO_size_12_phome_0.5_ppup_0.0_incrate_0.06_4
VRPDO_size_12_phome_0.5_ppup_0.0_incrate_0.03_4
VRPDO_size_12_phome_0.5_ppup_0.0_incrate_0.12_4
VRPDO_size_12_phome_0.9_ppup_0.0_incrate_0.06_4
VRPDO_size_12_phome_0.9_ppup_0.0_incrate_0.03_4
VRPDO_size_12_phome_0.9_ppup_0.0_incrate_0.12_4
VRPDO_size_13_phome_0.1_ppup_0.0_incrate_0.06_4
VRPDO_size_13_phome_0.1_ppup_0.0_incrate_0.03_4
VRPDO_size_13_phome_0.1_ppup_0.0_incrate_0.12_4
VRPDO_size_13_phome_0.5_ppup_0.0_incrate_0.06_4
VRPDO_size_13_phome_0.5_ppup_0.0_incrate_0.03_4
VRPDO_size_13_phome_0.5_ppup_0.0_incrate_0.12_4
VRPDO_size_13_phome_0.9_ppup_0.0_incrate_0.06_4
VRPDO_size_13_phome_0.9_ppup_0.0_incrate_0.03_4
VRPDO_size_13_phome_0.9_ppup_0.0_incrate_0.12_4
VRPDO_size_14_phome_0.1_ppup_0.0_incrate_0.06_4
VRPDO_size_14_phome_0.1_ppup_0.0_incrate_0.03_4
VRPDO_size_14_phome_0.1_ppup_0.0_incrate_0.12_4
VRPDO_size_14_phome_0.5_ppup_0.0_incrate_0.06_4
VRPDO_size_14_phome_0.5_ppup_0.0_incrate_0.03_4
VRPDO_size_14_phome_0.5_ppup_0.0_incrate_0.12_4
VRPDO_size_14_phome_0.9_ppup_0.0_incrate_0.06_4
VRPDO_size_14_phome_0.9_ppup_0.0_incrate_0.03_4
VRPDO_size_14_phome_0.9_ppup_0.0_incrate_0.12_4
VRPDO_size_15_phome_0.1_ppup_0.0_incrate_0.06_4
VRPDO_size_15_phome_0.1_ppup_0.0_incrate_0.03_4
VRPDO_size_15_phome_0.1_ppup_0.0_incrate_0.12_4
VRPDO_size_15_phome_0.5_ppup_0.0_incrate_0.06_4
VRPDO_size_15_phome_0.5_ppup_0.0_incrate_0.03_4
VRPDO_size_15_phome_0.5_ppup_0.0_incrate_0.12_4
VRPDO_size_15_phome_0.9_ppup_0.0_incrate_0.06_4
VRPDO_size_15_phome_0.9_ppup_0.0_incrate_0.03_4
VRPDO_size_15_phome_0.9_ppup_0.0_incrate_0.12_4
VRPDO_size_16_phome_0.1_ppup_0.0_incrate_0.06_4
VRPDO_size_16_phome_0.1_ppup_0.0_incrate_0.03_4
VRPDO_size_16_phome_0.1_ppup_0.0_incrate_0.12_4
VRPDO_size_16_phome_0.5_ppup_0.0_incrate_0.06_4
VRPDO_size_16_phome_0.5_ppup_0.0_incrate_0.03_4
VRPDO_size_16_phome_0.5_ppup_0.0_incrate_0.12_4
VRPDO_size_16_phome_0.9_ppup_0.0_incrate_0.06_4
VRPDO_size_16_phome_0.9_ppup_0.0_incrate_0.03_4
VRPDO_size_16_phome_0.9_ppup_0.0_incrate_0.12_4
VRPDO_size_17_phome_0.1_ppup_0.0_incrate_0.06_4
VRPDO_size_17_phome_0.1_ppup_0.0_incrate_0.03_4
VRPDO_size_17_phome_0.1_ppup_0.0_incrate_0.12_4
VRPDO_size_17_phome_0.5_ppup_0.0_incrate_0.06_4
VRPDO_size_17_phome_0.5_ppup_0.0_incrate_0.03_4
VRPDO_size_17_phome_0.5_ppup_0.0_incrate_0.12_4
VRPDO_size_17_phome_0.9_ppup_0.0_incrate_0.06_4
VRPDO_size_17_phome_0.9_ppup_0.0_incrate_0.03_4
VRPDO_size_17_phome_0.9_ppup_0.0_incrate_0.12_4
VRPDO_size_18_phome_0.1_ppup_0.0_incrate_0.06_4
VRPDO_size_18_phome_0.1_ppup_0.0_incrate_0.03_4
VRPDO_size_18_phome_0.1_ppup_0.0_incrate_0.12_4
VRPDO_size_18_phome_0.5_ppup_0.0_incrate_0.06_4
VRPDO_size_18_phome_0.5_ppup_0.0_incrate_0.03_4
VRPDO_size_18_phome_0.5_ppup_0.0_incrate_0.12_4
VRPDO_size_18_phome_0.9_ppup_0.0_incrate_0.06_4
VRPDO_size_18_phome_0.9_ppup_0.0_incrate_0.03_4
VRPDO_size_18_phome_0.9_ppup_0.0_incrate_0.12_4
VRPDO_size_19_phome_0.1_ppup_0.0_incrate_0.06_4
VRPDO_size_19_phome_0.1_ppup_0.0_incrate_0.03_4
VRPDO_size_19_phome_0.1_ppup_0.0_incrate_0.12_4
VRPDO_size_19_phome_0.5_ppup_0.0_incrate_0.06_4
VRPDO_size_19_phome_0.5_ppup_0.0_incrate_0.03_4
VRPDO_size_19_phome_0.5_ppup_0.0_incrate_0.12_4
VRPDO_size_19_phome_0.9_ppup_0.0_incrate_0.06_4
VRPDO_size_19_phome_0.9_ppup_0.0_incrate_0.03_4
VRPDO_size_19_phome_0.9_ppup_0.0_incrate_0.12_4
VRPDO_size_20_phome_0.1_ppup_0.0_incrate_0.06_4
VRPDO_size_20_phome_0.1_ppup_0.0_incrate_0.03_4
VRPDO_size_20_phome_0.1_ppup_0.0_incrate_0.12_4
VRPDO_size_20_phome_0.5_ppup_0.0_incrate_0.06_4
VRPDO_size_20_phome_0.5_ppup_0.0_incrate_0.03_4
VRPDO_size_20_phome_0.5_ppup_0.0_incrate_0.12_4
VRPDO_size_20_phome_0.9_ppup_0.0_incrate_0.06_4
VRPDO_size_20_phome_0.9_ppup_0.0_incrate_0.03_4
VRPDO_size_20_phome_0.9_ppup_0.0_incrate_0.12_4
VRPDO_size_10_phome_0.1_ppup_0.0_incrate_0.06_5
VRPDO_size_10_phome_0.1_ppup_0.0_incrate_0.03_5
VRPDO_size_10_phome_0.1_ppup_0.0_incrate_0.12_5
VRPDO_size_10_phome_0.5_ppup_0.0_incrate_0.06_5
VRPDO_size_10_phome_0.5_ppup_0.0_incrate_0.03_5
VRPDO_size_10_phome_0.5_ppup_0.0_incrate_0.12_5
VRPDO_size_10_phome_0.9_ppup_0.0_incrate_0.06_5
VRPDO_size_10_phome_0.9_ppup_0.0_incrate_0.03_5
VRPDO_size_10_phome_0.9_ppup_0.0_incrate_0.12_5
VRPDO_size_11_phome_0.1_ppup_0.0_incrate_0.06_5
VRPDO_size_11_phome_0.1_ppup_0.0_incrate_0.03_5
VRPDO_size_11_phome_0.1_ppup_0.0_incrate_0.12_5
VRPDO_size_11_phome_0.5_ppup_0.0_incrate_0.06_5
VRPDO_size_11_phome_0.5_ppup_0.0_incrate_0.03_5
VRPDO_size_11_phome_0.5_ppup_0.0_incrate_0.12_5
VRPDO_size_11_phome_0.9_ppup_0.0_incrate_0.06_5
VRPDO_size_11_phome_0.9_ppup_0.0_incrate_0.03_5
VRPDO_size_11_phome_0.9_ppup_0.0_incrate_0.12_5
VRPDO_size_12_phome_0.1_ppup_0.0_incrate_0.06_5
VRPDO_size_12_phome_0.1_ppup_0.0_incrate_0.03_5
VRPDO_size_12_phome_0.1_ppup_0.0_incrate_0.12_5
VRPDO_size_12_phome_0.5_ppup_0.0_incrate_0.06_5
VRPDO_size_12_phome_0.5_ppup_0.0_incrate_0.03_5
VRPDO_size_12_phome_0.5_ppup_0.0_incrate_0.12_5
VRPDO_size_12_phome_0.9_ppup_0.0_incrate_0.06_5
VRPDO_size_12_phome_0.9_ppup_0.0_incrate_0.03_5
VRPDO_size_12_phome_0.9_ppup_0.0_incrate_0.12_5
VRPDO_size_13_phome_0.1_ppup_0.0_incrate_0.06_5
VRPDO_size_13_phome_0.1_ppup_0.0_incrate_0.03_5
VRPDO_size_13_phome_0.1_ppup_0.0_incrate_0.12_5
VRPDO_size_13_phome_0.5_ppup_0.0_incrate_0.06_5
VRPDO_size_13_phome_0.5_ppup_0.0_incrate_0.03_5
VRPDO_size_13_phome_0.5_ppup_0.0_incrate_0.12_5
VRPDO_size_13_phome_0.9_ppup_0.0_incrate_0.06_5
VRPDO_size_13_phome_0.9_ppup_0.0_incrate_0.03_5
VRPDO_size_13_phome_0.9_ppup_0.0_incrate_0.12_5
VRPDO_size_14_phome_0.1_ppup_0.0_incrate_0.06_5
VRPDO_size_14_phome_0.1_ppup_0.0_incrate_0.03_5
VRPDO_size_14_phome_0.1_ppup_0.0_incrate_0.12_5
VRPDO_size_14_phome_0.5_ppup_0.0_incrate_0.06_5
VRPDO_size_14_phome_0.5_ppup_0.0_incrate_0.03_5
VRPDO_size_14_phome_0.5_ppup_0.0_incrate_0.12_5
VRPDO_size_14_phome_0.9_ppup_0.0_incrate_0.06_5
VRPDO_size_14_phome_0.9_ppup_0.0_incrate_0.03_5
VRPDO_size_14_phome_0.9_ppup_0.0_incrate_0.12_5
VRPDO_size_15_phome_0.1_ppup_0.0_incrate_0.06_5
VRPDO_size_15_phome_0.1_ppup_0.0_incrate_0.03_5
VRPDO_size_15_phome_0.1_ppup_0.0_incrate_0.12_5
VRPDO_size_15_phome_0.5_ppup_0.0_incrate_0.06_5
VRPDO_size_15_phome_0.5_ppup_0.0_incrate_0.03_5
VRPDO_size_15_phome_0.5_ppup_0.0_incrate_0.12_5
VRPDO_size_15_phome_0.9_ppup_0.0_incrate_0.06_5
VRPDO_size_15_phome_0.9_ppup_0.0_incrate_0.03_5
VRPDO_size_15_phome_0.9_ppup_0.0_incrate_0.12_5
VRPDO_size_16_phome_0.1_ppup_0.0_incrate_0.06_5
VRPDO_size_16_phome_0.1_ppup_0.0_incrate_0.03_5
VRPDO_size_16_phome_0.1_ppup_0.0_incrate_0.12_5
VRPDO_size_16_phome_0.5_ppup_0.0_incrate_0.06_5
VRPDO_size_16_phome_0.5_ppup_0.0_incrate_0.03_5
VRPDO_size_16_phome_0.5_ppup_0.0_incrate_0.12_5
VRPDO_size_16_phome_0.9_ppup_0.0_incrate_0.06_5
VRPDO_size_16_phome_0.9_ppup_0.0_incrate_0.03_5
VRPDO_size_16_phome_0.9_ppup_0.0_incrate_0.12_5
VRPDO_size_17_phome_0.1_ppup_0.0_incrate_0.06_5
VRPDO_size_17_phome_0.1_ppup_0.0_incrate_0.03_5
VRPDO_size_17_phome_0.1_ppup_0.0_incrate_0.12_5
VRPDO_size_17_phome_0.5_ppup_0.0_incrate_0.06_5
VRPDO_size_17_phome_0.5_ppup_0.0_incrate_0.03_5
VRPDO_size_17_phome_0.5_ppup_0.0_incrate_0.12_5
VRPDO_size_17_phome_0.9_ppup_0.0_incrate_0.06_5
VRPDO_size_17_phome_0.9_ppup_0.0_incrate_0.03_5
VRPDO_size_17_phome_0.9_ppup_0.0_incrate_0.12_5
VRPDO_size_18_phome_0.1_ppup_0.0_incrate_0.06_5
VRPDO_size_18_phome_0.1_ppup_0.0_incrate_0.03_5
VRPDO_size_18_phome_0.1_ppup_0.0_incrate_0.12_5
VRPDO_size_18_phome_0.5_ppup_0.0_incrate_0.06_5
VRPDO_size_18_phome_0.5_ppup_0.0_incrate_0.03_5
VRPDO_size_18_phome_0.5_ppup_0.0_incrate_0.12_5
VRPDO_size_18_phome_0.9_ppup_0.0_incrate_0.06_5
VRPDO_size_18_phome_0.9_ppup_0.0_incrate_0.03_5
VRPDO_size_18_phome_0.9_ppup_0.0_incrate_0.12_5
VRPDO_size_19_phome_0.1_ppup_0.0_incrate_0.06_5
VRPDO_size_19_phome_0.1_ppup_0.0_incrate_0.03_5
VRPDO_size_19_phome_0.1_ppup_0.0_incrate_0.12_5
VRPDO_size_19_phome_0.5_ppup_0.0_incrate_0.06_5
VRPDO_size_19_phome_0.5_ppup_0.0_incrate_0.03_5
VRPDO_size_19_phome_0.5_ppup_0.0_incrate_0.12_5
VRPDO_size_19_phome_0.9_ppup_0.0_incrate_0.06_5
VRPDO_size_19_phome_0.9_ppup_0.0_incrate_0.03_5
VRPDO_size_19_phome_0.9_ppup_0.0_incrate_0.12_5
VRPDO_size_20_phome_0.1_ppup_0.0_incrate_0.06_5
VRPDO_size_20_phome_0.1_ppup_0.0_incrate_0.03_5
VRPDO_size_20_phome_0.1_ppup_0.0_incrate_0.12_5
VRPDO_size_20_phome_0.5_ppup_0.0_incrate_0.06_5
VRPDO_size_20_phome_0.5_ppup_0.0_incrate_0.03_5
VRPDO_size_20_phome_0.5_ppup_0.0_incrate_0.12_5
VRPDO_size_20_phome_0.9_ppup_0.0_incrate_0.06_5
VRPDO_size_20_phome_0.9_ppup_0.0_incrate_0.03_5
VRPDO_size_20_phome_0.9_ppup_0.0_incrate_0.12_5
VRPDO_size_10_phome_0.1_ppup_0.0_incrate_0.06_6
VRPDO_size_10_phome_0.1_ppup_0.0_incrate_0.03_6
VRPDO_size_10_phome_0.1_ppup_0.0_incrate_0.12_6
VRPDO_size_10_phome_0.5_ppup_0.0_incrate_0.06_6
VRPDO_size_10_phome_0.5_ppup_0.0_incrate_0.03_6
VRPDO_size_10_phome_0.5_ppup_0.0_incrate_0.12_6
VRPDO_size_10_phome_0.9_ppup_0.0_incrate_0.06_6
VRPDO_size_10_phome_0.9_ppup_0.0_incrate_0.03_6
VRPDO_size_10_phome_0.9_ppup_0.0_incrate_0.12_6
VRPDO_size_11_phome_0.1_ppup_0.0_incrate_0.06_6
VRPDO_size_11_phome_0.1_ppup_0.0_incrate_0.03_6
VRPDO_size_11_phome_0.1_ppup_0.0_incrate_0.12_6
VRPDO_size_11_phome_0.5_ppup_0.0_incrate_0.06_6
VRPDO_size_11_phome_0.5_ppup_0.0_incrate_0.03_6
VRPDO_size_11_phome_0.5_ppup_0.0_incrate_0.12_6
VRPDO_size_11_phome_0.9_ppup_0.0_incrate_0.06_6
VRPDO_size_11_phome_0.9_ppup_0.0_incrate_0.03_6
VRPDO_size_11_phome_0.9_ppup_0.0_incrate_0.12_6
VRPDO_size_12_phome_0.1_ppup_0.0_incrate_0.06_6
VRPDO_size_12_phome_0.1_ppup_0.0_incrate_0.03_6
VRPDO_size_12_phome_0.1_ppup_0.0_incrate_0.12_6
VRPDO_size_12_phome_0.5_ppup_0.0_incrate_0.06_6
VRPDO_size_12_phome_0.5_ppup_0.0_incrate_0.03_6
VRPDO_size_12_phome_0.5_ppup_0.0_incrate_0.12_6
VRPDO_size_12_phome_0.9_ppup_0.0_incrate_0.06_6
VRPDO_size_12_phome_0.9_ppup_0.0_incrate_0.03_6
VRPDO_size_12_phome_0.9_ppup_0.0_incrate_0.12_6
VRPDO_size_13_phome_0.1_ppup_0.0_incrate_0.06_6
VRPDO_size_13_phome_0.1_ppup_0.0_incrate_0.03_6
VRPDO_size_13_phome_0.1_ppup_0.0_incrate_0.12_6
VRPDO_size_13_phome_0.5_ppup_0.0_incrate_0.06_6
VRPDO_size_13_phome_0.5_ppup_0.0_incrate_0.03_6
VRPDO_size_13_phome_0.5_ppup_0.0_incrate_0.12_6
VRPDO_size_13_phome_0.9_ppup_0.0_incrate_0.06_6
VRPDO_size_13_phome_0.9_ppup_0.0_incrate_0.03_6
VRPDO_size_13_phome_0.9_ppup_0.0_incrate_0.12_6
VRPDO_size_14_phome_0.1_ppup_0.0_incrate_0.06_6
VRPDO_size_14_phome_0.1_ppup_0.0_incrate_0.03_6
VRPDO_size_14_phome_0.1_ppup_0.0_incrate_0.12_6
VRPDO_size_14_phome_0.5_ppup_0.0_incrate_0.06_6
VRPDO_size_14_phome_0.5_ppup_0.0_incrate_0.03_6
VRPDO_size_14_phome_0.5_ppup_0.0_incrate_0.12_6
VRPDO_size_14_phome_0.9_ppup_0.0_incrate_0.06_6
VRPDO_size_14_phome_0.9_ppup_0.0_incrate_0.03_6
VRPDO_size_14_phome_0.9_ppup_0.0_incrate_0.12_6
VRPDO_size_15_phome_0.1_ppup_0.0_incrate_0.06_6
VRPDO_size_15_phome_0.1_ppup_0.0_incrate_0.03_6
VRPDO_size_15_phome_0.1_ppup_0.0_incrate_0.12_6
VRPDO_size_15_phome_0.5_ppup_0.0_incrate_0.06_6
VRPDO_size_15_phome_0.5_ppup_0.0_incrate_0.03_6
VRPDO_size_15_phome_0.5_ppup_0.0_incrate_0.12_6
VRPDO_size_15_phome_0.9_ppup_0.0_incrate_0.06_6
VRPDO_size_15_phome_0.9_ppup_0.0_incrate_0.03_6
VRPDO_size_15_phome_0.9_ppup_0.0_incrate_0.12_6
VRPDO_size_16_phome_0.1_ppup_0.0_incrate_0.06_6
VRPDO_size_16_phome_0.1_ppup_0.0_incrate_0.03_6
VRPDO_size_16_phome_0.1_ppup_0.0_incrate_0.12_6
VRPDO_size_16_phome_0.5_ppup_0.0_incrate_0.06_6
VRPDO_size_16_phome_0.5_ppup_0.0_incrate_0.03_6
VRPDO_size_16_phome_0.5_ppup_0.0_incrate_0.12_6
VRPDO_size_16_phome_0.9_ppup_0.0_incrate_0.06_6
VRPDO_size_16_phome_0.9_ppup_0.0_incrate_0.03_6
VRPDO_size_16_phome_0.9_ppup_0.0_incrate_0.12_6
VRPDO_size_17_phome_0.1_ppup_0.0_incrate_0.06_6
VRPDO_size_17_phome_0.1_ppup_0.0_incrate_0.03_6
VRPDO_size_17_phome_0.1_ppup_0.0_incrate_0.12_6
VRPDO_size_17_phome_0.5_ppup_0.0_incrate_0.06_6
VRPDO_size_17_phome_0.5_ppup_0.0_incrate_0.03_6
VRPDO_size_17_phome_0.5_ppup_0.0_incrate_0.12_6
VRPDO_size_17_phome_0.9_ppup_0.0_incrate_0.06_6
VRPDO_size_17_phome_0.9_ppup_0.0_incrate_0.03_6
VRPDO_size_17_phome_0.9_ppup_0.0_incrate_0.12_6
VRPDO_size_18_phome_0.1_ppup_0.0_incrate_0.06_6
VRPDO_size_18_phome_0.1_ppup_0.0_incrate_0.03_6
VRPDO_size_18_phome_0.1_ppup_0.0_incrate_0.12_6
VRPDO_size_18_phome_0.5_ppup_0.0_incrate_0.06_6
VRPDO_size_18_phome_0.5_ppup_0.0_incrate_0.03_6
VRPDO_size_18_phome_0.5_ppup_0.0_incrate_0.12_6
VRPDO_size_18_phome_0.9_ppup_0.0_incrate_0.06_6
VRPDO_size_18_phome_0.9_ppup_0.0_incrate_0.03_6
VRPDO_size_18_phome_0.9_ppup_0.0_incrate_0.12_6
VRPDO_size_19_phome_0.1_ppup_0.0_incrate_0.06_6
VRPDO_size_19_phome_0.1_ppup_0.0_incrate_0.03_6
VRPDO_size_19_phome_0.1_ppup_0.0_incrate_0.12_6
VRPDO_size_19_phome_0.5_ppup_0.0_incrate_0.06_6
VRPDO_size_19_phome_0.5_ppup_0.0_incrate_0.03_6
VRPDO_size_19_phome_0.5_ppup_0.0_incrate_0.12_6
VRPDO_size_19_phome_0.9_ppup_0.0_incrate_0.06_6
VRPDO_size_19_phome_0.9_ppup_0.0_incrate_0.03_6
VRPDO_size_19_phome_0.9_ppup_0.0_incrate_0.12_6
VRPDO_size_20_phome_0.1_ppup_0.0_incrate_0.06_6
VRPDO_size_20_phome_0.1_ppup_0.0_incrate_0.03_6
VRPDO_size_20_phome_0.1_ppup_0.0_incrate_0.12_6
VRPDO_size_20_phome_0.5_ppup_0.0_incrate_0.06_6
VRPDO_size_20_phome_0.5_ppup_0.0_incrate_0.03_6
VRPDO_size_20_phome_0.5_ppup_0.0_incrate_0.12_6
VRPDO_size_20_phome_0.9_ppup_0.0_incrate_0.06_6
VRPDO_size_20_phome_0.9_ppup_0.0_incrate_0.03_6
VRPDO_size_20_phome_0.9_ppup_0.0_incrate_0.12_6
VRPDO_size_10_phome_0.1_ppup_0.0_incrate_0.06_7
VRPDO_size_10_phome_0.1_ppup_0.0_incrate_0.03_7
VRPDO_size_10_phome_0.1_ppup_0.0_incrate_0.12_7
VRPDO_size_10_phome_0.5_ppup_0.0_incrate_0.06_7
VRPDO_size_10_phome_0.5_ppup_0.0_incrate_0.03_7
VRPDO_size_10_phome_0.5_ppup_0.0_incrate_0.12_7
VRPDO_size_10_phome_0.9_ppup_0.0_incrate_0.06_7
VRPDO_size_10_phome_0.9_ppup_0.0_incrate_0.03_7
VRPDO_size_10_phome_0.9_ppup_0.0_incrate_0.12_7
VRPDO_size_11_phome_0.1_ppup_0.0_incrate_0.06_7
VRPDO_size_11_phome_0.1_ppup_0.0_incrate_0.03_7
VRPDO_size_11_phome_0.1_ppup_0.0_incrate_0.12_7
VRPDO_size_11_phome_0.5_ppup_0.0_incrate_0.06_7
VRPDO_size_11_phome_0.5_ppup_0.0_incrate_0.03_7
VRPDO_size_11_phome_0.5_ppup_0.0_incrate_0.12_7
VRPDO_size_11_phome_0.9_ppup_0.0_incrate_0.06_7
VRPDO_size_11_phome_0.9_ppup_0.0_incrate_0.03_7
VRPDO_size_11_phome_0.9_ppup_0.0_incrate_0.12_7
VRPDO_size_12_phome_0.1_ppup_0.0_incrate_0.06_7
VRPDO_size_12_phome_0.1_ppup_0.0_incrate_0.03_7
VRPDO_size_12_phome_0.1_ppup_0.0_incrate_0.12_7
VRPDO_size_12_phome_0.5_ppup_0.0_incrate_0.06_7
VRPDO_size_12_phome_0.5_ppup_0.0_incrate_0.03_7
VRPDO_size_12_phome_0.5_ppup_0.0_incrate_0.12_7
VRPDO_size_12_phome_0.9_ppup_0.0_incrate_0.06_7
VRPDO_size_12_phome_0.9_ppup_0.0_incrate_0.03_7
VRPDO_size_12_phome_0.9_ppup_0.0_incrate_0.12_7
VRPDO_size_13_phome_0.1_ppup_0.0_incrate_0.06_7
VRPDO_size_13_phome_0.1_ppup_0.0_incrate_0.03_7
VRPDO_size_13_phome_0.1_ppup_0.0_incrate_0.12_7
VRPDO_size_13_phome_0.5_ppup_0.0_incrate_0.06_7
VRPDO_size_13_phome_0.5_ppup_0.0_incrate_0.03_7
VRPDO_size_13_phome_0.5_ppup_0.0_incrate_0.12_7
VRPDO_size_13_phome_0.9_ppup_0.0_incrate_0.06_7
VRPDO_size_13_phome_0.9_ppup_0.0_incrate_0.03_7
VRPDO_size_13_phome_0.9_ppup_0.0_incrate_0.12_7
VRPDO_size_14_phome_0.1_ppup_0.0_incrate_0.06_7
VRPDO_size_14_phome_0.1_ppup_0.0_incrate_0.03_7
VRPDO_size_14_phome_0.1_ppup_0.0_incrate_0.12_7
VRPDO_size_14_phome_0.5_ppup_0.0_incrate_0.06_7
VRPDO_size_14_phome_0.5_ppup_0.0_incrate_0.03_7
VRPDO_size_14_phome_0.5_ppup_0.0_incrate_0.12_7
VRPDO_size_14_phome_0.9_ppup_0.0_incrate_0.06_7
VRPDO_size_14_phome_0.9_ppup_0.0_incrate_0.03_7
VRPDO_size_14_phome_0.9_ppup_0.0_incrate_0.12_7
VRPDO_size_15_phome_0.1_ppup_0.0_incrate_0.06_7
VRPDO_size_15_phome_0.1_ppup_0.0_incrate_0.03_7
VRPDO_size_15_phome_0.1_ppup_0.0_incrate_0.12_7
VRPDO_size_15_phome_0.5_ppup_0.0_incrate_0.06_7
VRPDO_size_15_phome_0.5_ppup_0.0_incrate_0.03_7
VRPDO_size_15_phome_0.5_ppup_0.0_incrate_0.12_7
VRPDO_size_15_phome_0.9_ppup_0.0_incrate_0.06_7
VRPDO_size_15_phome_0.9_ppup_0.0_incrate_0.03_7
VRPDO_size_15_phome_0.9_ppup_0.0_incrate_0.12_7
VRPDO_size_16_phome_0.1_ppup_0.0_incrate_0.06_7
VRPDO_size_16_phome_0.1_ppup_0.0_incrate_0.03_7
VRPDO_size_16_phome_0.1_ppup_0.0_incrate_0.12_7
VRPDO_size_16_phome_0.5_ppup_0.0_incrate_0.06_7
VRPDO_size_16_phome_0.5_ppup_0.0_incrate_0.03_7
VRPDO_size_16_phome_0.5_ppup_0.0_incrate_0.12_7
VRPDO_size_16_phome_0.9_ppup_0.0_incrate_0.06_7
VRPDO_size_16_phome_0.9_ppup_0.0_incrate_0.03_7
VRPDO_size_16_phome_0.9_ppup_0.0_incrate_0.12_7
VRPDO_size_17_phome_0.1_ppup_0.0_incrate_0.06_7
VRPDO_size_17_phome_0.1_ppup_0.0_incrate_0.03_7
VRPDO_size_17_phome_0.1_ppup_0.0_incrate_0.12_7
VRPDO_size_17_phome_0.5_ppup_0.0_incrate_0.06_7
VRPDO_size_17_phome_0.5_ppup_0.0_incrate_0.03_7
VRPDO_size_17_phome_0.5_ppup_0.0_incrate_0.12_7
VRPDO_size_17_phome_0.9_ppup_0.0_incrate_0.06_7
VRPDO_size_17_phome_0.9_ppup_0.0_incrate_0.03_7
VRPDO_size_17_phome_0.9_ppup_0.0_incrate_0.12_7
VRPDO_size_18_phome_0.1_ppup_0.0_incrate_0.06_7
VRPDO_size_18_phome_0.1_ppup_0.0_incrate_0.03_7
VRPDO_size_18_phome_0.1_ppup_0.0_incrate_0.12_7
VRPDO_size_18_phome_0.5_ppup_0.0_incrate_0.06_7
VRPDO_size_18_phome_0.5_ppup_0.0_incrate_0.03_7
VRPDO_size_18_phome_0.5_ppup_0.0_incrate_0.12_7
VRPDO_size_18_phome_0.9_ppup_0.0_incrate_0.06_7
VRPDO_size_18_phome_0.9_ppup_0.0_incrate_0.03_7
VRPDO_size_18_phome_0.9_ppup_0.0_incrate_0.12_7
VRPDO_size_19_phome_0.1_ppup_0.0_incrate_0.06_7
VRPDO_size_19_phome_0.1_ppup_0.0_incrate_0.03_7
VRPDO_size_19_phome_0.1_ppup_0.0_incrate_0.12_7
VRPDO_size_19_phome_0.5_ppup_0.0_incrate_0.06_7
VRPDO_size_19_phome_0.5_ppup_0.0_incrate_0.03_7
VRPDO_size_19_phome_0.5_ppup_0.0_incrate_0.12_7
VRPDO_size_19_phome_0.9_ppup_0.0_incrate_0.06_7
VRPDO_size_19_phome_0.9_ppup_0.0_incrate_0.03_7
VRPDO_size_19_phome_0.9_ppup_0.0_incrate_0.12_7
VRPDO_size_20_phome_0.1_ppup_0.0_incrate_0.06_7
VRPDO_size_20_phome_0.1_ppup_0.0_incrate_0.03_7
VRPDO_size_20_phome_0.1_ppup_0.0_incrate_0.12_7
VRPDO_size_20_phome_0.5_ppup_0.0_incrate_0.06_7
VRPDO_size_20_phome_0.5_ppup_0.0_incrate_0.03_7
VRPDO_size_20_phome_0.5_ppup_0.0_incrate_0.12_7
VRPDO_size_20_phome_0.9_ppup_0.0_incrate_0.06_7
VRPDO_size_20_phome_0.9_ppup_0.0_incrate_0.03_7
VRPDO_size_20_phome_0.9_ppup_0.0_incrate_0.12_7
VRPDO_size_10_phome_0.1_ppup_0.0_incrate_0.06_8
VRPDO_size_10_phome_0.1_ppup_0.0_incrate_0.03_8
VRPDO_size_10_phome_0.1_ppup_0.0_incrate_0.12_8
VRPDO_size_10_phome_0.5_ppup_0.0_incrate_0.06_8
VRPDO_size_10_phome_0.5_ppup_0.0_incrate_0.03_8
VRPDO_size_10_phome_0.5_ppup_0.0_incrate_0.12_8
VRPDO_size_10_phome_0.9_ppup_0.0_incrate_0.06_8
VRPDO_size_10_phome_0.9_ppup_0.0_incrate_0.03_8
VRPDO_size_10_phome_0.9_ppup_0.0_incrate_0.12_8
VRPDO_size_11_phome_0.1_ppup_0.0_incrate_0.06_8
VRPDO_size_11_phome_0.1_ppup_0.0_incrate_0.03_8
VRPDO_size_11_phome_0.1_ppup_0.0_incrate_0.12_8
VRPDO_size_11_phome_0.5_ppup_0.0_incrate_0.06_8
VRPDO_size_11_phome_0.5_ppup_0.0_incrate_0.03_8
VRPDO_size_11_phome_0.5_ppup_0.0_incrate_0.12_8
VRPDO_size_11_phome_0.9_ppup_0.0_incrate_0.06_8
VRPDO_size_11_phome_0.9_ppup_0.0_incrate_0.03_8
VRPDO_size_11_phome_0.9_ppup_0.0_incrate_0.12_8
VRPDO_size_12_phome_0.1_ppup_0.0_incrate_0.06_8
VRPDO_size_12_phome_0.1_ppup_0.0_incrate_0.03_8
VRPDO_size_12_phome_0.1_ppup_0.0_incrate_0.12_8
VRPDO_size_12_phome_0.5_ppup_0.0_incrate_0.06_8
VRPDO_size_12_phome_0.5_ppup_0.0_incrate_0.03_8
VRPDO_size_12_phome_0.5_ppup_0.0_incrate_0.12_8
VRPDO_size_12_phome_0.9_ppup_0.0_incrate_0.06_8
VRPDO_size_12_phome_0.9_ppup_0.0_incrate_0.03_8
VRPDO_size_12_phome_0.9_ppup_0.0_incrate_0.12_8
VRPDO_size_13_phome_0.1_ppup_0.0_incrate_0.06_8
VRPDO_size_13_phome_0.1_ppup_0.0_incrate_0.03_8
VRPDO_size_13_phome_0.1_ppup_0.0_incrate_0.12_8
VRPDO_size_13_phome_0.5_ppup_0.0_incrate_0.06_8
VRPDO_size_13_phome_0.5_ppup_0.0_incrate_0.03_8
VRPDO_size_13_phome_0.5_ppup_0.0_incrate_0.12_8
VRPDO_size_13_phome_0.9_ppup_0.0_incrate_0.06_8
VRPDO_size_13_phome_0.9_ppup_0.0_incrate_0.03_8
VRPDO_size_13_phome_0.9_ppup_0.0_incrate_0.12_8
VRPDO_size_14_phome_0.1_ppup_0.0_incrate_0.06_8
VRPDO_size_14_phome_0.1_ppup_0.0_incrate_0.03_8
VRPDO_size_14_phome_0.1_ppup_0.0_incrate_0.12_8
VRPDO_size_14_phome_0.5_ppup_0.0_incrate_0.06_8
VRPDO_size_14_phome_0.5_ppup_0.0_incrate_0.03_8
VRPDO_size_14_phome_0.5_ppup_0.0_incrate_0.12_8
VRPDO_size_14_phome_0.9_ppup_0.0_incrate_0.06_8
VRPDO_size_14_phome_0.9_ppup_0.0_incrate_0.03_8
VRPDO_size_14_phome_0.9_ppup_0.0_incrate_0.12_8
VRPDO_size_15_phome_0.1_ppup_0.0_incrate_0.06_8
VRPDO_size_15_phome_0.1_ppup_0.0_incrate_0.03_8
VRPDO_size_15_phome_0.1_ppup_0.0_incrate_0.12_8
VRPDO_size_15_phome_0.5_ppup_0.0_incrate_0.06_8
VRPDO_size_15_phome_0.5_ppup_0.0_incrate_0.03_8
VRPDO_size_15_phome_0.5_ppup_0.0_incrate_0.12_8
VRPDO_size_15_phome_0.9_ppup_0.0_incrate_0.06_8
VRPDO_size_15_phome_0.9_ppup_0.0_incrate_0.03_8
VRPDO_size_15_phome_0.9_ppup_0.0_incrate_0.12_8
VRPDO_size_16_phome_0.1_ppup_0.0_incrate_0.06_8
VRPDO_size_16_phome_0.1_ppup_0.0_incrate_0.03_8
VRPDO_size_16_phome_0.1_ppup_0.0_incrate_0.12_8
VRPDO_size_16_phome_0.5_ppup_0.0_incrate_0.06_8
VRPDO_size_16_phome_0.5_ppup_0.0_incrate_0.03_8
VRPDO_size_16_phome_0.5_ppup_0.0_incrate_0.12_8
VRPDO_size_16_phome_0.9_ppup_0.0_incrate_0.06_8
VRPDO_size_16_phome_0.9_ppup_0.0_incrate_0.03_8
VRPDO_size_16_phome_0.9_ppup_0.0_incrate_0.12_8
VRPDO_size_17_phome_0.1_ppup_0.0_incrate_0.06_8
VRPDO_size_17_phome_0.1_ppup_0.0_incrate_0.03_8
VRPDO_size_17_phome_0.1_ppup_0.0_incrate_0.12_8
VRPDO_size_17_phome_0.5_ppup_0.0_incrate_0.06_8
VRPDO_size_17_phome_0.5_ppup_0.0_incrate_0.03_8
VRPDO_size_17_phome_0.5_ppup_0.0_incrate_0.12_8
VRPDO_size_17_phome_0.9_ppup_0.0_incrate_0.06_8
VRPDO_size_17_phome_0.9_ppup_0.0_incrate_0.03_8
VRPDO_size_17_phome_0.9_ppup_0.0_incrate_0.12_8
VRPDO_size_18_phome_0.1_ppup_0.0_incrate_0.06_8
VRPDO_size_18_phome_0.1_ppup_0.0_incrate_0.03_8
VRPDO_size_18_phome_0.1_ppup_0.0_incrate_0.12_8
VRPDO_size_18_phome_0.5_ppup_0.0_incrate_0.06_8
VRPDO_size_18_phome_0.5_ppup_0.0_incrate_0.03_8
VRPDO_size_18_phome_0.5_ppup_0.0_incrate_0.12_8
VRPDO_size_18_phome_0.9_ppup_0.0_incrate_0.06_8
VRPDO_size_18_phome_0.9_ppup_0.0_incrate_0.03_8
VRPDO_size_18_phome_0.9_ppup_0.0_incrate_0.12_8
VRPDO_size_19_phome_0.1_ppup_0.0_incrate_0.06_8
VRPDO_size_19_phome_0.1_ppup_0.0_incrate_0.03_8
VRPDO_size_19_phome_0.1_ppup_0.0_incrate_0.12_8
VRPDO_size_19_phome_0.5_ppup_0.0_incrate_0.06_8
VRPDO_size_19_phome_0.5_ppup_0.0_incrate_0.03_8
VRPDO_size_19_phome_0.5_ppup_0.0_incrate_0.12_8
VRPDO_size_19_phome_0.9_ppup_0.0_incrate_0.06_8
VRPDO_size_19_phome_0.9_ppup_0.0_incrate_0.03_8
VRPDO_size_19_phome_0.9_ppup_0.0_incrate_0.12_8
VRPDO_size_20_phome_0.1_ppup_0.0_incrate_0.06_8
VRPDO_size_20_phome_0.1_ppup_0.0_incrate_0.03_8
VRPDO_size_20_phome_0.1_ppup_0.0_incrate_0.12_8
VRPDO_size_20_phome_0.5_ppup_0.0_incrate_0.06_8
VRPDO_size_20_phome_0.5_ppup_0.0_incrate_0.03_8
VRPDO_size_20_phome_0.5_ppup_0.0_incrate_0.12_8
VRPDO_size_20_phome_0.9_ppup_0.0_incrate_0.06_8
VRPDO_size_20_phome_0.9_ppup_0.0_incrate_0.03_8
VRPDO_size_20_phome_0.9_ppup_0.0_incrate_0.12_8
VRPDO_size_10_phome_0.1_ppup_0.0_incrate_0.06_9
VRPDO_size_10_phome_0.1_ppup_0.0_incrate_0.03_9
VRPDO_size_10_phome_0.1_ppup_0.0_incrate_0.12_9
VRPDO_size_10_phome_0.5_ppup_0.0_incrate_0.06_9
VRPDO_size_10_phome_0.5_ppup_0.0_incrate_0.03_9
VRPDO_size_10_phome_0.5_ppup_0.0_incrate_0.12_9
VRPDO_size_10_phome_0.9_ppup_0.0_incrate_0.06_9
VRPDO_size_10_phome_0.9_ppup_0.0_incrate_0.03_9
VRPDO_size_10_phome_0.9_ppup_0.0_incrate_0.12_9
VRPDO_size_11_phome_0.1_ppup_0.0_incrate_0.06_9
VRPDO_size_11_phome_0.1_ppup_0.0_incrate_0.03_9
VRPDO_size_11_phome_0.1_ppup_0.0_incrate_0.12_9
VRPDO_size_11_phome_0.5_ppup_0.0_incrate_0.06_9
VRPDO_size_11_phome_0.5_ppup_0.0_incrate_0.03_9
VRPDO_size_11_phome_0.5_ppup_0.0_incrate_0.12_9
VRPDO_size_11_phome_0.9_ppup_0.0_incrate_0.06_9
VRPDO_size_11_phome_0.9_ppup_0.0_incrate_0.03_9
VRPDO_size_11_phome_0.9_ppup_0.0_incrate_0.12_9
VRPDO_size_12_phome_0.1_ppup_0.0_incrate_0.06_9
VRPDO_size_12_phome_0.1_ppup_0.0_incrate_0.03_9
VRPDO_size_12_phome_0.1_ppup_0.0_incrate_0.12_9
VRPDO_size_12_phome_0.5_ppup_0.0_incrate_0.06_9
VRPDO_size_12_phome_0.5_ppup_0.0_incrate_0.03_9
VRPDO_size_12_phome_0.5_ppup_0.0_incrate_0.12_9
VRPDO_size_12_phome_0.9_ppup_0.0_incrate_0.06_9
VRPDO_size_12_phome_0.9_ppup_0.0_incrate_0.03_9
VRPDO_size_12_phome_0.9_ppup_0.0_incrate_0.12_9
VRPDO_size_13_phome_0.1_ppup_0.0_incrate_0.06_9
VRPDO_size_13_phome_0.1_ppup_0.0_incrate_0.03_9
VRPDO_size_13_phome_0.1_ppup_0.0_incrate_0.12_9
VRPDO_size_13_phome_0.5_ppup_0.0_incrate_0.06_9
VRPDO_size_13_phome_0.5_ppup_0.0_incrate_0.03_9
VRPDO_size_13_phome_0.5_ppup_0.0_incrate_0.12_9
VRPDO_size_13_phome_0.9_ppup_0.0_incrate_0.06_9
VRPDO_size_13_phome_0.9_ppup_0.0_incrate_0.03_9
VRPDO_size_13_phome_0.9_ppup_0.0_incrate_0.12_9
VRPDO_size_14_phome_0.1_ppup_0.0_incrate_0.06_9
VRPDO_size_14_phome_0.1_ppup_0.0_incrate_0.03_9
VRPDO_size_14_phome_0.1_ppup_0.0_incrate_0.12_9
VRPDO_size_14_phome_0.5_ppup_0.0_incrate_0.06_9
VRPDO_size_14_phome_0.5_ppup_0.0_incrate_0.03_9
VRPDO_size_14_phome_0.5_ppup_0.0_incrate_0.12_9
VRPDO_size_14_phome_0.9_ppup_0.0_incrate_0.06_9
VRPDO_size_14_phome_0.9_ppup_0.0_incrate_0.03_9
VRPDO_size_14_phome_0.9_ppup_0.0_incrate_0.12_9
VRPDO_size_15_phome_0.1_ppup_0.0_incrate_0.06_9
VRPDO_size_15_phome_0.1_ppup_0.0_incrate_0.03_9
VRPDO_size_15_phome_0.1_ppup_0.0_incrate_0.12_9
VRPDO_size_15_phome_0.5_ppup_0.0_incrate_0.06_9
VRPDO_size_15_phome_0.5_ppup_0.0_incrate_0.03_9
VRPDO_size_15_phome_0.5_ppup_0.0_incrate_0.12_9
VRPDO_size_15_phome_0.9_ppup_0.0_incrate_0.06_9
VRPDO_size_15_phome_0.9_ppup_0.0_incrate_0.03_9
VRPDO_size_15_phome_0.9_ppup_0.0_incrate_0.12_9
VRPDO_size_16_phome_0.1_ppup_0.0_incrate_0.06_9
VRPDO_size_16_phome_0.1_ppup_0.0_incrate_0.03_9
VRPDO_size_16_phome_0.1_ppup_0.0_incrate_0.12_9
VRPDO_size_16_phome_0.5_ppup_0.0_incrate_0.06_9
VRPDO_size_16_phome_0.5_ppup_0.0_incrate_0.03_9
VRPDO_size_16_phome_0.5_ppup_0.0_incrate_0.12_9
VRPDO_size_16_phome_0.9_ppup_0.0_incrate_0.06_9
VRPDO_size_16_phome_0.9_ppup_0.0_incrate_0.03_9
VRPDO_size_16_phome_0.9_ppup_0.0_incrate_0.12_9
VRPDO_size_17_phome_0.1_ppup_0.0_incrate_0.06_9
VRPDO_size_17_phome_0.1_ppup_0.0_incrate_0.03_9
VRPDO_size_17_phome_0.1_ppup_0.0_incrate_0.12_9
VRPDO_size_17_phome_0.5_ppup_0.0_incrate_0.06_9
VRPDO_size_17_phome_0.5_ppup_0.0_incrate_0.03_9
VRPDO_size_17_phome_0.5_ppup_0.0_incrate_0.12_9
VRPDO_size_17_phome_0.9_ppup_0.0_incrate_0.06_9
VRPDO_size_17_phome_0.9_ppup_0.0_incrate_0.03_9
VRPDO_size_17_phome_0.9_ppup_0.0_incrate_0.12_9
VRPDO_size_18_phome_0.1_ppup_0.0_incrate_0.06_9
VRPDO_size_18_phome_0.1_ppup_0.0_incrate_0.03_9
VRPDO_size_18_phome_0.1_ppup_0.0_incrate_0.12_9
VRPDO_size_18_phome_0.5_ppup_0.0_incrate_0.06_9
VRPDO_size_18_phome_0.5_ppup_0.0_incrate_0.03_9
VRPDO_size_18_phome_0.5_ppup_0.0_incrate_0.12_9
VRPDO_size_18_phome_0.9_ppup_0.0_incrate_0.06_9
VRPDO_size_18_phome_0.9_ppup_0.0_incrate_0.03_9
VRPDO_size_18_phome_0.9_ppup_0.0_incrate_0.12_9
VRPDO_size_19_phome_0.1_ppup_0.0_incrate_0.06_9
VRPDO_size_19_phome_0.1_ppup_0.0_incrate_0.03_9
VRPDO_size_19_phome_0.1_ppup_0.0_incrate_0.12_9
VRPDO_size_19_phome_0.5_ppup_0.0_incrate_0.06_9
VRPDO_size_19_phome_0.5_ppup_0.0_incrate_0.03_9
VRPDO_size_19_phome_0.5_ppup_0.0_incrate_0.12_9
VRPDO_size_19_phome_0.9_ppup_0.0_incrate_0.06_9
VRPDO_size_19_phome_0.9_ppup_0.0_incrate_0.03_9
VRPDO_size_19_phome_0.9_ppup_0.0_incrate_0.12_9
VRPDO_size_20_phome_0.1_ppup_0.0_incrate_0.06_9
VRPDO_size_20_phome_0.1_ppup_0.0_incrate_0.03_9
VRPDO_size_20_phome_0.1_ppup_0.0_incrate_0.12_9
VRPDO_size_20_phome_0.5_ppup_0.0_incrate_0.06_9
VRPDO_size_20_phome_0.5_ppup_0.0_incrate_0.03_9
VRPDO_size_20_phome_0.5_ppup_0.0_incrate_0.12_9
VRPDO_size_20_phome_0.9_ppup_0.0_incrate_0.06_9
VRPDO_size_20_phome_0.9_ppup_0.0_incrate_0.03_9
VRPDO_size_20_phome_0.9_ppup_0.0_incrate_0.12_9
