VRPDO_size_10_phome_0.4_ppup_0.0_incrate_0.03_nrpup1_0
VRPDO_size_10_phome_0.4_ppup_0.0_incrate_0.03_nrpup3_0
VRPDO_size_10_phome_0.4_ppup_0.0_incrate_0.03_nrpup5_0
VRPDO_size_10_phome_0.4_ppup_0.0_incrate_0.12_nrpup1_0
VRPDO_size_10_phome_0.4_ppup_0.0_incrate_0.12_nrpup3_0
VRPDO_size_10_phome_0.4_ppup_0.0_incrate_0.12_nrpup5_0
VRPDO_size_11_phome_0.4_ppup_0.0_incrate_0.03_nrpup1_0
VRPDO_size_11_phome_0.4_ppup_0.0_incrate_0.03_nrpup3_0
VRPDO_size_11_phome_0.4_ppup_0.0_incrate_0.03_nrpup5_0
VRPDO_size_11_phome_0.4_ppup_0.0_incrate_0.12_nrpup1_0
VRPDO_size_11_phome_0.4_ppup_0.0_incrate_0.12_nrpup3_0
VRPDO_size_11_phome_0.4_ppup_0.0_incrate_0.12_nrpup5_0
VRPDO_size_12_phome_0.4_ppup_0.0_incrate_0.03_nrpup1_0
VRPDO_size_12_phome_0.4_ppup_0.0_incrate_0.03_nrpup3_0
VRPDO_size_12_phome_0.4_ppup_0.0_incrate_0.03_nrpup5_0
VRPDO_size_12_phome_0.4_ppup_0.0_incrate_0.12_nrpup1_0
VRPDO_size_12_phome_0.4_ppup_0.0_incrate_0.12_nrpup3_0
VRPDO_size_12_phome_0.4_ppup_0.0_incrate_0.12_nrpup5_0
VRPDO_size_13_phome_0.4_ppup_0.0_incrate_0.03_nrpup1_0
VRPDO_size_13_phome_0.4_ppup_0.0_incrate_0.03_nrpup3_0
VRPDO_size_13_phome_0.4_ppup_0.0_incrate_0.03_nrpup5_0
VRPDO_size_13_phome_0.4_ppup_0.0_incrate_0.12_nrpup1_0
VRPDO_size_13_phome_0.4_ppup_0.0_incrate_0.12_nrpup3_0
VRPDO_size_13_phome_0.4_ppup_0.0_incrate_0.12_nrpup5_0
VRPDO_size_14_phome_0.4_ppup_0.0_incrate_0.03_nrpup1_0
VRPDO_size_14_phome_0.4_ppup_0.0_incrate_0.03_nrpup3_0
VRPDO_size_14_phome_0.4_ppup_0.0_incrate_0.03_nrpup5_0
VRPDO_size_14_phome_0.4_ppup_0.0_incrate_0.12_nrpup1_0
VRPDO_size_14_phome_0.4_ppup_0.0_incrate_0.12_nrpup3_0
VRPDO_size_14_phome_0.4_ppup_0.0_incrate_0.12_nrpup5_0
VRPDO_size_15_phome_0.4_ppup_0.0_incrate_0.03_nrpup1_0
VRPDO_size_15_phome_0.4_ppup_0.0_incrate_0.03_nrpup3_0
VRPDO_size_15_phome_0.4_ppup_0.0_incrate_0.03_nrpup5_0
VRPDO_size_15_phome_0.4_ppup_0.0_incrate_0.12_nrpup1_0
VRPDO_size_15_phome_0.4_ppup_0.0_incrate_0.12_nrpup3_0
VRPDO_size_15_phome_0.4_ppup_0.0_incrate_0.12_nrpup5_0
VRPDO_size_16_phome_0.4_ppup_0.0_incrate_0.03_nrpup1_0
VRPDO_size_16_phome_0.4_ppup_0.0_incrate_0.03_nrpup3_0
VRPDO_size_16_phome_0.4_ppup_0.0_incrate_0.03_nrpup5_0
VRPDO_size_16_phome_0.4_ppup_0.0_incrate_0.12_nrpup1_0
VRPDO_size_16_phome_0.4_ppup_0.0_incrate_0.12_nrpup3_0
VRPDO_size_16_phome_0.4_ppup_0.0_incrate_0.12_nrpup5_0
VRPDO_size_17_phome_0.4_ppup_0.0_incrate_0.03_nrpup1_0
VRPDO_size_17_phome_0.4_ppup_0.0_incrate_0.03_nrpup3_0
VRPDO_size_17_phome_0.4_ppup_0.0_incrate_0.03_nrpup5_0
VRPDO_size_17_phome_0.4_ppup_0.0_incrate_0.12_nrpup1_0
VRPDO_size_17_phome_0.4_ppup_0.0_incrate_0.12_nrpup3_0
VRPDO_size_17_phome_0.4_ppup_0.0_incrate_0.12_nrpup5_0
VRPDO_size_10_phome_0.4_ppup_0.0_incrate_0.03_nrpup1_1
VRPDO_size_10_phome_0.4_ppup_0.0_incrate_0.03_nrpup3_1
VRPDO_size_10_phome_0.4_ppup_0.0_incrate_0.03_nrpup5_1
VRPDO_size_10_phome_0.4_ppup_0.0_incrate_0.12_nrpup1_1
VRPDO_size_10_phome_0.4_ppup_0.0_incrate_0.12_nrpup3_1
VRPDO_size_10_phome_0.4_ppup_0.0_incrate_0.12_nrpup5_1
VRPDO_size_11_phome_0.4_ppup_0.0_incrate_0.03_nrpup1_1
VRPDO_size_11_phome_0.4_ppup_0.0_incrate_0.03_nrpup3_1
VRPDO_size_11_phome_0.4_ppup_0.0_incrate_0.03_nrpup5_1
VRPDO_size_11_phome_0.4_ppup_0.0_incrate_0.12_nrpup1_1
VRPDO_size_11_phome_0.4_ppup_0.0_incrate_0.12_nrpup3_1
VRPDO_size_11_phome_0.4_ppup_0.0_incrate_0.12_nrpup5_1
VRPDO_size_12_phome_0.4_ppup_0.0_incrate_0.03_nrpup1_1
VRPDO_size_12_phome_0.4_ppup_0.0_incrate_0.03_nrpup3_1
VRPDO_size_12_phome_0.4_ppup_0.0_incrate_0.03_nrpup5_1
VRPDO_size_12_phome_0.4_ppup_0.0_incrate_0.12_nrpup1_1
VRPDO_size_12_phome_0.4_ppup_0.0_incrate_0.12_nrpup3_1
VRPDO_size_12_phome_0.4_ppup_0.0_incrate_0.12_nrpup5_1
VRPDO_size_13_phome_0.4_ppup_0.0_incrate_0.03_nrpup1_1
VRPDO_size_13_phome_0.4_ppup_0.0_incrate_0.03_nrpup3_1
VRPDO_size_13_phome_0.4_ppup_0.0_incrate_0.03_nrpup5_1
VRPDO_size_13_phome_0.4_ppup_0.0_incrate_0.12_nrpup1_1
VRPDO_size_13_phome_0.4_ppup_0.0_incrate_0.12_nrpup3_1
VRPDO_size_13_phome_0.4_ppup_0.0_incrate_0.12_nrpup5_1
VRPDO_size_14_phome_0.4_ppup_0.0_incrate_0.03_nrpup1_1
VRPDO_size_14_phome_0.4_ppup_0.0_incrate_0.03_nrpup3_1
VRPDO_size_14_phome_0.4_ppup_0.0_incrate_0.03_nrpup5_1
VRPDO_size_14_phome_0.4_ppup_0.0_incrate_0.12_nrpup1_1
VRPDO_size_14_phome_0.4_ppup_0.0_incrate_0.12_nrpup3_1
VRPDO_size_14_phome_0.4_ppup_0.0_incrate_0.12_nrpup5_1
VRPDO_size_15_phome_0.4_ppup_0.0_incrate_0.03_nrpup1_1
VRPDO_size_15_phome_0.4_ppup_0.0_incrate_0.03_nrpup3_1
VRPDO_size_15_phome_0.4_ppup_0.0_incrate_0.03_nrpup5_1
VRPDO_size_15_phome_0.4_ppup_0.0_incrate_0.12_nrpup1_1
VRPDO_size_15_phome_0.4_ppup_0.0_incrate_0.12_nrpup3_1
VRPDO_size_15_phome_0.4_ppup_0.0_incrate_0.12_nrpup5_1
VRPDO_size_16_phome_0.4_ppup_0.0_incrate_0.03_nrpup1_1
VRPDO_size_16_phome_0.4_ppup_0.0_incrate_0.03_nrpup3_1
VRPDO_size_16_phome_0.4_ppup_0.0_incrate_0.03_nrpup5_1
VRPDO_size_16_phome_0.4_ppup_0.0_incrate_0.12_nrpup1_1
VRPDO_size_16_phome_0.4_ppup_0.0_incrate_0.12_nrpup3_1
VRPDO_size_16_phome_0.4_ppup_0.0_incrate_0.12_nrpup5_1
VRPDO_size_17_phome_0.4_ppup_0.0_incrate_0.03_nrpup1_1
VRPDO_size_17_phome_0.4_ppup_0.0_incrate_0.03_nrpup3_1
VRPDO_size_17_phome_0.4_ppup_0.0_incrate_0.03_nrpup5_1
VRPDO_size_17_phome_0.4_ppup_0.0_incrate_0.12_nrpup1_1
VRPDO_size_17_phome_0.4_ppup_0.0_incrate_0.12_nrpup3_1
VRPDO_size_17_phome_0.4_ppup_0.0_incrate_0.12_nrpup5_1
VRPDO_size_10_phome_0.4_ppup_0.0_incrate_0.03_nrpup1_2
VRPDO_size_10_phome_0.4_ppup_0.0_incrate_0.03_nrpup3_2
VRPDO_size_10_phome_0.4_ppup_0.0_incrate_0.03_nrpup5_2
VRPDO_size_10_phome_0.4_ppup_0.0_incrate_0.12_nrpup1_2
VRPDO_size_10_phome_0.4_ppup_0.0_incrate_0.12_nrpup3_2
VRPDO_size_10_phome_0.4_ppup_0.0_incrate_0.12_nrpup5_2
VRPDO_size_11_phome_0.4_ppup_0.0_incrate_0.03_nrpup1_2
VRPDO_size_11_phome_0.4_ppup_0.0_incrate_0.03_nrpup3_2
VRPDO_size_11_phome_0.4_ppup_0.0_incrate_0.03_nrpup5_2
VRPDO_size_11_phome_0.4_ppup_0.0_incrate_0.12_nrpup1_2
VRPDO_size_11_phome_0.4_ppup_0.0_incrate_0.12_nrpup3_2
VRPDO_size_11_phome_0.4_ppup_0.0_incrate_0.12_nrpup5_2
VRPDO_size_12_phome_0.4_ppup_0.0_incrate_0.03_nrpup1_2
VRPDO_size_12_phome_0.4_ppup_0.0_incrate_0.03_nrpup3_2
VRPDO_size_12_phome_0.4_ppup_0.0_incrate_0.03_nrpup5_2
VRPDO_size_12_phome_0.4_ppup_0.0_incrate_0.12_nrpup1_2
VRPDO_size_12_phome_0.4_ppup_0.0_incrate_0.12_nrpup3_2
VRPDO_size_12_phome_0.4_ppup_0.0_incrate_0.12_nrpup5_2
VRPDO_size_13_phome_0.4_ppup_0.0_incrate_0.03_nrpup1_2
VRPDO_size_13_phome_0.4_ppup_0.0_incrate_0.03_nrpup3_2
VRPDO_size_13_phome_0.4_ppup_0.0_incrate_0.03_nrpup5_2
VRPDO_size_13_phome_0.4_ppup_0.0_incrate_0.12_nrpup1_2
VRPDO_size_13_phome_0.4_ppup_0.0_incrate_0.12_nrpup3_2
VRPDO_size_13_phome_0.4_ppup_0.0_incrate_0.12_nrpup5_2
VRPDO_size_14_phome_0.4_ppup_0.0_incrate_0.03_nrpup1_2
VRPDO_size_14_phome_0.4_ppup_0.0_incrate_0.03_nrpup3_2
VRPDO_size_14_phome_0.4_ppup_0.0_incrate_0.03_nrpup5_2
VRPDO_size_14_phome_0.4_ppup_0.0_incrate_0.12_nrpup1_2
VRPDO_size_14_phome_0.4_ppup_0.0_incrate_0.12_nrpup3_2
VRPDO_size_14_phome_0.4_ppup_0.0_incrate_0.12_nrpup5_2
VRPDO_size_15_phome_0.4_ppup_0.0_incrate_0.03_nrpup1_2
VRPDO_size_15_phome_0.4_ppup_0.0_incrate_0.03_nrpup3_2
VRPDO_size_15_phome_0.4_ppup_0.0_incrate_0.03_nrpup5_2
VRPDO_size_15_phome_0.4_ppup_0.0_incrate_0.12_nrpup1_2
VRPDO_size_15_phome_0.4_ppup_0.0_incrate_0.12_nrpup3_2
VRPDO_size_15_phome_0.4_ppup_0.0_incrate_0.12_nrpup5_2
VRPDO_size_16_phome_0.4_ppup_0.0_incrate_0.03_nrpup1_2
VRPDO_size_16_phome_0.4_ppup_0.0_incrate_0.03_nrpup3_2
VRPDO_size_16_phome_0.4_ppup_0.0_incrate_0.03_nrpup5_2
VRPDO_size_16_phome_0.4_ppup_0.0_incrate_0.12_nrpup1_2
VRPDO_size_16_phome_0.4_ppup_0.0_incrate_0.12_nrpup3_2
VRPDO_size_16_phome_0.4_ppup_0.0_incrate_0.12_nrpup5_2
VRPDO_size_17_phome_0.4_ppup_0.0_incrate_0.03_nrpup1_2
VRPDO_size_17_phome_0.4_ppup_0.0_incrate_0.03_nrpup3_2
VRPDO_size_17_phome_0.4_ppup_0.0_incrate_0.03_nrpup5_2
VRPDO_size_17_phome_0.4_ppup_0.0_incrate_0.12_nrpup1_2
VRPDO_size_17_phome_0.4_ppup_0.0_incrate_0.12_nrpup3_2
VRPDO_size_17_phome_0.4_ppup_0.0_incrate_0.12_nrpup5_2
VRPDO_size_10_phome_0.4_ppup_0.0_incrate_0.03_nrpup1_3
VRPDO_size_10_phome_0.4_ppup_0.0_incrate_0.03_nrpup3_3
VRPDO_size_10_phome_0.4_ppup_0.0_incrate_0.03_nrpup5_3
VRPDO_size_10_phome_0.4_ppup_0.0_incrate_0.12_nrpup1_3
VRPDO_size_10_phome_0.4_ppup_0.0_incrate_0.12_nrpup3_3
VRPDO_size_10_phome_0.4_ppup_0.0_incrate_0.12_nrpup5_3
VRPDO_size_11_phome_0.4_ppup_0.0_incrate_0.03_nrpup1_3
VRPDO_size_11_phome_0.4_ppup_0.0_incrate_0.03_nrpup3_3
VRPDO_size_11_phome_0.4_ppup_0.0_incrate_0.03_nrpup5_3
VRPDO_size_11_phome_0.4_ppup_0.0_incrate_0.12_nrpup1_3
VRPDO_size_11_phome_0.4_ppup_0.0_incrate_0.12_nrpup3_3
VRPDO_size_11_phome_0.4_ppup_0.0_incrate_0.12_nrpup5_3
VRPDO_size_12_phome_0.4_ppup_0.0_incrate_0.03_nrpup1_3
VRPDO_size_12_phome_0.4_ppup_0.0_incrate_0.03_nrpup3_3
VRPDO_size_12_phome_0.4_ppup_0.0_incrate_0.03_nrpup5_3
VRPDO_size_12_phome_0.4_ppup_0.0_incrate_0.12_nrpup1_3
VRPDO_size_12_phome_0.4_ppup_0.0_incrate_0.12_nrpup3_3
VRPDO_size_12_phome_0.4_ppup_0.0_incrate_0.12_nrpup5_3
VRPDO_size_13_phome_0.4_ppup_0.0_incrate_0.03_nrpup1_3
VRPDO_size_13_phome_0.4_ppup_0.0_incrate_0.03_nrpup3_3
VRPDO_size_13_phome_0.4_ppup_0.0_incrate_0.03_nrpup5_3
VRPDO_size_13_phome_0.4_ppup_0.0_incrate_0.12_nrpup1_3
VRPDO_size_13_phome_0.4_ppup_0.0_incrate_0.12_nrpup3_3
VRPDO_size_13_phome_0.4_ppup_0.0_incrate_0.12_nrpup5_3
VRPDO_size_14_phome_0.4_ppup_0.0_incrate_0.03_nrpup1_3
VRPDO_size_14_phome_0.4_ppup_0.0_incrate_0.03_nrpup3_3
VRPDO_size_14_phome_0.4_ppup_0.0_incrate_0.03_nrpup5_3
VRPDO_size_14_phome_0.4_ppup_0.0_incrate_0.12_nrpup1_3
VRPDO_size_14_phome_0.4_ppup_0.0_incrate_0.12_nrpup3_3
VRPDO_size_14_phome_0.4_ppup_0.0_incrate_0.12_nrpup5_3
VRPDO_size_15_phome_0.4_ppup_0.0_incrate_0.03_nrpup1_3
VRPDO_size_15_phome_0.4_ppup_0.0_incrate_0.03_nrpup3_3
VRPDO_size_15_phome_0.4_ppup_0.0_incrate_0.03_nrpup5_3
VRPDO_size_15_phome_0.4_ppup_0.0_incrate_0.12_nrpup1_3
VRPDO_size_15_phome_0.4_ppup_0.0_incrate_0.12_nrpup3_3
VRPDO_size_15_phome_0.4_ppup_0.0_incrate_0.12_nrpup5_3
VRPDO_size_16_phome_0.4_ppup_0.0_incrate_0.03_nrpup1_3
VRPDO_size_16_phome_0.4_ppup_0.0_incrate_0.03_nrpup3_3
VRPDO_size_16_phome_0.4_ppup_0.0_incrate_0.03_nrpup5_3
VRPDO_size_16_phome_0.4_ppup_0.0_incrate_0.12_nrpup1_3
VRPDO_size_16_phome_0.4_ppup_0.0_incrate_0.12_nrpup3_3
VRPDO_size_16_phome_0.4_ppup_0.0_incrate_0.12_nrpup5_3
VRPDO_size_17_phome_0.4_ppup_0.0_incrate_0.03_nrpup1_3
VRPDO_size_17_phome_0.4_ppup_0.0_incrate_0.03_nrpup3_3
VRPDO_size_17_phome_0.4_ppup_0.0_incrate_0.03_nrpup5_3
VRPDO_size_17_phome_0.4_ppup_0.0_incrate_0.12_nrpup1_3
VRPDO_size_17_phome_0.4_ppup_0.0_incrate_0.12_nrpup3_3
VRPDO_size_17_phome_0.4_ppup_0.0_incrate_0.12_nrpup5_3
VRPDO_size_10_phome_0.4_ppup_0.0_incrate_0.03_nrpup1_4
VRPDO_size_10_phome_0.4_ppup_0.0_incrate_0.03_nrpup3_4
VRPDO_size_10_phome_0.4_ppup_0.0_incrate_0.03_nrpup5_4
VRPDO_size_10_phome_0.4_ppup_0.0_incrate_0.12_nrpup1_4
VRPDO_size_10_phome_0.4_ppup_0.0_incrate_0.12_nrpup3_4
VRPDO_size_10_phome_0.4_ppup_0.0_incrate_0.12_nrpup5_4
VRPDO_size_11_phome_0.4_ppup_0.0_incrate_0.03_nrpup1_4
VRPDO_size_11_phome_0.4_ppup_0.0_incrate_0.03_nrpup3_4
VRPDO_size_11_phome_0.4_ppup_0.0_incrate_0.03_nrpup5_4
VRPDO_size_11_phome_0.4_ppup_0.0_incrate_0.12_nrpup1_4
VRPDO_size_11_phome_0.4_ppup_0.0_incrate_0.12_nrpup3_4
VRPDO_size_11_phome_0.4_ppup_0.0_incrate_0.12_nrpup5_4
VRPDO_size_12_phome_0.4_ppup_0.0_incrate_0.03_nrpup1_4
VRPDO_size_12_phome_0.4_ppup_0.0_incrate_0.03_nrpup3_4
VRPDO_size_12_phome_0.4_ppup_0.0_incrate_0.03_nrpup5_4
VRPDO_size_12_phome_0.4_ppup_0.0_incrate_0.12_nrpup1_4
VRPDO_size_12_phome_0.4_ppup_0.0_incrate_0.12_nrpup3_4
VRPDO_size_12_phome_0.4_ppup_0.0_incrate_0.12_nrpup5_4
VRPDO_size_13_phome_0.4_ppup_0.0_incrate_0.03_nrpup1_4
VRPDO_size_13_phome_0.4_ppup_0.0_incrate_0.03_nrpup3_4
VRPDO_size_13_phome_0.4_ppup_0.0_incrate_0.03_nrpup5_4
VRPDO_size_13_phome_0.4_ppup_0.0_incrate_0.12_nrpup1_4
VRPDO_size_13_phome_0.4_ppup_0.0_incrate_0.12_nrpup3_4
VRPDO_size_13_phome_0.4_ppup_0.0_incrate_0.12_nrpup5_4
VRPDO_size_14_phome_0.4_ppup_0.0_incrate_0.03_nrpup1_4
VRPDO_size_14_phome_0.4_ppup_0.0_incrate_0.03_nrpup3_4
VRPDO_size_14_phome_0.4_ppup_0.0_incrate_0.03_nrpup5_4
VRPDO_size_14_phome_0.4_ppup_0.0_incrate_0.12_nrpup1_4
VRPDO_size_14_phome_0.4_ppup_0.0_incrate_0.12_nrpup3_4
VRPDO_size_14_phome_0.4_ppup_0.0_incrate_0.12_nrpup5_4
VRPDO_size_15_phome_0.4_ppup_0.0_incrate_0.03_nrpup1_4
VRPDO_size_15_phome_0.4_ppup_0.0_incrate_0.03_nrpup3_4
VRPDO_size_15_phome_0.4_ppup_0.0_incrate_0.03_nrpup5_4
VRPDO_size_15_phome_0.4_ppup_0.0_incrate_0.12_nrpup1_4
VRPDO_size_15_phome_0.4_ppup_0.0_incrate_0.12_nrpup3_4
VRPDO_size_15_phome_0.4_ppup_0.0_incrate_0.12_nrpup5_4
VRPDO_size_16_phome_0.4_ppup_0.0_incrate_0.03_nrpup1_4
VRPDO_size_16_phome_0.4_ppup_0.0_incrate_0.03_nrpup3_4
VRPDO_size_16_phome_0.4_ppup_0.0_incrate_0.03_nrpup5_4
VRPDO_size_16_phome_0.4_ppup_0.0_incrate_0.12_nrpup1_4
VRPDO_size_16_phome_0.4_ppup_0.0_incrate_0.12_nrpup3_4
VRPDO_size_16_phome_0.4_ppup_0.0_incrate_0.12_nrpup5_4
VRPDO_size_17_phome_0.4_ppup_0.0_incrate_0.03_nrpup1_4
VRPDO_size_17_phome_0.4_ppup_0.0_incrate_0.03_nrpup3_4
VRPDO_size_17_phome_0.4_ppup_0.0_incrate_0.03_nrpup5_4
VRPDO_size_17_phome_0.4_ppup_0.0_incrate_0.12_nrpup1_4
VRPDO_size_17_phome_0.4_ppup_0.0_incrate_0.12_nrpup3_4
VRPDO_size_17_phome_0.4_ppup_0.0_incrate_0.12_nrpup5_4
VRPDO_size_10_phome_0.1_ppup_0.0_incrate_0.06_nrpup1_0
VRPDO_size_10_phome_0.1_ppup_0.0_incrate_0.06_nrpup3_0
VRPDO_size_10_phome_0.1_ppup_0.0_incrate_0.06_nrpup5_0
VRPDO_size_10_phome_0.4_ppup_0.0_incrate_0.06_nrpup1_0
VRPDO_size_10_phome_0.4_ppup_0.0_incrate_0.06_nrpup3_0
VRPDO_size_10_phome_0.4_ppup_0.0_incrate_0.06_nrpup5_0
VRPDO_size_10_phome_0.7_ppup_0.0_incrate_0.06_nrpup1_0
VRPDO_size_10_phome_0.7_ppup_0.0_incrate_0.06_nrpup3_0
VRPDO_size_10_phome_0.7_ppup_0.0_incrate_0.06_nrpup5_0
VRPDO_size_11_phome_0.1_ppup_0.0_incrate_0.06_nrpup1_0
VRPDO_size_11_phome_0.1_ppup_0.0_incrate_0.06_nrpup3_0
VRPDO_size_11_phome_0.1_ppup_0.0_incrate_0.06_nrpup5_0
VRPDO_size_11_phome_0.4_ppup_0.0_incrate_0.06_nrpup1_0
VRPDO_size_11_phome_0.4_ppup_0.0_incrate_0.06_nrpup3_0
VRPDO_size_11_phome_0.4_ppup_0.0_incrate_0.06_nrpup5_0
VRPDO_size_11_phome_0.7_ppup_0.0_incrate_0.06_nrpup1_0
VRPDO_size_11_phome_0.7_ppup_0.0_incrate_0.06_nrpup3_0
VRPDO_size_11_phome_0.7_ppup_0.0_incrate_0.06_nrpup5_0
VRPDO_size_12_phome_0.1_ppup_0.0_incrate_0.06_nrpup1_0
VRPDO_size_12_phome_0.1_ppup_0.0_incrate_0.06_nrpup3_0
VRPDO_size_12_phome_0.1_ppup_0.0_incrate_0.06_nrpup5_0
VRPDO_size_12_phome_0.4_ppup_0.0_incrate_0.06_nrpup1_0
VRPDO_size_12_phome_0.4_ppup_0.0_incrate_0.06_nrpup3_0
VRPDO_size_12_phome_0.4_ppup_0.0_incrate_0.06_nrpup5_0
VRPDO_size_12_phome_0.7_ppup_0.0_incrate_0.06_nrpup1_0
VRPDO_size_12_phome_0.7_ppup_0.0_incrate_0.06_nrpup3_0
VRPDO_size_12_phome_0.7_ppup_0.0_incrate_0.06_nrpup5_0
VRPDO_size_13_phome_0.1_ppup_0.0_incrate_0.06_nrpup1_0
VRPDO_size_13_phome_0.1_ppup_0.0_incrate_0.06_nrpup3_0
VRPDO_size_13_phome_0.1_ppup_0.0_incrate_0.06_nrpup5_0
VRPDO_size_13_phome_0.4_ppup_0.0_incrate_0.06_nrpup1_0
VRPDO_size_13_phome_0.4_ppup_0.0_incrate_0.06_nrpup3_0
VRPDO_size_13_phome_0.4_ppup_0.0_incrate_0.06_nrpup5_0
VRPDO_size_13_phome_0.7_ppup_0.0_incrate_0.06_nrpup1_0
VRPDO_size_13_phome_0.7_ppup_0.0_incrate_0.06_nrpup3_0
VRPDO_size_13_phome_0.7_ppup_0.0_incrate_0.06_nrpup5_0
VRPDO_size_14_phome_0.1_ppup_0.0_incrate_0.06_nrpup1_0
VRPDO_size_14_phome_0.1_ppup_0.0_incrate_0.06_nrpup3_0
VRPDO_size_14_phome_0.1_ppup_0.0_incrate_0.06_nrpup5_0
VRPDO_size_14_phome_0.4_ppup_0.0_incrate_0.06_nrpup1_0
VRPDO_size_14_phome_0.4_ppup_0.0_incrate_0.06_nrpup3_0
VRPDO_size_14_phome_0.4_ppup_0.0_incrate_0.06_nrpup5_0
VRPDO_size_14_phome_0.7_ppup_0.0_incrate_0.06_nrpup1_0
VRPDO_size_14_phome_0.7_ppup_0.0_incrate_0.06_nrpup3_0
VRPDO_size_14_phome_0.7_ppup_0.0_incrate_0.06_nrpup5_0
VRPDO_size_15_phome_0.1_ppup_0.0_incrate_0.06_nrpup1_0
VRPDO_size_15_phome_0.1_ppup_0.0_incrate_0.06_nrpup3_0
VRPDO_size_15_phome_0.1_ppup_0.0_incrate_0.06_nrpup5_0
VRPDO_size_15_phome_0.4_ppup_0.0_incrate_0.06_nrpup1_0
VRPDO_size_15_phome_0.4_ppup_0.0_incrate_0.06_nrpup3_0
VRPDO_size_15_phome_0.4_ppup_0.0_incrate_0.06_nrpup5_0
VRPDO_size_15_phome_0.7_ppup_0.0_incrate_0.06_nrpup1_0
VRPDO_size_15_phome_0.7_ppup_0.0_incrate_0.06_nrpup3_0
VRPDO_size_15_phome_0.7_ppup_0.0_incrate_0.06_nrpup5_0
VRPDO_size_16_phome_0.1_ppup_0.0_incrate_0.06_nrpup1_0
VRPDO_size_16_phome_0.1_ppup_0.0_incrate_0.06_nrpup3_0
VRPDO_size_16_phome_0.1_ppup_0.0_incrate_0.06_nrpup5_0
VRPDO_size_16_phome_0.4_ppup_0.0_incrate_0.06_nrpup1_0
VRPDO_size_16_phome_0.4_ppup_0.0_incrate_0.06_nrpup3_0
VRPDO_size_16_phome_0.4_ppup_0.0_incrate_0.06_nrpup5_0
VRPDO_size_16_phome_0.7_ppup_0.0_incrate_0.06_nrpup1_0
VRPDO_size_16_phome_0.7_ppup_0.0_incrate_0.06_nrpup3_0
VRPDO_size_16_phome_0.7_ppup_0.0_incrate_0.06_nrpup5_0
VRPDO_size_17_phome_0.1_ppup_0.0_incrate_0.06_nrpup1_0
VRPDO_size_17_phome_0.1_ppup_0.0_incrate_0.06_nrpup3_0
VRPDO_size_17_phome_0.1_ppup_0.0_incrate_0.06_nrpup5_0
VRPDO_size_17_phome_0.4_ppup_0.0_incrate_0.06_nrpup1_0
VRPDO_size_17_phome_0.4_ppup_0.0_incrate_0.06_nrpup3_0
VRPDO_size_17_phome_0.4_ppup_0.0_incrate_0.06_nrpup5_0
VRPDO_size_17_phome_0.7_ppup_0.0_incrate_0.06_nrpup1_0
VRPDO_size_17_phome_0.7_ppup_0.0_incrate_0.06_nrpup3_0
VRPDO_size_17_phome_0.7_ppup_0.0_incrate_0.06_nrpup5_0
VRPDO_size_10_phome_0.1_ppup_0.0_incrate_0.06_nrpup1_1
VRPDO_size_10_phome_0.1_ppup_0.0_incrate_0.06_nrpup3_1
VRPDO_size_10_phome_0.1_ppup_0.0_incrate_0.06_nrpup5_1
VRPDO_size_10_phome_0.4_ppup_0.0_incrate_0.06_nrpup1_1
VRPDO_size_10_phome_0.4_ppup_0.0_incrate_0.06_nrpup3_1
VRPDO_size_10_phome_0.4_ppup_0.0_incrate_0.06_nrpup5_1
VRPDO_size_10_phome_0.7_ppup_0.0_incrate_0.06_nrpup1_1
VRPDO_size_10_phome_0.7_ppup_0.0_incrate_0.06_nrpup3_1
VRPDO_size_10_phome_0.7_ppup_0.0_incrate_0.06_nrpup5_1
VRPDO_size_11_phome_0.1_ppup_0.0_incrate_0.06_nrpup1_1
VRPDO_size_11_phome_0.1_ppup_0.0_incrate_0.06_nrpup3_1
VRPDO_size_11_phome_0.1_ppup_0.0_incrate_0.06_nrpup5_1
VRPDO_size_11_phome_0.4_ppup_0.0_incrate_0.06_nrpup1_1
VRPDO_size_11_phome_0.4_ppup_0.0_incrate_0.06_nrpup3_1
VRPDO_size_11_phome_0.4_ppup_0.0_incrate_0.06_nrpup5_1
VRPDO_size_11_phome_0.7_ppup_0.0_incrate_0.06_nrpup1_1
VRPDO_size_11_phome_0.7_ppup_0.0_incrate_0.06_nrpup3_1
VRPDO_size_11_phome_0.7_ppup_0.0_incrate_0.06_nrpup5_1
VRPDO_size_12_phome_0.1_ppup_0.0_incrate_0.06_nrpup1_1
VRPDO_size_12_phome_0.1_ppup_0.0_incrate_0.06_nrpup3_1
VRPDO_size_12_phome_0.1_ppup_0.0_incrate_0.06_nrpup5_1
VRPDO_size_12_phome_0.4_ppup_0.0_incrate_0.06_nrpup1_1
VRPDO_size_12_phome_0.4_ppup_0.0_incrate_0.06_nrpup3_1
VRPDO_size_12_phome_0.4_ppup_0.0_incrate_0.06_nrpup5_1
VRPDO_size_12_phome_0.7_ppup_0.0_incrate_0.06_nrpup1_1
VRPDO_size_12_phome_0.7_ppup_0.0_incrate_0.06_nrpup3_1
VRPDO_size_12_phome_0.7_ppup_0.0_incrate_0.06_nrpup5_1
VRPDO_size_13_phome_0.1_ppup_0.0_incrate_0.06_nrpup1_1
VRPDO_size_13_phome_0.1_ppup_0.0_incrate_0.06_nrpup3_1
VRPDO_size_13_phome_0.1_ppup_0.0_incrate_0.06_nrpup5_1
VRPDO_size_13_phome_0.4_ppup_0.0_incrate_0.06_nrpup1_1
VRPDO_size_13_phome_0.4_ppup_0.0_incrate_0.06_nrpup3_1
VRPDO_size_13_phome_0.4_ppup_0.0_incrate_0.06_nrpup5_1
VRPDO_size_13_phome_0.7_ppup_0.0_incrate_0.06_nrpup1_1
VRPDO_size_13_phome_0.7_ppup_0.0_incrate_0.06_nrpup3_1
VRPDO_size_13_phome_0.7_ppup_0.0_incrate_0.06_nrpup5_1
VRPDO_size_14_phome_0.1_ppup_0.0_incrate_0.06_nrpup1_1
VRPDO_size_14_phome_0.1_ppup_0.0_incrate_0.06_nrpup3_1
VRPDO_size_14_phome_0.1_ppup_0.0_incrate_0.06_nrpup5_1
VRPDO_size_14_phome_0.4_ppup_0.0_incrate_0.06_nrpup1_1
VRPDO_size_14_phome_0.4_ppup_0.0_incrate_0.06_nrpup3_1
VRPDO_size_14_phome_0.4_ppup_0.0_incrate_0.06_nrpup5_1
VRPDO_size_14_phome_0.7_ppup_0.0_incrate_0.06_nrpup1_1
VRPDO_size_14_phome_0.7_ppup_0.0_incrate_0.06_nrpup3_1
VRPDO_size_14_phome_0.7_ppup_0.0_incrate_0.06_nrpup5_1
VRPDO_size_15_phome_0.1_ppup_0.0_incrate_0.06_nrpup1_1
VRPDO_size_15_phome_0.1_ppup_0.0_incrate_0.06_nrpup3_1
VRPDO_size_15_phome_0.1_ppup_0.0_incrate_0.06_nrpup5_1
VRPDO_size_15_phome_0.4_ppup_0.0_incrate_0.06_nrpup1_1
VRPDO_size_15_phome_0.4_ppup_0.0_incrate_0.06_nrpup3_1
VRPDO_size_15_phome_0.4_ppup_0.0_incrate_0.06_nrpup5_1
VRPDO_size_15_phome_0.7_ppup_0.0_incrate_0.06_nrpup1_1
VRPDO_size_15_phome_0.7_ppup_0.0_incrate_0.06_nrpup3_1
VRPDO_size_15_phome_0.7_ppup_0.0_incrate_0.06_nrpup5_1
VRPDO_size_16_phome_0.1_ppup_0.0_incrate_0.06_nrpup1_1
VRPDO_size_16_phome_0.1_ppup_0.0_incrate_0.06_nrpup3_1
VRPDO_size_16_phome_0.1_ppup_0.0_incrate_0.06_nrpup5_1
VRPDO_size_16_phome_0.4_ppup_0.0_incrate_0.06_nrpup1_1
VRPDO_size_16_phome_0.4_ppup_0.0_incrate_0.06_nrpup3_1
VRPDO_size_16_phome_0.4_ppup_0.0_incrate_0.06_nrpup5_1
VRPDO_size_16_phome_0.7_ppup_0.0_incrate_0.06_nrpup1_1
VRPDO_size_16_phome_0.7_ppup_0.0_incrate_0.06_nrpup3_1
VRPDO_size_16_phome_0.7_ppup_0.0_incrate_0.06_nrpup5_1
VRPDO_size_17_phome_0.1_ppup_0.0_incrate_0.06_nrpup1_1
VRPDO_size_17_phome_0.1_ppup_0.0_incrate_0.06_nrpup3_1
VRPDO_size_17_phome_0.1_ppup_0.0_incrate_0.06_nrpup5_1
VRPDO_size_17_phome_0.4_ppup_0.0_incrate_0.06_nrpup1_1
VRPDO_size_17_phome_0.4_ppup_0.0_incrate_0.06_nrpup3_1
VRPDO_size_17_phome_0.4_ppup_0.0_incrate_0.06_nrpup5_1
VRPDO_size_17_phome_0.7_ppup_0.0_incrate_0.06_nrpup1_1
VRPDO_size_17_phome_0.7_ppup_0.0_incrate_0.06_nrpup3_1
VRPDO_size_17_phome_0.7_ppup_0.0_incrate_0.06_nrpup5_1
VRPDO_size_10_phome_0.1_ppup_0.0_incrate_0.06_nrpup1_2
VRPDO_size_10_phome_0.1_ppup_0.0_incrate_0.06_nrpup3_2
VRPDO_size_10_phome_0.1_ppup_0.0_incrate_0.06_nrpup5_2
VRPDO_size_10_phome_0.4_ppup_0.0_incrate_0.06_nrpup1_2
VRPDO_size_10_phome_0.4_ppup_0.0_incrate_0.06_nrpup3_2
VRPDO_size_10_phome_0.4_ppup_0.0_incrate_0.06_nrpup5_2
VRPDO_size_10_phome_0.7_ppup_0.0_incrate_0.06_nrpup1_2
VRPDO_size_10_phome_0.7_ppup_0.0_incrate_0.06_nrpup3_2
VRPDO_size_10_phome_0.7_ppup_0.0_incrate_0.06_nrpup5_2
VRPDO_size_11_phome_0.1_ppup_0.0_incrate_0.06_nrpup1_2
VRPDO_size_11_phome_0.1_ppup_0.0_incrate_0.06_nrpup3_2
VRPDO_size_11_phome_0.1_ppup_0.0_incrate_0.06_nrpup5_2
VRPDO_size_11_phome_0.4_ppup_0.0_incrate_0.06_nrpup1_2
VRPDO_size_11_phome_0.4_ppup_0.0_incrate_0.06_nrpup3_2
VRPDO_size_11_phome_0.4_ppup_0.0_incrate_0.06_nrpup5_2
VRPDO_size_11_phome_0.7_ppup_0.0_incrate_0.06_nrpup1_2
VRPDO_size_11_phome_0.7_ppup_0.0_incrate_0.06_nrpup3_2
VRPDO_size_11_phome_0.7_ppup_0.0_incrate_0.06_nrpup5_2
VRPDO_size_12_phome_0.1_ppup_0.0_incrate_0.06_nrpup1_2
VRPDO_size_12_phome_0.1_ppup_0.0_incrate_0.06_nrpup3_2
VRPDO_size_12_phome_0.1_ppup_0.0_incrate_0.06_nrpup5_2
VRPDO_size_12_phome_0.4_ppup_0.0_incrate_0.06_nrpup1_2
VRPDO_size_12_phome_0.4_ppup_0.0_incrate_0.06_nrpup3_2
VRPDO_size_12_phome_0.4_ppup_0.0_incrate_0.06_nrpup5_2
VRPDO_size_12_phome_0.7_ppup_0.0_incrate_0.06_nrpup1_2
VRPDO_size_12_phome_0.7_ppup_0.0_incrate_0.06_nrpup3_2
VRPDO_size_12_phome_0.7_ppup_0.0_incrate_0.06_nrpup5_2
VRPDO_size_13_phome_0.1_ppup_0.0_incrate_0.06_nrpup1_2
VRPDO_size_13_phome_0.1_ppup_0.0_incrate_0.06_nrpup3_2
VRPDO_size_13_phome_0.1_ppup_0.0_incrate_0.06_nrpup5_2
VRPDO_size_13_phome_0.4_ppup_0.0_incrate_0.06_nrpup1_2
VRPDO_size_13_phome_0.4_ppup_0.0_incrate_0.06_nrpup3_2
VRPDO_size_13_phome_0.4_ppup_0.0_incrate_0.06_nrpup5_2
VRPDO_size_13_phome_0.7_ppup_0.0_incrate_0.06_nrpup1_2
VRPDO_size_13_phome_0.7_ppup_0.0_incrate_0.06_nrpup3_2
VRPDO_size_13_phome_0.7_ppup_0.0_incrate_0.06_nrpup5_2
VRPDO_size_14_phome_0.1_ppup_0.0_incrate_0.06_nrpup1_2
VRPDO_size_14_phome_0.1_ppup_0.0_incrate_0.06_nrpup3_2
VRPDO_size_14_phome_0.1_ppup_0.0_incrate_0.06_nrpup5_2
VRPDO_size_14_phome_0.4_ppup_0.0_incrate_0.06_nrpup1_2
VRPDO_size_14_phome_0.4_ppup_0.0_incrate_0.06_nrpup3_2
VRPDO_size_14_phome_0.4_ppup_0.0_incrate_0.06_nrpup5_2
VRPDO_size_14_phome_0.7_ppup_0.0_incrate_0.06_nrpup1_2
VRPDO_size_14_phome_0.7_ppup_0.0_incrate_0.06_nrpup3_2
VRPDO_size_14_phome_0.7_ppup_0.0_incrate_0.06_nrpup5_2
VRPDO_size_15_phome_0.1_ppup_0.0_incrate_0.06_nrpup1_2
VRPDO_size_15_phome_0.1_ppup_0.0_incrate_0.06_nrpup3_2
VRPDO_size_15_phome_0.1_ppup_0.0_incrate_0.06_nrpup5_2
VRPDO_size_15_phome_0.4_ppup_0.0_incrate_0.06_nrpup1_2
VRPDO_size_15_phome_0.4_ppup_0.0_incrate_0.06_nrpup3_2
VRPDO_size_15_phome_0.4_ppup_0.0_incrate_0.06_nrpup5_2
VRPDO_size_15_phome_0.7_ppup_0.0_incrate_0.06_nrpup1_2
VRPDO_size_15_phome_0.7_ppup_0.0_incrate_0.06_nrpup3_2
VRPDO_size_15_phome_0.7_ppup_0.0_incrate_0.06_nrpup5_2
VRPDO_size_16_phome_0.1_ppup_0.0_incrate_0.06_nrpup1_2
VRPDO_size_16_phome_0.1_ppup_0.0_incrate_0.06_nrpup3_2
VRPDO_size_16_phome_0.1_ppup_0.0_incrate_0.06_nrpup5_2
VRPDO_size_16_phome_0.4_ppup_0.0_incrate_0.06_nrpup1_2
VRPDO_size_16_phome_0.4_ppup_0.0_incrate_0.06_nrpup3_2
VRPDO_size_16_phome_0.4_ppup_0.0_incrate_0.06_nrpup5_2
VRPDO_size_16_phome_0.7_ppup_0.0_incrate_0.06_nrpup1_2
VRPDO_size_16_phome_0.7_ppup_0.0_incrate_0.06_nrpup3_2
VRPDO_size_16_phome_0.7_ppup_0.0_incrate_0.06_nrpup5_2
VRPDO_size_17_phome_0.1_ppup_0.0_incrate_0.06_nrpup1_2
VRPDO_size_17_phome_0.1_ppup_0.0_incrate_0.06_nrpup3_2
VRPDO_size_17_phome_0.1_ppup_0.0_incrate_0.06_nrpup5_2
VRPDO_size_17_phome_0.4_ppup_0.0_incrate_0.06_nrpup1_2
VRPDO_size_17_phome_0.4_ppup_0.0_incrate_0.06_nrpup3_2
VRPDO_size_17_phome_0.4_ppup_0.0_incrate_0.06_nrpup5_2
VRPDO_size_17_phome_0.7_ppup_0.0_incrate_0.06_nrpup1_2
VRPDO_size_17_phome_0.7_ppup_0.0_incrate_0.06_nrpup3_2
VRPDO_size_17_phome_0.7_ppup_0.0_incrate_0.06_nrpup5_2
VRPDO_size_10_phome_0.1_ppup_0.0_incrate_0.06_nrpup1_3
VRPDO_size_10_phome_0.1_ppup_0.0_incrate_0.06_nrpup3_3
VRPDO_size_10_phome_0.1_ppup_0.0_incrate_0.06_nrpup5_3
VRPDO_size_10_phome_0.4_ppup_0.0_incrate_0.06_nrpup1_3
VRPDO_size_10_phome_0.4_ppup_0.0_incrate_0.06_nrpup3_3
VRPDO_size_10_phome_0.4_ppup_0.0_incrate_0.06_nrpup5_3
VRPDO_size_10_phome_0.7_ppup_0.0_incrate_0.06_nrpup1_3
VRPDO_size_10_phome_0.7_ppup_0.0_incrate_0.06_nrpup3_3
VRPDO_size_10_phome_0.7_ppup_0.0_incrate_0.06_nrpup5_3
VRPDO_size_11_phome_0.1_ppup_0.0_incrate_0.06_nrpup1_3
VRPDO_size_11_phome_0.1_ppup_0.0_incrate_0.06_nrpup3_3
VRPDO_size_11_phome_0.1_ppup_0.0_incrate_0.06_nrpup5_3
VRPDO_size_11_phome_0.4_ppup_0.0_incrate_0.06_nrpup1_3
VRPDO_size_11_phome_0.4_ppup_0.0_incrate_0.06_nrpup3_3
VRPDO_size_11_phome_0.4_ppup_0.0_incrate_0.06_nrpup5_3
VRPDO_size_11_phome_0.7_ppup_0.0_incrate_0.06_nrpup1_3
VRPDO_size_11_phome_0.7_ppup_0.0_incrate_0.06_nrpup3_3
VRPDO_size_11_phome_0.7_ppup_0.0_incrate_0.06_nrpup5_3
VRPDO_size_12_phome_0.1_ppup_0.0_incrate_0.06_nrpup1_3
VRPDO_size_12_phome_0.1_ppup_0.0_incrate_0.06_nrpup3_3
VRPDO_size_12_phome_0.1_ppup_0.0_incrate_0.06_nrpup5_3
VRPDO_size_12_phome_0.4_ppup_0.0_incrate_0.06_nrpup1_3
VRPDO_size_12_phome_0.4_ppup_0.0_incrate_0.06_nrpup3_3
VRPDO_size_12_phome_0.4_ppup_0.0_incrate_0.06_nrpup5_3
VRPDO_size_12_phome_0.7_ppup_0.0_incrate_0.06_nrpup1_3
VRPDO_size_12_phome_0.7_ppup_0.0_incrate_0.06_nrpup3_3
VRPDO_size_12_phome_0.7_ppup_0.0_incrate_0.06_nrpup5_3
VRPDO_size_13_phome_0.1_ppup_0.0_incrate_0.06_nrpup1_3
VRPDO_size_13_phome_0.1_ppup_0.0_incrate_0.06_nrpup3_3
VRPDO_size_13_phome_0.1_ppup_0.0_incrate_0.06_nrpup5_3
VRPDO_size_13_phome_0.4_ppup_0.0_incrate_0.06_nrpup1_3
VRPDO_size_13_phome_0.4_ppup_0.0_incrate_0.06_nrpup3_3
VRPDO_size_13_phome_0.4_ppup_0.0_incrate_0.06_nrpup5_3
VRPDO_size_13_phome_0.7_ppup_0.0_incrate_0.06_nrpup1_3
VRPDO_size_13_phome_0.7_ppup_0.0_incrate_0.06_nrpup3_3
VRPDO_size_13_phome_0.7_ppup_0.0_incrate_0.06_nrpup5_3
VRPDO_size_14_phome_0.1_ppup_0.0_incrate_0.06_nrpup1_3
VRPDO_size_14_phome_0.1_ppup_0.0_incrate_0.06_nrpup3_3
VRPDO_size_14_phome_0.1_ppup_0.0_incrate_0.06_nrpup5_3
VRPDO_size_14_phome_0.4_ppup_0.0_incrate_0.06_nrpup1_3
VRPDO_size_14_phome_0.4_ppup_0.0_incrate_0.06_nrpup3_3
VRPDO_size_14_phome_0.4_ppup_0.0_incrate_0.06_nrpup5_3
VRPDO_size_14_phome_0.7_ppup_0.0_incrate_0.06_nrpup1_3
VRPDO_size_14_phome_0.7_ppup_0.0_incrate_0.06_nrpup3_3
VRPDO_size_14_phome_0.7_ppup_0.0_incrate_0.06_nrpup5_3
VRPDO_size_15_phome_0.1_ppup_0.0_incrate_0.06_nrpup1_3
VRPDO_size_15_phome_0.1_ppup_0.0_incrate_0.06_nrpup3_3
VRPDO_size_15_phome_0.1_ppup_0.0_incrate_0.06_nrpup5_3
VRPDO_size_15_phome_0.4_ppup_0.0_incrate_0.06_nrpup1_3
VRPDO_size_15_phome_0.4_ppup_0.0_incrate_0.06_nrpup3_3
VRPDO_size_15_phome_0.4_ppup_0.0_incrate_0.06_nrpup5_3
VRPDO_size_15_phome_0.7_ppup_0.0_incrate_0.06_nrpup1_3
VRPDO_size_15_phome_0.7_ppup_0.0_incrate_0.06_nrpup3_3
VRPDO_size_15_phome_0.7_ppup_0.0_incrate_0.06_nrpup5_3
VRPDO_size_16_phome_0.1_ppup_0.0_incrate_0.06_nrpup1_3
VRPDO_size_16_phome_0.1_ppup_0.0_incrate_0.06_nrpup3_3
VRPDO_size_16_phome_0.1_ppup_0.0_incrate_0.06_nrpup5_3
VRPDO_size_16_phome_0.4_ppup_0.0_incrate_0.06_nrpup1_3
VRPDO_size_16_phome_0.4_ppup_0.0_incrate_0.06_nrpup3_3
VRPDO_size_16_phome_0.4_ppup_0.0_incrate_0.06_nrpup5_3
VRPDO_size_16_phome_0.7_ppup_0.0_incrate_0.06_nrpup1_3
VRPDO_size_16_phome_0.7_ppup_0.0_incrate_0.06_nrpup3_3
VRPDO_size_16_phome_0.7_ppup_0.0_incrate_0.06_nrpup5_3
VRPDO_size_17_phome_0.1_ppup_0.0_incrate_0.06_nrpup1_3
VRPDO_size_17_phome_0.1_ppup_0.0_incrate_0.06_nrpup3_3
VRPDO_size_17_phome_0.1_ppup_0.0_incrate_0.06_nrpup5_3
VRPDO_size_17_phome_0.4_ppup_0.0_incrate_0.06_nrpup1_3
VRPDO_size_17_phome_0.4_ppup_0.0_incrate_0.06_nrpup3_3
VRPDO_size_17_phome_0.4_ppup_0.0_incrate_0.06_nrpup5_3
VRPDO_size_17_phome_0.7_ppup_0.0_incrate_0.06_nrpup1_3
VRPDO_size_17_phome_0.7_ppup_0.0_incrate_0.06_nrpup3_3
VRPDO_size_17_phome_0.7_ppup_0.0_incrate_0.06_nrpup5_3
VRPDO_size_10_phome_0.1_ppup_0.0_incrate_0.06_nrpup1_4
VRPDO_size_10_phome_0.1_ppup_0.0_incrate_0.06_nrpup3_4
VRPDO_size_10_phome_0.1_ppup_0.0_incrate_0.06_nrpup5_4
VRPDO_size_10_phome_0.4_ppup_0.0_incrate_0.06_nrpup1_4
VRPDO_size_10_phome_0.4_ppup_0.0_incrate_0.06_nrpup3_4
VRPDO_size_10_phome_0.4_ppup_0.0_incrate_0.06_nrpup5_4
VRPDO_size_10_phome_0.7_ppup_0.0_incrate_0.06_nrpup1_4
VRPDO_size_10_phome_0.7_ppup_0.0_incrate_0.06_nrpup3_4
VRPDO_size_10_phome_0.7_ppup_0.0_incrate_0.06_nrpup5_4
VRPDO_size_11_phome_0.1_ppup_0.0_incrate_0.06_nrpup1_4
VRPDO_size_11_phome_0.1_ppup_0.0_incrate_0.06_nrpup3_4
VRPDO_size_11_phome_0.1_ppup_0.0_incrate_0.06_nrpup5_4
VRPDO_size_11_phome_0.4_ppup_0.0_incrate_0.06_nrpup1_4
VRPDO_size_11_phome_0.4_ppup_0.0_incrate_0.06_nrpup3_4
VRPDO_size_11_phome_0.4_ppup_0.0_incrate_0.06_nrpup5_4
VRPDO_size_11_phome_0.7_ppup_0.0_incrate_0.06_nrpup1_4
VRPDO_size_11_phome_0.7_ppup_0.0_incrate_0.06_nrpup3_4
VRPDO_size_11_phome_0.7_ppup_0.0_incrate_0.06_nrpup5_4
VRPDO_size_12_phome_0.1_ppup_0.0_incrate_0.06_nrpup1_4
VRPDO_size_12_phome_0.1_ppup_0.0_incrate_0.06_nrpup3_4
VRPDO_size_12_phome_0.1_ppup_0.0_incrate_0.06_nrpup5_4
VRPDO_size_12_phome_0.4_ppup_0.0_incrate_0.06_nrpup1_4
VRPDO_size_12_phome_0.4_ppup_0.0_incrate_0.06_nrpup3_4
VRPDO_size_12_phome_0.4_ppup_0.0_incrate_0.06_nrpup5_4
VRPDO_size_12_phome_0.7_ppup_0.0_incrate_0.06_nrpup1_4
VRPDO_size_12_phome_0.7_ppup_0.0_incrate_0.06_nrpup3_4
VRPDO_size_12_phome_0.7_ppup_0.0_incrate_0.06_nrpup5_4
VRPDO_size_13_phome_0.1_ppup_0.0_incrate_0.06_nrpup1_4
VRPDO_size_13_phome_0.1_ppup_0.0_incrate_0.06_nrpup3_4
VRPDO_size_13_phome_0.1_ppup_0.0_incrate_0.06_nrpup5_4
VRPDO_size_13_phome_0.4_ppup_0.0_incrate_0.06_nrpup1_4
VRPDO_size_13_phome_0.4_ppup_0.0_incrate_0.06_nrpup3_4
VRPDO_size_13_phome_0.4_ppup_0.0_incrate_0.06_nrpup5_4
VRPDO_size_13_phome_0.7_ppup_0.0_incrate_0.06_nrpup1_4
VRPDO_size_13_phome_0.7_ppup_0.0_incrate_0.06_nrpup3_4
VRPDO_size_13_phome_0.7_ppup_0.0_incrate_0.06_nrpup5_4
VRPDO_size_14_phome_0.1_ppup_0.0_incrate_0.06_nrpup1_4
VRPDO_size_14_phome_0.1_ppup_0.0_incrate_0.06_nrpup3_4
VRPDO_size_14_phome_0.1_ppup_0.0_incrate_0.06_nrpup5_4
VRPDO_size_14_phome_0.4_ppup_0.0_incrate_0.06_nrpup1_4
VRPDO_size_14_phome_0.4_ppup_0.0_incrate_0.06_nrpup3_4
VRPDO_size_14_phome_0.4_ppup_0.0_incrate_0.06_nrpup5_4
VRPDO_size_14_phome_0.7_ppup_0.0_incrate_0.06_nrpup1_4
VRPDO_size_14_phome_0.7_ppup_0.0_incrate_0.06_nrpup3_4
VRPDO_size_14_phome_0.7_ppup_0.0_incrate_0.06_nrpup5_4
VRPDO_size_15_phome_0.1_ppup_0.0_incrate_0.06_nrpup1_4
VRPDO_size_15_phome_0.1_ppup_0.0_incrate_0.06_nrpup3_4
VRPDO_size_15_phome_0.1_ppup_0.0_incrate_0.06_nrpup5_4
VRPDO_size_15_phome_0.4_ppup_0.0_incrate_0.06_nrpup1_4
VRPDO_size_15_phome_0.4_ppup_0.0_incrate_0.06_nrpup3_4
VRPDO_size_15_phome_0.4_ppup_0.0_incrate_0.06_nrpup5_4
VRPDO_size_15_phome_0.7_ppup_0.0_incrate_0.06_nrpup1_4
VRPDO_size_15_phome_0.7_ppup_0.0_incrate_0.06_nrpup3_4
VRPDO_size_15_phome_0.7_ppup_0.0_incrate_0.06_nrpup5_4
VRPDO_size_16_phome_0.1_ppup_0.0_incrate_0.06_nrpup1_4
VRPDO_size_16_phome_0.1_ppup_0.0_incrate_0.06_nrpup3_4
VRPDO_size_16_phome_0.1_ppup_0.0_incrate_0.06_nrpup5_4
VRPDO_size_16_phome_0.4_ppup_0.0_incrate_0.06_nrpup1_4
VRPDO_size_16_phome_0.4_ppup_0.0_incrate_0.06_nrpup3_4
VRPDO_size_16_phome_0.4_ppup_0.0_incrate_0.06_nrpup5_4
VRPDO_size_16_phome_0.7_ppup_0.0_incrate_0.06_nrpup1_4
VRPDO_size_16_phome_0.7_ppup_0.0_incrate_0.06_nrpup3_4
VRPDO_size_16_phome_0.7_ppup_0.0_incrate_0.06_nrpup5_4
VRPDO_size_17_phome_0.1_ppup_0.0_incrate_0.06_nrpup1_4
VRPDO_size_17_phome_0.1_ppup_0.0_incrate_0.06_nrpup3_4
VRPDO_size_17_phome_0.1_ppup_0.0_incrate_0.06_nrpup5_4
VRPDO_size_17_phome_0.4_ppup_0.0_incrate_0.06_nrpup1_4
VRPDO_size_17_phome_0.4_ppup_0.0_incrate_0.06_nrpup3_4
VRPDO_size_17_phome_0.4_ppup_0.0_incrate_0.06_nrpup5_4
VRPDO_size_17_phome_0.7_ppup_0.0_incrate_0.06_nrpup1_4
VRPDO_size_17_phome_0.7_ppup_0.0_incrate_0.06_nrpup3_4
VRPDO_size_17_phome_0.7_ppup_0.0_incrate_0.06_nrpup5_4
