VRPDO_size_10_phome_0.4_ppup_0.0_incrate_0.03_nrpup3_0
VRPDO_size_10_phome_0.4_ppup_0.0_incrate_0.03_nrpup3_1
VRPDO_size_10_phome_0.4_ppup_0.0_incrate_0.03_nrpup3_2
VRPDO_size_10_phome_0.4_ppup_0.0_incrate_0.03_nrpup3_3
VRPDO_size_10_phome_0.4_ppup_0.0_incrate_0.03_nrpup3_4
VRPDO_size_10_phome_0.4_ppup_0.0_incrate_0.03_nrpup3_5
VRPDO_size_10_phome_0.4_ppup_0.0_incrate_0.03_nrpup3_6
VRPDO_size_10_phome_0.4_ppup_0.0_incrate_0.03_nrpup3_7
VRPDO_size_10_phome_0.4_ppup_0.0_incrate_0.03_nrpup3_8
VRPDO_size_10_phome_0.4_ppup_0.0_incrate_0.03_nrpup3_9
VRPDO_size_10_phome_0.4_ppup_0.0_incrate_0.06_nrpup3_0
VRPDO_size_10_phome_0.4_ppup_0.0_incrate_0.06_nrpup3_1
VRPDO_size_10_phome_0.4_ppup_0.0_incrate_0.06_nrpup3_2
VRPDO_size_10_phome_0.4_ppup_0.0_incrate_0.06_nrpup3_3
VRPDO_size_10_phome_0.4_ppup_0.0_incrate_0.06_nrpup3_4
VRPDO_size_10_phome_0.4_ppup_0.0_incrate_0.06_nrpup3_5
VRPDO_size_10_phome_0.4_ppup_0.0_incrate_0.06_nrpup3_6
VRPDO_size_10_phome_0.4_ppup_0.0_incrate_0.06_nrpup3_7
VRPDO_size_10_phome_0.4_ppup_0.0_incrate_0.06_nrpup3_8
VRPDO_size_10_phome_0.4_ppup_0.0_incrate_0.06_nrpup3_9
VRPDO_size_10_phome_0.4_ppup_0.0_incrate_0.12_nrpup3_0
VRPDO_size_10_phome_0.4_ppup_0.0_incrate_0.12_nrpup3_1
VRPDO_size_10_phome_0.4_ppup_0.0_incrate_0.12_nrpup3_2
VRPDO_size_10_phome_0.4_ppup_0.0_incrate_0.12_nrpup3_3
VRPDO_size_10_phome_0.4_ppup_0.0_incrate_0.12_nrpup3_4
VRPDO_size_10_phome_0.4_ppup_0.0_incrate_0.12_nrpup3_5
VRPDO_size_10_phome_0.4_ppup_0.0_incrate_0.12_nrpup3_6
VRPDO_size_10_phome_0.4_ppup_0.0_incrate_0.12_nrpup3_7
VRPDO_size_10_phome_0.4_ppup_0.0_incrate_0.12_nrpup3_8
VRPDO_size_10_phome_0.4_ppup_0.0_incrate_0.12_nrpup3_9
VRPDO_size_11_phome_0.4_ppup_0.0_incrate_0.03_nrpup3_0
VRPDO_size_11_phome_0.4_ppup_0.0_incrate_0.03_nrpup3_1
VRPDO_size_11_phome_0.4_ppup_0.0_incrate_0.03_nrpup3_2
VRPDO_size_11_phome_0.4_ppup_0.0_incrate_0.03_nrpup3_3
VRPDO_size_11_phome_0.4_ppup_0.0_incrate_0.03_nrpup3_4
VRPDO_size_11_phome_0.4_ppup_0.0_incrate_0.03_nrpup3_5
VRPDO_size_11_phome_0.4_ppup_0.0_incrate_0.03_nrpup3_6
VRPDO_size_11_phome_0.4_ppup_0.0_incrate_0.03_nrpup3_7
VRPDO_size_11_phome_0.4_ppup_0.0_incrate_0.03_nrpup3_8
VRPDO_size_11_phome_0.4_ppup_0.0_incrate_0.03_nrpup3_9
VRPDO_size_11_phome_0.4_ppup_0.0_incrate_0.06_nrpup3_0
VRPDO_size_11_phome_0.4_ppup_0.0_incrate_0.06_nrpup3_1
VRPDO_size_11_phome_0.4_ppup_0.0_incrate_0.06_nrpup3_2
VRPDO_size_11_phome_0.4_ppup_0.0_incrate_0.06_nrpup3_3
VRPDO_size_11_phome_0.4_ppup_0.0_incrate_0.06_nrpup3_4
VRPDO_size_11_phome_0.4_ppup_0.0_incrate_0.06_nrpup3_5
VRPDO_size_11_phome_0.4_ppup_0.0_incrate_0.06_nrpup3_6
VRPDO_size_11_phome_0.4_ppup_0.0_incrate_0.06_nrpup3_7
VRPDO_size_11_phome_0.4_ppup_0.0_incrate_0.06_nrpup3_8
VRPDO_size_11_phome_0.4_ppup_0.0_incrate_0.06_nrpup3_9
VRPDO_size_11_phome_0.4_ppup_0.0_incrate_0.12_nrpup3_0
VRPDO_size_11_phome_0.4_ppup_0.0_incrate_0.12_nrpup3_1
VRPDO_size_11_phome_0.4_ppup_0.0_incrate_0.12_nrpup3_2
VRPDO_size_11_phome_0.4_ppup_0.0_incrate_0.12_nrpup3_3
VRPDO_size_11_phome_0.4_ppup_0.0_incrate_0.12_nrpup3_4
VRPDO_size_11_phome_0.4_ppup_0.0_incrate_0.12_nrpup3_5
VRPDO_size_11_phome_0.4_ppup_0.0_incrate_0.12_nrpup3_6
VRPDO_size_11_phome_0.4_ppup_0.0_incrate_0.12_nrpup3_7
VRPDO_size_11_phome_0.4_ppup_0.0_incrate_0.12_nrpup3_8
VRPDO_size_11_phome_0.4_ppup_0.0_incrate_0.12_nrpup3_9
VRPDO_size_12_phome_0.4_ppup_0.0_incrate_0.03_nrpup3_0
VRPDO_size_12_phome_0.4_ppup_0.0_incrate_0.03_nrpup3_1
VRPDO_size_12_phome_0.4_ppup_0.0_incrate_0.03_nrpup3_2
VRPDO_size_12_phome_0.4_ppup_0.0_incrate_0.03_nrpup3_3
VRPDO_size_12_phome_0.4_ppup_0.0_incrate_0.03_nrpup3_4
VRPDO_size_12_phome_0.4_ppup_0.0_incrate_0.03_nrpup3_5
VRPDO_size_12_phome_0.4_ppup_0.0_incrate_0.03_nrpup3_6
VRPDO_size_12_phome_0.4_ppup_0.0_incrate_0.03_nrpup3_7
VRPDO_size_12_phome_0.4_ppup_0.0_incrate_0.03_nrpup3_8
VRPDO_size_12_phome_0.4_ppup_0.0_incrate_0.03_nrpup3_9
VRPDO_size_12_phome_0.4_ppup_0.0_incrate_0.06_nrpup3_0
VRPDO_size_12_phome_0.4_ppup_0.0_incrate_0.06_nrpup3_1
VRPDO_size_12_phome_0.4_ppup_0.0_incrate_0.06_nrpup3_2
VRPDO_size_12_phome_0.4_ppup_0.0_incrate_0.06_nrpup3_3
VRPDO_size_12_phome_0.4_ppup_0.0_incrate_0.06_nrpup3_4
VRPDO_size_12_phome_0.4_ppup_0.0_incrate_0.06_nrpup3_5
VRPDO_size_12_phome_0.4_ppup_0.0_incrate_0.06_nrpup3_6
VRPDO_size_12_phome_0.4_ppup_0.0_incrate_0.06_nrpup3_7
VRPDO_size_12_phome_0.4_ppup_0.0_incrate_0.06_nrpup3_8
VRPDO_size_12_phome_0.4_ppup_0.0_incrate_0.06_nrpup3_9
VRPDO_size_12_phome_0.4_ppup_0.0_incrate_0.12_nrpup3_0
VRPDO_size_12_phome_0.4_ppup_0.0_incrate_0.12_nrpup3_1
VRPDO_size_12_phome_0.4_ppup_0.0_incrate_0.12_nrpup3_2
VRPDO_size_12_phome_0.4_ppup_0.0_incrate_0.12_nrpup3_3
VRPDO_size_12_phome_0.4_ppup_0.0_incrate_0.12_nrpup3_4
VRPDO_size_12_phome_0.4_ppup_0.0_incrate_0.12_nrpup3_5
VRPDO_size_12_phome_0.4_ppup_0.0_incrate_0.12_nrpup3_6
VRPDO_size_12_phome_0.4_ppup_0.0_incrate_0.12_nrpup3_7
VRPDO_size_12_phome_0.4_ppup_0.0_incrate_0.12_nrpup3_8
VRPDO_size_12_phome_0.4_ppup_0.0_incrate_0.12_nrpup3_9
VRPDO_size_13_phome_0.4_ppup_0.0_incrate_0.03_nrpup3_0
VRPDO_size_13_phome_0.4_ppup_0.0_incrate_0.03_nrpup3_1
VRPDO_size_13_phome_0.4_ppup_0.0_incrate_0.03_nrpup3_2
VRPDO_size_13_phome_0.4_ppup_0.0_incrate_0.03_nrpup3_3
VRPDO_size_13_phome_0.4_ppup_0.0_incrate_0.03_nrpup3_4
VRPDO_size_13_phome_0.4_ppup_0.0_incrate_0.03_nrpup3_5
VRPDO_size_13_phome_0.4_ppup_0.0_incrate_0.03_nrpup3_6
VRPDO_size_13_phome_0.4_ppup_0.0_incrate_0.03_nrpup3_7
VRPDO_size_13_phome_0.4_ppup_0.0_incrate_0.03_nrpup3_8
VRPDO_size_13_phome_0.4_ppup_0.0_incrate_0.03_nrpup3_9
VRPDO_size_13_phome_0.4_ppup_0.0_incrate_0.06_nrpup3_0
VRPDO_size_13_phome_0.4_ppup_0.0_incrate_0.06_nrpup3_1
VRPDO_size_13_phome_0.4_ppup_0.0_incrate_0.06_nrpup3_2
VRPDO_size_13_phome_0.4_ppup_0.0_incrate_0.06_nrpup3_3
VRPDO_size_13_phome_0.4_ppup_0.0_incrate_0.06_nrpup3_4
VRPDO_size_13_phome_0.4_ppup_0.0_incrate_0.06_nrpup3_5
VRPDO_size_13_phome_0.4_ppup_0.0_incrate_0.06_nrpup3_6
VRPDO_size_13_phome_0.4_ppup_0.0_incrate_0.06_nrpup3_7
VRPDO_size_13_phome_0.4_ppup_0.0_incrate_0.06_nrpup3_8
VRPDO_size_13_phome_0.4_ppup_0.0_incrate_0.06_nrpup3_9
VRPDO_size_13_phome_0.4_ppup_0.0_incrate_0.12_nrpup3_1
VRPDO_size_13_phome_0.4_ppup_0.0_incrate_0.12_nrpup3_2
VRPDO_size_13_phome_0.4_ppup_0.0_incrate_0.12_nrpup3_3
VRPDO_size_13_phome_0.4_ppup_0.0_incrate_0.12_nrpup3_4
VRPDO_size_13_phome_0.4_ppup_0.0_incrate_0.12_nrpup3_5
VRPDO_size_13_phome_0.4_ppup_0.0_incrate_0.12_nrpup3_6
VRPDO_size_13_phome_0.4_ppup_0.0_incrate_0.12_nrpup3_7
VRPDO_size_13_phome_0.4_ppup_0.0_incrate_0.12_nrpup3_8
VRPDO_size_13_phome_0.4_ppup_0.0_incrate_0.12_nrpup3_9
VRPDO_size_14_phome_0.4_ppup_0.0_incrate_0.03_nrpup3_0
VRPDO_size_14_phome_0.4_ppup_0.0_incrate_0.03_nrpup3_1
VRPDO_size_14_phome_0.4_ppup_0.0_incrate_0.03_nrpup3_2
VRPDO_size_14_phome_0.4_ppup_0.0_incrate_0.03_nrpup3_3
VRPDO_size_14_phome_0.4_ppup_0.0_incrate_0.03_nrpup3_4
VRPDO_size_14_phome_0.4_ppup_0.0_incrate_0.03_nrpup3_5
VRPDO_size_14_phome_0.4_ppup_0.0_incrate_0.03_nrpup3_6
VRPDO_size_14_phome_0.4_ppup_0.0_incrate_0.03_nrpup3_7
VRPDO_size_14_phome_0.4_ppup_0.0_incrate_0.03_nrpup3_8
VRPDO_size_14_phome_0.4_ppup_0.0_incrate_0.03_nrpup3_9
VRPDO_size_14_phome_0.4_ppup_0.0_incrate_0.06_nrpup3_0
VRPDO_size_14_phome_0.4_ppup_0.0_incrate_0.06_nrpup3_1
VRPDO_size_14_phome_0.4_ppup_0.0_incrate_0.06_nrpup3_2
VRPDO_size_14_phome_0.4_ppup_0.0_incrate_0.06_nrpup3_3
VRPDO_size_14_phome_0.4_ppup_0.0_incrate_0.06_nrpup3_4
VRPDO_size_14_phome_0.4_ppup_0.0_incrate_0.06_nrpup3_5
VRPDO_size_14_phome_0.4_ppup_0.0_incrate_0.06_nrpup3_6
VRPDO_size_14_phome_0.4_ppup_0.0_incrate_0.06_nrpup3_7
VRPDO_size_14_phome_0.4_ppup_0.0_incrate_0.06_nrpup3_8
VRPDO_size_14_phome_0.4_ppup_0.0_incrate_0.06_nrpup3_9
VRPDO_size_14_phome_0.4_ppup_0.0_incrate_0.12_nrpup3_0
VRPDO_size_14_phome_0.4_ppup_0.0_incrate_0.12_nrpup3_1
VRPDO_size_14_phome_0.4_ppup_0.0_incrate_0.12_nrpup3_2
VRPDO_size_14_phome_0.4_ppup_0.0_incrate_0.12_nrpup3_3
VRPDO_size_14_phome_0.4_ppup_0.0_incrate_0.12_nrpup3_4
VRPDO_size_14_phome_0.4_ppup_0.0_incrate_0.12_nrpup3_5
VRPDO_size_14_phome_0.4_ppup_0.0_incrate_0.12_nrpup3_6
VRPDO_size_14_phome_0.4_ppup_0.0_incrate_0.12_nrpup3_7
VRPDO_size_14_phome_0.4_ppup_0.0_incrate_0.12_nrpup3_8
VRPDO_size_14_phome_0.4_ppup_0.0_incrate_0.12_nrpup3_9
VRPDO_size_15_phome_0.4_ppup_0.0_incrate_0.03_nrpup3_0
VRPDO_size_15_phome_0.4_ppup_0.0_incrate_0.03_nrpup3_1
VRPDO_size_15_phome_0.4_ppup_0.0_incrate_0.03_nrpup3_2
VRPDO_size_15_phome_0.4_ppup_0.0_incrate_0.03_nrpup3_3
VRPDO_size_15_phome_0.4_ppup_0.0_incrate_0.03_nrpup3_4
VRPDO_size_15_phome_0.4_ppup_0.0_incrate_0.03_nrpup3_5
VRPDO_size_15_phome_0.4_ppup_0.0_incrate_0.03_nrpup3_6
VRPDO_size_15_phome_0.4_ppup_0.0_incrate_0.03_nrpup3_7
VRPDO_size_15_phome_0.4_ppup_0.0_incrate_0.03_nrpup3_8
VRPDO_size_15_phome_0.4_ppup_0.0_incrate_0.03_nrpup3_9
VRPDO_size_15_phome_0.4_ppup_0.0_incrate_0.06_nrpup3_0
VRPDO_size_15_phome_0.4_ppup_0.0_incrate_0.06_nrpup3_1
VRPDO_size_15_phome_0.4_ppup_0.0_incrate_0.06_nrpup3_2
VRPDO_size_15_phome_0.4_ppup_0.0_incrate_0.06_nrpup3_3
VRPDO_size_15_phome_0.4_ppup_0.0_incrate_0.06_nrpup3_4
VRPDO_size_15_phome_0.4_ppup_0.0_incrate_0.06_nrpup3_5
VRPDO_size_15_phome_0.4_ppup_0.0_incrate_0.06_nrpup3_6
VRPDO_size_15_phome_0.4_ppup_0.0_incrate_0.06_nrpup3_7
VRPDO_size_15_phome_0.4_ppup_0.0_incrate_0.06_nrpup3_8
VRPDO_size_15_phome_0.4_ppup_0.0_incrate_0.06_nrpup3_9
VRPDO_size_15_phome_0.4_ppup_0.0_incrate_0.12_nrpup3_0
VRPDO_size_15_phome_0.4_ppup_0.0_incrate_0.12_nrpup3_1
VRPDO_size_15_phome_0.4_ppup_0.0_incrate_0.12_nrpup3_2
VRPDO_size_15_phome_0.4_ppup_0.0_incrate_0.12_nrpup3_3
VRPDO_size_15_phome_0.4_ppup_0.0_incrate_0.12_nrpup3_4
VRPDO_size_15_phome_0.4_ppup_0.0_incrate_0.12_nrpup3_5
VRPDO_size_15_phome_0.4_ppup_0.0_incrate_0.12_nrpup3_6
VRPDO_size_15_phome_0.4_ppup_0.0_incrate_0.12_nrpup3_7
VRPDO_size_15_phome_0.4_ppup_0.0_incrate_0.12_nrpup3_8
VRPDO_size_15_phome_0.4_ppup_0.0_incrate_0.12_nrpup3_9
VRPDO_size_16_phome_0.4_ppup_0.0_incrate_0.03_nrpup3_0
VRPDO_size_16_phome_0.4_ppup_0.0_incrate_0.03_nrpup3_1
VRPDO_size_16_phome_0.4_ppup_0.0_incrate_0.03_nrpup3_2
VRPDO_size_16_phome_0.4_ppup_0.0_incrate_0.03_nrpup3_3
VRPDO_size_16_phome_0.4_ppup_0.0_incrate_0.03_nrpup3_4
VRPDO_size_16_phome_0.4_ppup_0.0_incrate_0.03_nrpup3_5
VRPDO_size_16_phome_0.4_ppup_0.0_incrate_0.03_nrpup3_6
VRPDO_size_16_phome_0.4_ppup_0.0_incrate_0.03_nrpup3_7
VRPDO_size_16_phome_0.4_ppup_0.0_incrate_0.03_nrpup3_8
VRPDO_size_16_phome_0.4_ppup_0.0_incrate_0.06_nrpup3_0
VRPDO_size_16_phome_0.4_ppup_0.0_incrate_0.06_nrpup3_1
VRPDO_size_16_phome_0.4_ppup_0.0_incrate_0.06_nrpup3_2
VRPDO_size_16_phome_0.4_ppup_0.0_incrate_0.06_nrpup3_3
VRPDO_size_16_phome_0.4_ppup_0.0_incrate_0.06_nrpup3_4
VRPDO_size_16_phome_0.4_ppup_0.0_incrate_0.06_nrpup3_5
VRPDO_size_16_phome_0.4_ppup_0.0_incrate_0.06_nrpup3_6
VRPDO_size_16_phome_0.4_ppup_0.0_incrate_0.06_nrpup3_7
VRPDO_size_16_phome_0.4_ppup_0.0_incrate_0.06_nrpup3_8
VRPDO_size_16_phome_0.4_ppup_0.0_incrate_0.06_nrpup3_9
VRPDO_size_16_phome_0.4_ppup_0.0_incrate_0.12_nrpup3_0
VRPDO_size_16_phome_0.4_ppup_0.0_incrate_0.12_nrpup3_1
VRPDO_size_16_phome_0.4_ppup_0.0_incrate_0.12_nrpup3_2
VRPDO_size_16_phome_0.4_ppup_0.0_incrate_0.12_nrpup3_3
VRPDO_size_16_phome_0.4_ppup_0.0_incrate_0.12_nrpup3_4
VRPDO_size_16_phome_0.4_ppup_0.0_incrate_0.12_nrpup3_5
VRPDO_size_16_phome_0.4_ppup_0.0_incrate_0.12_nrpup3_6
VRPDO_size_16_phome_0.4_ppup_0.0_incrate_0.12_nrpup3_7
VRPDO_size_16_phome_0.4_ppup_0.0_incrate_0.12_nrpup3_8
VRPDO_size_16_phome_0.4_ppup_0.0_incrate_0.12_nrpup3_9
VRPDO_size_17_phome_0.4_ppup_0.0_incrate_0.03_nrpup3_0
VRPDO_size_17_phome_0.4_ppup_0.0_incrate_0.03_nrpup3_1
VRPDO_size_17_phome_0.4_ppup_0.0_incrate_0.03_nrpup3_2
VRPDO_size_17_phome_0.4_ppup_0.0_incrate_0.03_nrpup3_3
VRPDO_size_17_phome_0.4_ppup_0.0_incrate_0.03_nrpup3_4
VRPDO_size_17_phome_0.4_ppup_0.0_incrate_0.03_nrpup3_5
VRPDO_size_17_phome_0.4_ppup_0.0_incrate_0.03_nrpup3_6
VRPDO_size_17_phome_0.4_ppup_0.0_incrate_0.03_nrpup3_7
VRPDO_size_17_phome_0.4_ppup_0.0_incrate_0.03_nrpup3_8
VRPDO_size_17_phome_0.4_ppup_0.0_incrate_0.03_nrpup3_9
VRPDO_size_17_phome_0.4_ppup_0.0_incrate_0.06_nrpup3_0
VRPDO_size_17_phome_0.4_ppup_0.0_incrate_0.06_nrpup3_1
VRPDO_size_17_phome_0.4_ppup_0.0_incrate_0.06_nrpup3_2
VRPDO_size_17_phome_0.4_ppup_0.0_incrate_0.06_nrpup3_3
VRPDO_size_17_phome_0.4_ppup_0.0_incrate_0.06_nrpup3_4
VRPDO_size_17_phome_0.4_ppup_0.0_incrate_0.06_nrpup3_5
VRPDO_size_17_phome_0.4_ppup_0.0_incrate_0.06_nrpup3_6
VRPDO_size_17_phome_0.4_ppup_0.0_incrate_0.06_nrpup3_7
VRPDO_size_17_phome_0.4_ppup_0.0_incrate_0.06_nrpup3_8
VRPDO_size_17_phome_0.4_ppup_0.0_incrate_0.06_nrpup3_9
VRPDO_size_17_phome_0.4_ppup_0.0_incrate_0.12_nrpup3_0
VRPDO_size_17_phome_0.4_ppup_0.0_incrate_0.12_nrpup3_1
VRPDO_size_17_phome_0.4_ppup_0.0_incrate_0.12_nrpup3_2
VRPDO_size_17_phome_0.4_ppup_0.0_incrate_0.12_nrpup3_3
VRPDO_size_17_phome_0.4_ppup_0.0_incrate_0.12_nrpup3_4
VRPDO_size_17_phome_0.4_ppup_0.0_incrate_0.12_nrpup3_5
VRPDO_size_17_phome_0.4_ppup_0.0_incrate_0.12_nrpup3_6
VRPDO_size_17_phome_0.4_ppup_0.0_incrate_0.12_nrpup3_7
VRPDO_size_17_phome_0.4_ppup_0.0_incrate_0.12_nrpup3_8
VRPDO_size_17_phome_0.4_ppup_0.0_incrate_0.12_nrpup3_9
VRPDO_size_18_phome_0.4_ppup_0.0_incrate_0.03_nrpup3_0
VRPDO_size_18_phome_0.4_ppup_0.0_incrate_0.03_nrpup3_1
VRPDO_size_18_phome_0.4_ppup_0.0_incrate_0.03_nrpup3_2
VRPDO_size_18_phome_0.4_ppup_0.0_incrate_0.03_nrpup3_3
VRPDO_size_18_phome_0.4_ppup_0.0_incrate_0.03_nrpup3_4
VRPDO_size_18_phome_0.4_ppup_0.0_incrate_0.03_nrpup3_5
VRPDO_size_18_phome_0.4_ppup_0.0_incrate_0.03_nrpup3_6
VRPDO_size_18_phome_0.4_ppup_0.0_incrate_0.03_nrpup3_7
VRPDO_size_18_phome_0.4_ppup_0.0_incrate_0.03_nrpup3_8
VRPDO_size_18_phome_0.4_ppup_0.0_incrate_0.03_nrpup3_9
VRPDO_size_18_phome_0.4_ppup_0.0_incrate_0.06_nrpup3_0
VRPDO_size_18_phome_0.4_ppup_0.0_incrate_0.06_nrpup3_1
VRPDO_size_18_phome_0.4_ppup_0.0_incrate_0.06_nrpup3_2
VRPDO_size_18_phome_0.4_ppup_0.0_incrate_0.06_nrpup3_3
VRPDO_size_18_phome_0.4_ppup_0.0_incrate_0.06_nrpup3_4
VRPDO_size_18_phome_0.4_ppup_0.0_incrate_0.06_nrpup3_5
VRPDO_size_18_phome_0.4_ppup_0.0_incrate_0.06_nrpup3_6
VRPDO_size_18_phome_0.4_ppup_0.0_incrate_0.06_nrpup3_7
VRPDO_size_18_phome_0.4_ppup_0.0_incrate_0.06_nrpup3_8
VRPDO_size_18_phome_0.4_ppup_0.0_incrate_0.06_nrpup3_9
VRPDO_size_18_phome_0.4_ppup_0.0_incrate_0.12_nrpup3_0
VRPDO_size_18_phome_0.4_ppup_0.0_incrate_0.12_nrpup3_1
VRPDO_size_18_phome_0.4_ppup_0.0_incrate_0.12_nrpup3_2
VRPDO_size_18_phome_0.4_ppup_0.0_incrate_0.12_nrpup3_3
VRPDO_size_18_phome_0.4_ppup_0.0_incrate_0.12_nrpup3_4
VRPDO_size_18_phome_0.4_ppup_0.0_incrate_0.12_nrpup3_5
VRPDO_size_18_phome_0.4_ppup_0.0_incrate_0.12_nrpup3_6
VRPDO_size_18_phome_0.4_ppup_0.0_incrate_0.12_nrpup3_7
VRPDO_size_18_phome_0.4_ppup_0.0_incrate_0.12_nrpup3_8
VRPDO_size_18_phome_0.4_ppup_0.0_incrate_0.12_nrpup3_9
