255+sz-9-prob_type-uniform-prob-0.20-fee_type-direct_prob-fee-2.6
255+sz-9-prob_type-uniform-prob-0.20-fee_type-direct_prob-fee-2.8
127+sz-9-prob_type-uniform-prob-0.20-fee_type-direct_prob
255+sz-9-prob_type-uniform-prob-0.20-fee_type-direct_prob-fee-3.2
127+sz-9-prob_type-uniform-prob-0.20-fee_type-direct_prob-fee-3.4
79+sz-9-prob_type-uniform-prob-0.20-fee_type-inverse_prob-fee-2.6
255+sz-9-prob_type-uniform-prob-0.20-fee_type-inverse_prob-fee-2.8
31+sz-9-prob_type-uniform-prob-0.20-fee_type-inverse_prob
255+sz-9-prob_type-uniform-prob-0.20-fee_type-inverse_prob-fee-3.2
63+sz-9-prob_type-uniform-prob-0.20-fee_type-inverse_prob-fee-3.4
95+sz-9-prob_type-uniform-prob-0.30-fee_type-direct_prob-fee-2.6
175+sz-9-prob_type-uniform-prob-0.30-fee_type-direct_prob-fee-2.8
255+sz-9-prob_type-uniform-prob-0.30-fee_type-direct_prob
255+sz-9-prob_type-uniform-prob-0.30-fee_type-direct_prob-fee-3.2
255+sz-9-prob_type-uniform-prob-0.30-fee_type-direct_prob-fee-3.4
127+sz-9-prob_type-uniform-prob-0.30-fee_type-inverse_prob-fee-2.6
255+sz-9-prob_type-uniform-prob-0.30-fee_type-inverse_prob-fee-2.8
191+sz-9-prob_type-uniform-prob-0.30-fee_type-inverse_prob
223+sz-9-prob_type-uniform-prob-0.30-fee_type-inverse_prob-fee-3.2
255+sz-9-prob_type-uniform-prob-0.30-fee_type-inverse_prob-fee-3.4
255+sz-9-prob_type-uniform-prob-0.40-fee_type-direct_prob-fee-2.6
31+sz-9-prob_type-uniform-prob-0.40-fee_type-direct_prob-fee-2.8
255+sz-9-prob_type-uniform-prob-0.40-fee_type-direct_prob
175+sz-9-prob_type-uniform-prob-0.40-fee_type-direct_prob-fee-3.2
127+sz-9-prob_type-uniform-prob-0.40-fee_type-direct_prob-fee-3.4
127+sz-9-prob_type-uniform-prob-0.40-fee_type-inverse_prob-fee-2.6
159+sz-9-prob_type-uniform-prob-0.40-fee_type-inverse_prob-fee-2.8
217+sz-9-prob_type-uniform-prob-0.40-fee_type-inverse_prob
171+sz-9-prob_type-uniform-prob-0.40-fee_type-inverse_prob-fee-3.2
37+sz-9-prob_type-uniform-prob-0.40-fee_type-inverse_prob-fee-3.4
191+sz-9-prob_type-uniform-prob-0.50-fee_type-direct_prob-fee-2.6
87+sz-9-prob_type-uniform-prob-0.50-fee_type-direct_prob-fee-2.8
31+sz-9-prob_type-uniform-prob-0.50-fee_type-direct_prob
18+sz-9-prob_type-uniform-prob-0.50-fee_type-direct_prob-fee-3.2
111+sz-9-prob_type-uniform-prob-0.50-fee_type-direct_prob-fee-3.4
255+sz-9-prob_type-uniform-prob-0.50-fee_type-inverse_prob-fee-2.6
255+sz-9-prob_type-uniform-prob-0.50-fee_type-inverse_prob-fee-2.8
63+sz-9-prob_type-uniform-prob-0.50-fee_type-inverse_prob
227+sz-9-prob_type-uniform-prob-0.50-fee_type-inverse_prob-fee-3.2
127+sz-9-prob_type-uniform-prob-0.50-fee_type-inverse_prob-fee-3.4
127+sz-9-prob_type-uniform-prob-0.60-fee_type-direct_prob-fee-2.6
55+sz-9-prob_type-uniform-prob-0.60-fee_type-direct_prob-fee-2.8
95+sz-9-prob_type-uniform-prob-0.60-fee_type-direct_prob
151+sz-9-prob_type-uniform-prob-0.60-fee_type-direct_prob-fee-3.2
159+sz-9-prob_type-uniform-prob-0.60-fee_type-direct_prob-fee-3.4
207+sz-9-prob_type-uniform-prob-0.60-fee_type-inverse_prob-fee-2.6
119+sz-9-prob_type-uniform-prob-0.60-fee_type-inverse_prob-fee-2.8
47+sz-9-prob_type-uniform-prob-0.60-fee_type-inverse_prob
212+sz-9-prob_type-uniform-prob-0.60-fee_type-inverse_prob-fee-3.2
63+sz-9-prob_type-uniform-prob-0.60-fee_type-inverse_prob-fee-3.4
511+sz-10-prob_type-uniform-prob-0.20-fee_type-direct_prob-fee-2.6
511+sz-10-prob_type-uniform-prob-0.20-fee_type-direct_prob-fee-2.8
511+sz-10-prob_type-uniform-prob-0.20-fee_type-direct_prob
63+sz-10-prob_type-uniform-prob-0.20-fee_type-direct_prob-fee-3.2
511+sz-10-prob_type-uniform-prob-0.20-fee_type-direct_prob-fee-3.4
343+sz-10-prob_type-uniform-prob-0.20-fee_type-inverse_prob-fee-2.6
255+sz-10-prob_type-uniform-prob-0.20-fee_type-inverse_prob-fee-2.8
511+sz-10-prob_type-uniform-prob-0.20-fee_type-inverse_prob
511+sz-10-prob_type-uniform-prob-0.20-fee_type-inverse_prob-fee-3.2
191+sz-10-prob_type-uniform-prob-0.20-fee_type-inverse_prob-fee-3.4
255+sz-10-prob_type-uniform-prob-0.30-fee_type-direct_prob-fee-2.6
255+sz-10-prob_type-uniform-prob-0.30-fee_type-direct_prob-fee-2.8
511+sz-10-prob_type-uniform-prob-0.30-fee_type-direct_prob
511+sz-10-prob_type-uniform-prob-0.30-fee_type-direct_prob-fee-3.2
255+sz-10-prob_type-uniform-prob-0.30-fee_type-direct_prob-fee-3.4
255+sz-10-prob_type-uniform-prob-0.30-fee_type-inverse_prob-fee-2.6
362+sz-10-prob_type-uniform-prob-0.30-fee_type-inverse_prob-fee-2.8
127+sz-10-prob_type-uniform-prob-0.30-fee_type-inverse_prob
255+sz-10-prob_type-uniform-prob-0.30-fee_type-inverse_prob-fee-3.2
511+sz-10-prob_type-uniform-prob-0.30-fee_type-inverse_prob-fee-3.4
463+sz-10-prob_type-uniform-prob-0.40-fee_type-direct_prob-fee-2.6
127+sz-10-prob_type-uniform-prob-0.40-fee_type-direct_prob-fee-2.8
127+sz-10-prob_type-uniform-prob-0.40-fee_type-direct_prob
399+sz-10-prob_type-uniform-prob-0.40-fee_type-direct_prob-fee-3.2
191+sz-10-prob_type-uniform-prob-0.40-fee_type-direct_prob-fee-3.4
127+sz-10-prob_type-uniform-prob-0.40-fee_type-inverse_prob-fee-2.6
255+sz-10-prob_type-uniform-prob-0.40-fee_type-inverse_prob-fee-2.8
127+sz-10-prob_type-uniform-prob-0.40-fee_type-inverse_prob
63+sz-10-prob_type-uniform-prob-0.40-fee_type-inverse_prob-fee-3.2
511+sz-10-prob_type-uniform-prob-0.40-fee_type-inverse_prob-fee-3.4
255+sz-10-prob_type-uniform-prob-0.50-fee_type-direct_prob-fee-2.6
511+sz-10-prob_type-uniform-prob-0.50-fee_type-direct_prob-fee-2.8
383+sz-10-prob_type-uniform-prob-0.50-fee_type-direct_prob
95+sz-10-prob_type-uniform-prob-0.50-fee_type-direct_prob-fee-3.2
167+sz-10-prob_type-uniform-prob-0.50-fee_type-direct_prob-fee-3.4
255+sz-10-prob_type-uniform-prob-0.50-fee_type-inverse_prob-fee-2.6
489+sz-10-prob_type-uniform-prob-0.50-fee_type-inverse_prob-fee-2.8
295+sz-10-prob_type-uniform-prob-0.50-fee_type-inverse_prob
431+sz-10-prob_type-uniform-prob-0.50-fee_type-inverse_prob-fee-3.2
31+sz-10-prob_type-uniform-prob-0.50-fee_type-inverse_prob-fee-3.4
255+sz-10-prob_type-uniform-prob-0.60-fee_type-direct_prob-fee-2.6
479+sz-10-prob_type-uniform-prob-0.60-fee_type-direct_prob-fee-2.8
255+sz-10-prob_type-uniform-prob-0.60-fee_type-direct_prob
255+sz-10-prob_type-uniform-prob-0.60-fee_type-direct_prob-fee-3.2
191+sz-10-prob_type-uniform-prob-0.60-fee_type-direct_prob-fee-3.4
103+sz-10-prob_type-uniform-prob-0.60-fee_type-inverse_prob-fee-2.6
511+sz-10-prob_type-uniform-prob-0.60-fee_type-inverse_prob-fee-2.8
231+sz-10-prob_type-uniform-prob-0.60-fee_type-inverse_prob
175+sz-10-prob_type-uniform-prob-0.60-fee_type-inverse_prob-fee-3.2
79+sz-10-prob_type-uniform-prob-0.60-fee_type-inverse_prob-fee-3.4
1023+sz-11-prob_type-uniform-prob-0.20-fee_type-direct_prob-fee-2.6
1023+sz-11-prob_type-uniform-prob-0.20-fee_type-direct_prob-fee-2.8
1023+sz-11-prob_type-uniform-prob-0.20-fee_type-direct_prob
1023+sz-11-prob_type-uniform-prob-0.20-fee_type-direct_prob-fee-3.2
1023+sz-11-prob_type-uniform-prob-0.20-fee_type-direct_prob-fee-3.4
511+sz-11-prob_type-uniform-prob-0.20-fee_type-inverse_prob-fee-2.6
1023+sz-11-prob_type-uniform-prob-0.20-fee_type-inverse_prob-fee-2.8
1023+sz-11-prob_type-uniform-prob-0.20-fee_type-inverse_prob
639+sz-11-prob_type-uniform-prob-0.20-fee_type-inverse_prob-fee-3.2
911+sz-11-prob_type-uniform-prob-0.20-fee_type-inverse_prob-fee-3.4
1023+sz-11-prob_type-uniform-prob-0.30-fee_type-direct_prob-fee-2.6
551+sz-11-prob_type-uniform-prob-0.30-fee_type-direct_prob-fee-2.8
383+sz-11-prob_type-uniform-prob-0.30-fee_type-direct_prob
255+sz-11-prob_type-uniform-prob-0.30-fee_type-direct_prob-fee-3.2
991+sz-11-prob_type-uniform-prob-0.30-fee_type-direct_prob-fee-3.4
511+sz-11-prob_type-uniform-prob-0.30-fee_type-inverse_prob-fee-2.6
415+sz-11-prob_type-uniform-prob-0.30-fee_type-inverse_prob-fee-2.8
1023+sz-11-prob_type-uniform-prob-0.30-fee_type-inverse_prob
383+sz-11-prob_type-uniform-prob-0.30-fee_type-inverse_prob-fee-3.2
127+sz-11-prob_type-uniform-prob-0.30-fee_type-inverse_prob-fee-3.4
831+sz-11-prob_type-uniform-prob-0.40-fee_type-direct_prob-fee-2.6
127+sz-11-prob_type-uniform-prob-0.40-fee_type-direct_prob-fee-2.8
1023+sz-11-prob_type-uniform-prob-0.40-fee_type-direct_prob
331+sz-11-prob_type-uniform-prob-0.40-fee_type-direct_prob-fee-3.2
607+sz-11-prob_type-uniform-prob-0.40-fee_type-direct_prob-fee-3.4
319+sz-11-prob_type-uniform-prob-0.40-fee_type-inverse_prob-fee-2.6
287+sz-11-prob_type-uniform-prob-0.40-fee_type-inverse_prob-fee-2.8
1023+sz-11-prob_type-uniform-prob-0.40-fee_type-inverse_prob
63+sz-11-prob_type-uniform-prob-0.40-fee_type-inverse_prob-fee-3.2
287+sz-11-prob_type-uniform-prob-0.40-fee_type-inverse_prob-fee-3.4
607+sz-11-prob_type-uniform-prob-0.50-fee_type-direct_prob-fee-2.6
799+sz-11-prob_type-uniform-prob-0.50-fee_type-direct_prob-fee-2.8
335+sz-11-prob_type-uniform-prob-0.50-fee_type-direct_prob
95+sz-11-prob_type-uniform-prob-0.50-fee_type-direct_prob-fee-3.2
959+sz-11-prob_type-uniform-prob-0.50-fee_type-direct_prob-fee-3.4
127+sz-11-prob_type-uniform-prob-0.50-fee_type-inverse_prob-fee-2.6
191+sz-11-prob_type-uniform-prob-0.50-fee_type-inverse_prob-fee-2.8
511+sz-11-prob_type-uniform-prob-0.50-fee_type-inverse_prob
487+sz-11-prob_type-uniform-prob-0.50-fee_type-inverse_prob-fee-3.2
511+sz-11-prob_type-uniform-prob-0.50-fee_type-inverse_prob-fee-3.4
95+sz-11-prob_type-uniform-prob-0.60-fee_type-direct_prob-fee-2.6
479+sz-11-prob_type-uniform-prob-0.60-fee_type-direct_prob-fee-2.8
915+sz-11-prob_type-uniform-prob-0.60-fee_type-direct_prob
967+sz-11-prob_type-uniform-prob-0.60-fee_type-direct_prob-fee-3.2
885+sz-11-prob_type-uniform-prob-0.60-fee_type-direct_prob-fee-3.4
825+sz-11-prob_type-uniform-prob-0.60-fee_type-inverse_prob-fee-2.6
255+sz-11-prob_type-uniform-prob-0.60-fee_type-inverse_prob-fee-2.8
807+sz-11-prob_type-uniform-prob-0.60-fee_type-inverse_prob
779+sz-11-prob_type-uniform-prob-0.60-fee_type-inverse_prob-fee-3.2
639+sz-11-prob_type-uniform-prob-0.60-fee_type-inverse_prob-fee-3.4
2047+sz-12-prob_type-uniform-prob-0.20-fee_type-direct_prob-fee-2.6
2047+sz-12-prob_type-uniform-prob-0.20-fee_type-direct_prob-fee-2.8
1407+sz-12-prob_type-uniform-prob-0.20-fee_type-direct_prob
1791+sz-12-prob_type-uniform-prob-0.20-fee_type-direct_prob-fee-3.2
2047+sz-12-prob_type-uniform-prob-0.20-fee_type-direct_prob-fee-3.4
2047+sz-12-prob_type-uniform-prob-0.20-fee_type-inverse_prob-fee-2.6
2047+sz-12-prob_type-uniform-prob-0.20-fee_type-inverse_prob-fee-2.8
1535+sz-12-prob_type-uniform-prob-0.20-fee_type-inverse_prob
2047+sz-12-prob_type-uniform-prob-0.20-fee_type-inverse_prob-fee-3.2
1023+sz-12-prob_type-uniform-prob-0.20-fee_type-inverse_prob-fee-3.4
1727+sz-12-prob_type-uniform-prob-0.30-fee_type-direct_prob-fee-2.6
1381+sz-12-prob_type-uniform-prob-0.30-fee_type-direct_prob-fee-2.8
1023+sz-12-prob_type-uniform-prob-0.30-fee_type-direct_prob
949+sz-12-prob_type-uniform-prob-0.30-fee_type-direct_prob-fee-3.2
1295+sz-12-prob_type-uniform-prob-0.30-fee_type-direct_prob-fee-3.4
255+sz-12-prob_type-uniform-prob-0.30-fee_type-inverse_prob-fee-2.6
2047+sz-12-prob_type-uniform-prob-0.30-fee_type-inverse_prob-fee-2.8
767+sz-12-prob_type-uniform-prob-0.30-fee_type-inverse_prob
2047+sz-12-prob_type-uniform-prob-0.30-fee_type-inverse_prob-fee-3.2
687+sz-12-prob_type-uniform-prob-0.30-fee_type-inverse_prob-fee-3.4
383+sz-12-prob_type-uniform-prob-0.40-fee_type-direct_prob-fee-2.6
575+sz-12-prob_type-uniform-prob-0.40-fee_type-direct_prob-fee-2.8
1975+sz-12-prob_type-uniform-prob-0.40-fee_type-direct_prob
639+sz-12-prob_type-uniform-prob-0.40-fee_type-direct_prob-fee-3.2
1097+sz-12-prob_type-uniform-prob-0.40-fee_type-direct_prob-fee-3.4
2047+sz-12-prob_type-uniform-prob-0.40-fee_type-inverse_prob-fee-2.6
412+sz-12-prob_type-uniform-prob-0.40-fee_type-inverse_prob-fee-2.8
255+sz-12-prob_type-uniform-prob-0.40-fee_type-inverse_prob
1831+sz-12-prob_type-uniform-prob-0.40-fee_type-inverse_prob-fee-3.2
2047+sz-12-prob_type-uniform-prob-0.40-fee_type-inverse_prob-fee-3.4
1567+sz-12-prob_type-uniform-prob-0.50-fee_type-direct_prob-fee-2.6
383+sz-12-prob_type-uniform-prob-0.50-fee_type-direct_prob-fee-2.8
879+sz-12-prob_type-uniform-prob-0.50-fee_type-direct_prob
1023+sz-12-prob_type-uniform-prob-0.50-fee_type-direct_prob-fee-3.2
1165+sz-12-prob_type-uniform-prob-0.50-fee_type-direct_prob-fee-3.4
511+sz-12-prob_type-uniform-prob-0.50-fee_type-inverse_prob-fee-2.6
1279+sz-12-prob_type-uniform-prob-0.50-fee_type-inverse_prob-fee-2.8
63+sz-12-prob_type-uniform-prob-0.50-fee_type-inverse_prob
687+sz-12-prob_type-uniform-prob-0.50-fee_type-inverse_prob-fee-3.2
895+sz-12-prob_type-uniform-prob-0.50-fee_type-inverse_prob-fee-3.4
385+sz-12-prob_type-uniform-prob-0.60-fee_type-direct_prob-fee-2.6
159+sz-12-prob_type-uniform-prob-0.60-fee_type-direct_prob-fee-2.8
1279+sz-12-prob_type-uniform-prob-0.60-fee_type-direct_prob
1847+sz-12-prob_type-uniform-prob-0.60-fee_type-direct_prob-fee-3.2
959+sz-12-prob_type-uniform-prob-0.60-fee_type-direct_prob-fee-3.4
255+sz-12-prob_type-uniform-prob-0.60-fee_type-inverse_prob-fee-2.6
59+sz-12-prob_type-uniform-prob-0.60-fee_type-inverse_prob
735+sz-12-prob_type-uniform-prob-0.60-fee_type-inverse_prob-fee-3.2
87+sz-12-prob_type-uniform-prob-0.60-fee_type-inverse_prob-fee-3.4
4095+sz-13-prob_type-uniform-prob-0.20-fee_type-direct_prob-fee-2.6
4095+sz-13-prob_type-uniform-prob-0.20-fee_type-direct_prob-fee-2.8
4095+sz-13-prob_type-uniform-prob-0.20-fee_type-direct_prob
4095+sz-13-prob_type-uniform-prob-0.20-fee_type-direct_prob-fee-3.2
4095+sz-13-prob_type-uniform-prob-0.20-fee_type-direct_prob-fee-3.4
4095+sz-13-prob_type-uniform-prob-0.20-fee_type-inverse_prob-fee-2.6
4095+sz-13-prob_type-uniform-prob-0.20-fee_type-inverse_prob-fee-2.8
2047+sz-13-prob_type-uniform-prob-0.20-fee_type-inverse_prob
4095+sz-13-prob_type-uniform-prob-0.20-fee_type-inverse_prob-fee-3.2
4095+sz-13-prob_type-uniform-prob-0.20-fee_type-inverse_prob-fee-3.4
1023+sz-13-prob_type-uniform-prob-0.30-fee_type-direct_prob-fee-2.6
2047+sz-13-prob_type-uniform-prob-0.30-fee_type-direct_prob-fee-2.8
2999+sz-13-prob_type-uniform-prob-0.30-fee_type-direct_prob
1279+sz-13-prob_type-uniform-prob-0.30-fee_type-direct_prob-fee-3.2
1279+sz-13-prob_type-uniform-prob-0.30-fee_type-direct_prob-fee-3.4
4095+sz-13-prob_type-uniform-prob-0.30-fee_type-inverse_prob-fee-2.6
4095+sz-13-prob_type-uniform-prob-0.30-fee_type-inverse_prob-fee-2.8
4095+sz-13-prob_type-uniform-prob-0.30-fee_type-inverse_prob
463+sz-13-prob_type-uniform-prob-0.30-fee_type-inverse_prob-fee-3.2
4095+sz-13-prob_type-uniform-prob-0.30-fee_type-inverse_prob-fee-3.4
255+sz-13-prob_type-uniform-prob-0.40-fee_type-direct_prob-fee-2.6
1148+sz-13-prob_type-uniform-prob-0.40-fee_type-direct_prob-fee-2.8
1599+sz-13-prob_type-uniform-prob-0.40-fee_type-direct_prob
1023+sz-13-prob_type-uniform-prob-0.40-fee_type-direct_prob-fee-3.2
511+sz-13-prob_type-uniform-prob-0.40-fee_type-direct_prob-fee-3.4
2559+sz-13-prob_type-uniform-prob-0.40-fee_type-inverse_prob-fee-2.6
127+sz-13-prob_type-uniform-prob-0.40-fee_type-inverse_prob-fee-2.8
2899+sz-13-prob_type-uniform-prob-0.40-fee_type-inverse_prob
687+sz-13-prob_type-uniform-prob-0.40-fee_type-inverse_prob-fee-3.2
3231+sz-13-prob_type-uniform-prob-0.40-fee_type-inverse_prob-fee-3.4
703+sz-13-prob_type-uniform-prob-0.50-fee_type-direct_prob-fee-2.6
1087+sz-13-prob_type-uniform-prob-0.50-fee_type-direct_prob-fee-2.8
255+sz-13-prob_type-uniform-prob-0.50-fee_type-direct_prob
1471+sz-13-prob_type-uniform-prob-0.50-fee_type-direct_prob-fee-3.2
767+sz-13-prob_type-uniform-prob-0.50-fee_type-direct_prob-fee-3.4
3851+sz-13-prob_type-uniform-prob-0.50-fee_type-inverse_prob-fee-2.6
1407+sz-13-prob_type-uniform-prob-0.50-fee_type-inverse_prob-fee-2.8
3583+sz-13-prob_type-uniform-prob-0.50-fee_type-inverse_prob
383+sz-13-prob_type-uniform-prob-0.50-fee_type-inverse_prob-fee-3.2
1201+sz-13-prob_type-uniform-prob-0.50-fee_type-inverse_prob-fee-3.4
2239+sz-13-prob_type-uniform-prob-0.60-fee_type-direct_prob-fee-2.6
623+sz-13-prob_type-uniform-prob-0.60-fee_type-direct_prob-fee-2.8
767+sz-13-prob_type-uniform-prob-0.60-fee_type-direct_prob
3839+sz-13-prob_type-uniform-prob-0.60-fee_type-direct_prob-fee-3.2
3439+sz-13-prob_type-uniform-prob-0.60-fee_type-direct_prob-fee-3.4
1023+sz-13-prob_type-uniform-prob-0.60-fee_type-inverse_prob-fee-2.6
351+sz-13-prob_type-uniform-prob-0.60-fee_type-inverse_prob-fee-2.8
207+sz-13-prob_type-uniform-prob-0.60-fee_type-inverse_prob
3527+sz-13-prob_type-uniform-prob-0.60-fee_type-inverse_prob-fee-3.2
2375+sz-13-prob_type-uniform-prob-0.60-fee_type-inverse_prob-fee-3.4
2047+sz-14-prob_type-uniform-prob-0.20-fee_type-direct_prob-fee-2.6
8191+sz-14-prob_type-uniform-prob-0.20-fee_type-direct_prob-fee-2.8
8191+sz-14-prob_type-uniform-prob-0.20-fee_type-direct_prob
8191+sz-14-prob_type-uniform-prob-0.20-fee_type-direct_prob-fee-3.2
4095+sz-14-prob_type-uniform-prob-0.20-fee_type-direct_prob-fee-3.4
5119+sz-14-prob_type-uniform-prob-0.20-fee_type-inverse_prob-fee-2.6
5119+sz-14-prob_type-uniform-prob-0.20-fee_type-inverse_prob-fee-2.8
4095+sz-14-prob_type-uniform-prob-0.20-fee_type-inverse_prob
8191+sz-14-prob_type-uniform-prob-0.20-fee_type-inverse_prob-fee-3.2
4095+sz-14-prob_type-uniform-prob-0.20-fee_type-inverse_prob-fee-3.4
1023+sz-14-prob_type-uniform-prob-0.30-fee_type-direct_prob-fee-2.6
8191+sz-14-prob_type-uniform-prob-0.30-fee_type-direct_prob-fee-2.8
8191+sz-14-prob_type-uniform-prob-0.30-fee_type-direct_prob
7903+sz-14-prob_type-uniform-prob-0.30-fee_type-direct_prob-fee-3.2
3907+sz-14-prob_type-uniform-prob-0.30-fee_type-direct_prob-fee-3.4
2687+sz-14-prob_type-uniform-prob-0.30-fee_type-inverse_prob-fee-2.6
4095+sz-14-prob_type-uniform-prob-0.30-fee_type-inverse_prob-fee-2.8
8191+sz-14-prob_type-uniform-prob-0.30-fee_type-inverse_prob
2559+sz-14-prob_type-uniform-prob-0.30-fee_type-inverse_prob-fee-3.2
4095+sz-14-prob_type-uniform-prob-0.30-fee_type-inverse_prob-fee-3.4
5631+sz-14-prob_type-uniform-prob-0.40-fee_type-direct_prob-fee-2.6
8191+sz-14-prob_type-uniform-prob-0.40-fee_type-direct_prob-fee-2.8
3359+sz-14-prob_type-uniform-prob-0.40-fee_type-direct_prob
1023+sz-14-prob_type-uniform-prob-0.40-fee_type-direct_prob-fee-3.2
4495+sz-14-prob_type-uniform-prob-0.40-fee_type-direct_prob-fee-3.4
6851+sz-14-prob_type-uniform-prob-0.40-fee_type-inverse_prob-fee-2.6
8191+sz-14-prob_type-uniform-prob-0.40-fee_type-inverse_prob-fee-2.8
3768+sz-14-prob_type-uniform-prob-0.40-fee_type-inverse_prob
4095+sz-14-prob_type-uniform-prob-0.40-fee_type-inverse_prob-fee-3.2
6452+sz-14-prob_type-uniform-prob-0.40-fee_type-inverse_prob-fee-3.4
143+sz-14-prob_type-uniform-prob-0.50-fee_type-direct_prob-fee-2.6
4223+sz-14-prob_type-uniform-prob-0.50-fee_type-direct_prob-fee-2.8
3423+sz-14-prob_type-uniform-prob-0.50-fee_type-direct_prob
1695+sz-14-prob_type-uniform-prob-0.50-fee_type-direct_prob-fee-3.2
1863+sz-14-prob_type-uniform-prob-0.50-fee_type-direct_prob-fee-3.4
7167+sz-14-prob_type-uniform-prob-0.50-fee_type-inverse_prob-fee-2.6
423+sz-14-prob_type-uniform-prob-0.50-fee_type-inverse_prob-fee-2.8
2879+sz-14-prob_type-uniform-prob-0.50-fee_type-inverse_prob
959+sz-14-prob_type-uniform-prob-0.50-fee_type-inverse_prob-fee-3.2
6655+sz-14-prob_type-uniform-prob-0.50-fee_type-inverse_prob-fee-3.4
2047+sz-14-prob_type-uniform-prob-0.60-fee_type-direct_prob-fee-2.6
2183+sz-14-prob_type-uniform-prob-0.60-fee_type-direct_prob-fee-2.8
1411+sz-14-prob_type-uniform-prob-0.60-fee_type-direct_prob
386+sz-14-prob_type-uniform-prob-0.60-fee_type-direct_prob-fee-3.2
6079+sz-14-prob_type-uniform-prob-0.60-fee_type-direct_prob-fee-3.4
2943+sz-14-prob_type-uniform-prob-0.60-fee_type-inverse_prob-fee-2.6
1575+sz-14-prob_type-uniform-prob-0.60-fee_type-inverse_prob-fee-2.8
1983+sz-14-prob_type-uniform-prob-0.60-fee_type-inverse_prob
4591+sz-14-prob_type-uniform-prob-0.60-fee_type-inverse_prob-fee-3.2
1461+sz-14-prob_type-uniform-prob-0.60-fee_type-inverse_prob-fee-3.4
2047+sz-15-prob_type-uniform-prob-0.40-fee_type-inverse_prob-fee-3.2
7935+sz-15-prob_type-uniform-prob-0.40-fee_type-inverse_prob-fee-3.4
13823+sz-15-prob_type-uniform-prob-0.50-fee_type-direct_prob-fee-2.6
9471+sz-15-prob_type-uniform-prob-0.50-fee_type-direct_prob-fee-2.8
3967+sz-15-prob_type-uniform-prob-0.50-fee_type-direct_prob
10751+sz-15-prob_type-uniform-prob-0.50-fee_type-direct_prob-fee-3.2
6655+sz-15-prob_type-uniform-prob-0.50-fee_type-inverse_prob-fee-2.6
1151+sz-15-prob_type-uniform-prob-0.50-fee_type-inverse_prob-fee-2.8
3963+sz-15-prob_type-uniform-prob-0.50-fee_type-inverse_prob
207+sz-15-prob_type-uniform-prob-0.50-fee_type-inverse_prob-fee-3.2
6873+sz-15-prob_type-uniform-prob-0.50-fee_type-inverse_prob-fee-3.4
4095+sz-15-prob_type-uniform-prob-0.60-fee_type-direct_prob-fee-2.6
3007+sz-15-prob_type-uniform-prob-0.60-fee_type-direct_prob-fee-2.8
13023+sz-15-prob_type-uniform-prob-0.60-fee_type-direct_prob
6415+sz-15-prob_type-uniform-prob-0.60-fee_type-direct_prob-fee-3.2
6287+sz-15-prob_type-uniform-prob-0.60-fee_type-direct_prob-fee-3.4
12031+sz-15-prob_type-uniform-prob-0.60-fee_type-inverse_prob-fee-2.6
16127+sz-15-prob_type-uniform-prob-0.60-fee_type-inverse_prob-fee-2.8
8719+sz-15-prob_type-uniform-prob-0.60-fee_type-inverse_prob
12671+sz-15-prob_type-uniform-prob-0.60-fee_type-inverse_prob-fee-3.2
6844+sz-15-prob_type-uniform-prob-0.60-fee_type-inverse_prob-fee-3.4
32767+sz-16-prob_type-uniform-prob-0.20-fee_type-direct_prob-fee-2.6
16383+sz-16-prob_type-uniform-prob-0.20-fee_type-direct_prob-fee-2.8
16383+sz-16-prob_type-uniform-prob-0.20-fee_type-direct_prob
16383+sz-16-prob_type-uniform-prob-0.20-fee_type-direct_prob-fee-3.2
32767+sz-16-prob_type-uniform-prob-0.20-fee_type-direct_prob-fee-3.4
32767+sz-16-prob_type-uniform-prob-0.20-fee_type-inverse_prob-fee-2.6
32767+sz-16-prob_type-uniform-prob-0.20-fee_type-inverse_prob-fee-2.8
8191+sz-16-prob_type-uniform-prob-0.20-fee_type-inverse_prob
16383+sz-16-prob_type-uniform-prob-0.20-fee_type-inverse_prob-fee-3.2
32767+sz-16-prob_type-uniform-prob-0.20-fee_type-inverse_prob-fee-3.4
28671+sz-16-prob_type-uniform-prob-0.30-fee_type-direct_prob-fee-2.6
7167+sz-16-prob_type-uniform-prob-0.30-fee_type-direct_prob-fee-2.8
12287+sz-16-prob_type-uniform-prob-0.30-fee_type-direct_prob
8191+sz-16-prob_type-uniform-prob-0.30-fee_type-direct_prob-fee-3.2
15735+sz-16-prob_type-uniform-prob-0.30-fee_type-direct_prob-fee-3.4
10239+sz-16-prob_type-uniform-prob-0.30-fee_type-inverse_prob-fee-2.6
11935+sz-16-prob_type-uniform-prob-0.30-fee_type-inverse_prob-fee-2.8
26623+sz-16-prob_type-uniform-prob-0.30-fee_type-inverse_prob
8191+sz-16-prob_type-uniform-prob-0.30-fee_type-inverse_prob-fee-3.2
16127+sz-16-prob_type-uniform-prob-0.30-fee_type-inverse_prob-fee-3.4
12287+sz-16-prob_type-uniform-prob-0.40-fee_type-direct_prob-fee-2.6
19967+sz-16-prob_type-uniform-prob-0.40-fee_type-direct_prob-fee-2.8
8703+sz-16-prob_type-uniform-prob-0.40-fee_type-direct_prob
15959+sz-16-prob_type-uniform-prob-0.40-fee_type-direct_prob-fee-3.2
22527+sz-16-prob_type-uniform-prob-0.40-fee_type-direct_prob-fee-3.4
16383+sz-16-prob_type-uniform-prob-0.40-fee_type-inverse_prob-fee-2.6
32255+sz-16-prob_type-uniform-prob-0.40-fee_type-inverse_prob-fee-2.8
26303+sz-16-prob_type-uniform-prob-0.40-fee_type-inverse_prob
22527+sz-16-prob_type-uniform-prob-0.40-fee_type-inverse_prob-fee-3.2
24575+sz-16-prob_type-uniform-prob-0.40-fee_type-inverse_prob-fee-3.4
22995+sz-16-prob_type-uniform-prob-0.50-fee_type-direct_prob-fee-2.6
17919+sz-16-prob_type-uniform-prob-0.50-fee_type-direct_prob-fee-2.8
29434+sz-16-prob_type-uniform-prob-0.50-fee_type-direct_prob
11905+sz-16-prob_type-uniform-prob-0.50-fee_type-direct_prob-fee-3.2
2751+sz-16-prob_type-uniform-prob-0.50-fee_type-direct_prob-fee-3.4
13567+sz-16-prob_type-uniform-prob-0.50-fee_type-inverse_prob-fee-2.6
4863+sz-16-prob_type-uniform-prob-0.50-fee_type-inverse_prob-fee-2.8
2047+sz-16-prob_type-uniform-prob-0.50-fee_type-inverse_prob
30347+sz-16-prob_type-uniform-prob-0.50-fee_type-inverse_prob-fee-3.2
27519+sz-16-prob_type-uniform-prob-0.50-fee_type-inverse_prob-fee-3.4
18783+sz-16-prob_type-uniform-prob-0.60-fee_type-direct_prob-fee-2.6
4607+sz-16-prob_type-uniform-prob-0.60-fee_type-direct_prob-fee-2.8
5023+sz-16-prob_type-uniform-prob-0.60-fee_type-direct_prob
22315+sz-16-prob_type-uniform-prob-0.60-fee_type-direct_prob-fee-3.2
3839+sz-16-prob_type-uniform-prob-0.60-fee_type-direct_prob-fee-3.4
22271+sz-16-prob_type-uniform-prob-0.60-fee_type-inverse_prob-fee-2.6
19187+sz-16-prob_type-uniform-prob-0.60-fee_type-inverse_prob-fee-2.8
8767+sz-16-prob_type-uniform-prob-0.60-fee_type-inverse_prob
3839+sz-16-prob_type-uniform-prob-0.60-fee_type-inverse_prob-fee-3.2
28507+sz-16-prob_type-uniform-prob-0.60-fee_type-inverse_prob-fee-3.4
32767+sz-17-prob_type-uniform-prob-0.20-fee_type-direct_prob-fee-2.6
32767+sz-17-prob_type-uniform-prob-0.20-fee_type-direct_prob-fee-2.8
32767+sz-17-prob_type-uniform-prob-0.20-fee_type-direct_prob
32767+sz-17-prob_type-uniform-prob-0.20-fee_type-direct_prob-fee-3.2
16383+sz-17-prob_type-uniform-prob-0.20-fee_type-direct_prob-fee-3.4
65535+sz-17-prob_type-uniform-prob-0.20-fee_type-inverse_prob-fee-2.6
16383+sz-17-prob_type-uniform-prob-0.20-fee_type-inverse_prob-fee-2.8
57343+sz-17-prob_type-uniform-prob-0.20-fee_type-inverse_prob
65535+sz-17-prob_type-uniform-prob-0.20-fee_type-inverse_prob-fee-3.2
65535+sz-17-prob_type-uniform-prob-0.20-fee_type-inverse_prob-fee-3.4
57343+sz-17-prob_type-uniform-prob-0.30-fee_type-direct_prob-fee-2.6
60415+sz-17-prob_type-uniform-prob-0.30-fee_type-direct_prob-fee-2.8
62719+sz-17-prob_type-uniform-prob-0.30-fee_type-direct_prob
54271+sz-17-prob_type-uniform-prob-0.30-fee_type-direct_prob-fee-3.2
45755+sz-17-prob_type-uniform-prob-0.30-fee_type-direct_prob-fee-3.4
65535+sz-17-prob_type-uniform-prob-0.30-fee_type-inverse_prob-fee-2.6
10239+sz-17-prob_type-uniform-prob-0.30-fee_type-inverse_prob-fee-2.8
54783+sz-17-prob_type-uniform-prob-0.30-fee_type-inverse_prob
65535+sz-17-prob_type-uniform-prob-0.30-fee_type-inverse_prob-fee-3.2
32767+sz-17-prob_type-uniform-prob-0.30-fee_type-inverse_prob-fee-3.4
7167+sz-17-prob_type-uniform-prob-0.40-fee_type-direct_prob-fee-2.6
41151+sz-17-prob_type-uniform-prob-0.40-fee_type-direct_prob
17343+sz-17-prob_type-uniform-prob-0.40-fee_type-direct_prob-fee-3.2
53247+sz-17-prob_type-uniform-prob-0.40-fee_type-direct_prob-fee-3.4
49151+sz-17-prob_type-uniform-prob-0.40-fee_type-inverse_prob-fee-2.6
61439+sz-17-prob_type-uniform-prob-0.40-fee_type-inverse_prob-fee-2.8
14335+sz-17-prob_type-uniform-prob-0.40-fee_type-inverse_prob
21599+sz-17-prob_type-uniform-prob-0.40-fee_type-inverse_prob-fee-3.2
62239+sz-17-prob_type-uniform-prob-0.40-fee_type-inverse_prob-fee-3.4
57343+sz-17-prob_type-uniform-prob-0.50-fee_type-direct_prob-fee-2.6
57087+sz-17-prob_type-uniform-prob-0.50-fee_type-direct_prob-fee-2.8
61423+sz-17-prob_type-uniform-prob-0.50-fee_type-direct_prob
32371+sz-17-prob_type-uniform-prob-0.50-fee_type-direct_prob-fee-3.2
29599+sz-17-prob_type-uniform-prob-0.50-fee_type-direct_prob-fee-3.4
10111+sz-17-prob_type-uniform-prob-0.50-fee_type-inverse_prob-fee-2.6
45503+sz-17-prob_type-uniform-prob-0.50-fee_type-inverse_prob-fee-2.8
15935+sz-17-prob_type-uniform-prob-0.50-fee_type-inverse_prob
23487+sz-17-prob_type-uniform-prob-0.50-fee_type-inverse_prob-fee-3.2
38443+sz-17-prob_type-uniform-prob-0.50-fee_type-inverse_prob-fee-3.4
28509+sz-17-prob_type-uniform-prob-0.60-fee_type-direct_prob-fee-2.6
56319+sz-17-prob_type-uniform-prob-0.60-fee_type-direct_prob-fee-2.8
31383+sz-17-prob_type-uniform-prob-0.60-fee_type-direct_prob
30207+sz-17-prob_type-uniform-prob-0.60-fee_type-direct_prob-fee-3.2
64895+sz-17-prob_type-uniform-prob-0.60-fee_type-direct_prob-fee-3.4
49063+sz-17-prob_type-uniform-prob-0.60-fee_type-inverse_prob-fee-2.6
44415+sz-17-prob_type-uniform-prob-0.60-fee_type-inverse_prob-fee-2.8
53887+sz-17-prob_type-uniform-prob-0.60-fee_type-inverse_prob
11762+sz-17-prob_type-uniform-prob-0.60-fee_type-inverse_prob-fee-3.2
46735+sz-17-prob_type-uniform-prob-0.60-fee_type-inverse_prob-fee-3.4
31231+sz-18-prob_type-uniform-prob-0.20-fee_type-direct_prob-fee-2.6
131071+sz-18-prob_type-uniform-prob-0.20-fee_type-direct_prob-fee-2.8
131071+sz-18-prob_type-uniform-prob-0.20-fee_type-direct_prob
131071+sz-18-prob_type-uniform-prob-0.20-fee_type-direct_prob-fee-3.2
65535+sz-18-prob_type-uniform-prob-0.20-fee_type-direct_prob-fee-3.4
16383+sz-18-prob_type-uniform-prob-0.20-fee_type-inverse_prob-fee-2.6
65535+sz-18-prob_type-uniform-prob-0.20-fee_type-inverse_prob-fee-2.8
16383+sz-18-prob_type-uniform-prob-0.20-fee_type-inverse_prob
131071+sz-18-prob_type-uniform-prob-0.20-fee_type-inverse_prob-fee-3.2
131071+sz-18-prob_type-uniform-prob-0.20-fee_type-inverse_prob-fee-3.4
29663+sz-18-prob_type-uniform-prob-0.30-fee_type-direct_prob-fee-2.6
127999+sz-18-prob_type-uniform-prob-0.30-fee_type-direct_prob-fee-2.8
131071+sz-18-prob_type-uniform-prob-0.30-fee_type-direct_prob
86015+sz-18-prob_type-uniform-prob-0.30-fee_type-direct_prob-fee-3.2
41343+sz-18-prob_type-uniform-prob-0.30-fee_type-direct_prob-fee-3.4
131071+sz-18-prob_type-uniform-prob-0.30-fee_type-inverse_prob-fee-2.6
32767+sz-18-prob_type-uniform-prob-0.30-fee_type-inverse_prob-fee-2.8
14335+sz-18-prob_type-uniform-prob-0.30-fee_type-inverse_prob
73727+sz-18-prob_type-uniform-prob-0.30-fee_type-inverse_prob-fee-3.2
81919+sz-18-prob_type-uniform-prob-0.30-fee_type-inverse_prob-fee-3.4
121631+sz-18-prob_type-uniform-prob-0.40-fee_type-direct_prob-fee-2.6
131071+sz-18-prob_type-uniform-prob-0.40-fee_type-direct_prob-fee-2.8
97451+sz-18-prob_type-uniform-prob-0.40-fee_type-direct_prob
77823+sz-18-prob_type-uniform-prob-0.40-fee_type-direct_prob-fee-3.2
101277+sz-18-prob_type-uniform-prob-0.40-fee_type-direct_prob-fee-3.4
57343+sz-18-prob_type-uniform-prob-0.40-fee_type-inverse_prob-fee-2.6
130559+sz-18-prob_type-uniform-prob-0.40-fee_type-inverse_prob-fee-2.8
106303+sz-18-prob_type-uniform-prob-0.40-fee_type-inverse_prob
116875+sz-18-prob_type-uniform-prob-0.40-fee_type-inverse_prob-fee-3.2
59839+sz-18-prob_type-uniform-prob-0.40-fee_type-inverse_prob-fee-3.4
65535+sz-18-prob_type-uniform-prob-0.50-fee_type-direct_prob-fee-2.6
28127+sz-18-prob_type-uniform-prob-0.50-fee_type-direct_prob-fee-2.8
93105+sz-18-prob_type-uniform-prob-0.50-fee_type-direct_prob
81919+sz-18-prob_type-uniform-prob-0.50-fee_type-direct_prob-fee-3.2
81133+sz-18-prob_type-uniform-prob-0.50-fee_type-direct_prob-fee-3.4
32415+sz-18-prob_type-uniform-prob-0.50-fee_type-inverse_prob-fee-2.6
19391+sz-18-prob_type-uniform-prob-0.50-fee_type-inverse_prob-fee-2.8
52895+sz-18-prob_type-uniform-prob-0.50-fee_type-inverse_prob
94317+sz-18-prob_type-uniform-prob-0.50-fee_type-inverse_prob-fee-3.2
43239+sz-18-prob_type-uniform-prob-0.50-fee_type-inverse_prob-fee-3.4
3434+sz-18-prob_type-uniform-prob-0.60-fee_type-direct_prob-fee-2.6
114687+sz-18-prob_type-uniform-prob-0.60-fee_type-direct_prob-fee-2.8
17055+sz-18-prob_type-uniform-prob-0.60-fee_type-direct_prob
7722+sz-18-prob_type-uniform-prob-0.60-fee_type-direct_prob-fee-3.2
24383+sz-18-prob_type-uniform-prob-0.60-fee_type-direct_prob-fee-3.4
43919+sz-18-prob_type-uniform-prob-0.60-fee_type-inverse_prob-fee-2.6
129999+sz-18-prob_type-uniform-prob-0.60-fee_type-inverse_prob-fee-2.8
89559+sz-18-prob_type-uniform-prob-0.60-fee_type-inverse_prob
121727+sz-18-prob_type-uniform-prob-0.60-fee_type-inverse_prob-fee-3.2
16943+sz-18-prob_type-uniform-prob-0.60-fee_type-inverse_prob-fee-3.4
262143+sz-19-prob_type-uniform-prob-0.20-fee_type-direct_prob-fee-2.6
262143+sz-19-prob_type-uniform-prob-0.20-fee_type-direct_prob-fee-2.8
262143+sz-19-prob_type-uniform-prob-0.20-fee_type-direct_prob
131071+sz-19-prob_type-uniform-prob-0.20-fee_type-direct_prob-fee-3.2
262143+sz-19-prob_type-uniform-prob-0.20-fee_type-direct_prob-fee-3.4
262143+sz-19-prob_type-uniform-prob-0.20-fee_type-inverse_prob-fee-2.6
65535+sz-19-prob_type-uniform-prob-0.20-fee_type-inverse_prob-fee-2.8
65535+sz-19-prob_type-uniform-prob-0.20-fee_type-inverse_prob
262143+sz-19-prob_type-uniform-prob-0.20-fee_type-inverse_prob-fee-3.2
115071+sz-19-prob_type-uniform-prob-0.20-fee_type-inverse_prob-fee-3.4
262143+sz-19-prob_type-uniform-prob-0.30-fee_type-direct_prob-fee-2.6
151551+sz-19-prob_type-uniform-prob-0.30-fee_type-direct_prob-fee-2.8
63743+sz-19-prob_type-uniform-prob-0.30-fee_type-direct_prob
7423+sz-19-prob_type-uniform-prob-0.30-fee_type-direct_prob-fee-3.2
131071+sz-19-prob_type-uniform-prob-0.30-fee_type-direct_prob-fee-3.4
98303+sz-19-prob_type-uniform-prob-0.30-fee_type-inverse_prob-fee-2.6
65535+sz-19-prob_type-uniform-prob-0.30-fee_type-inverse_prob-fee-2.8
98303+sz-19-prob_type-uniform-prob-0.30-fee_type-inverse_prob
13055+sz-19-prob_type-uniform-prob-0.30-fee_type-inverse_prob-fee-3.2
131071+sz-19-prob_type-uniform-prob-0.30-fee_type-inverse_prob-fee-3.4
258047+sz-19-prob_type-uniform-prob-0.40-fee_type-direct_prob-fee-2.6
262143+sz-19-prob_type-uniform-prob-0.40-fee_type-direct_prob-fee-2.8
122879+sz-19-prob_type-uniform-prob-0.40-fee_type-direct_prob
95795+sz-19-prob_type-uniform-prob-0.40-fee_type-direct_prob-fee-3.2
65535+sz-19-prob_type-uniform-prob-0.40-fee_type-direct_prob-fee-3.4
174575+sz-19-prob_type-uniform-prob-0.40-fee_type-inverse_prob-fee-2.6
260919+sz-19-prob_type-uniform-prob-0.40-fee_type-inverse_prob-fee-2.8
20479+sz-19-prob_type-uniform-prob-0.40-fee_type-inverse_prob
134143+sz-19-prob_type-uniform-prob-0.40-fee_type-inverse_prob-fee-3.2
161791+sz-19-prob_type-uniform-prob-0.40-fee_type-inverse_prob-fee-3.4
72387+sz-19-prob_type-uniform-prob-0.50-fee_type-direct_prob-fee-2.6
236241+sz-19-prob_type-uniform-prob-0.50-fee_type-direct_prob-fee-2.8
154615+sz-19-prob_type-uniform-prob-0.50-fee_type-direct_prob
262143+sz-19-prob_type-uniform-prob-0.50-fee_type-direct_prob-fee-3.2
52991+sz-19-prob_type-uniform-prob-0.50-fee_type-direct_prob-fee-3.4
241663+sz-19-prob_type-uniform-prob-0.50-fee_type-inverse_prob-fee-2.6
114175+sz-19-prob_type-uniform-prob-0.50-fee_type-inverse_prob-fee-2.8
146351+sz-19-prob_type-uniform-prob-0.50-fee_type-inverse_prob
198483+sz-19-prob_type-uniform-prob-0.50-fee_type-inverse_prob-fee-3.2
71167+sz-19-prob_type-uniform-prob-0.50-fee_type-inverse_prob-fee-3.4
29695+sz-19-prob_type-uniform-prob-0.60-fee_type-direct_prob-fee-2.6
259583+sz-19-prob_type-uniform-prob-0.60-fee_type-direct_prob-fee-2.8
106991+sz-19-prob_type-uniform-prob-0.60-fee_type-direct_prob
25086+sz-19-prob_type-uniform-prob-0.60-fee_type-direct_prob-fee-3.2
20735+sz-19-prob_type-uniform-prob-0.60-fee_type-direct_prob-fee-3.4
143999+sz-19-prob_type-uniform-prob-0.60-fee_type-inverse_prob-fee-2.6
72847+sz-19-prob_type-uniform-prob-0.60-fee_type-inverse_prob-fee-2.8
185847+sz-19-prob_type-uniform-prob-0.60-fee_type-inverse_prob
176351+sz-19-prob_type-uniform-prob-0.60-fee_type-inverse_prob-fee-3.2
222967+sz-19-prob_type-uniform-prob-0.60-fee_type-inverse_prob-fee-3.4
524287+sz-20-prob_type-uniform-prob-0.20-fee_type-direct_prob-fee-2.6
393215+sz-20-prob_type-uniform-prob-0.20-fee_type-direct_prob-fee-2.8
524287+sz-20-prob_type-uniform-prob-0.20-fee_type-direct_prob
524287+sz-20-prob_type-uniform-prob-0.20-fee_type-direct_prob-fee-3.2
106495+sz-20-prob_type-uniform-prob-0.20-fee_type-direct_prob-fee-3.4
524287+sz-20-prob_type-uniform-prob-0.20-fee_type-inverse_prob-fee-2.6
262143+sz-20-prob_type-uniform-prob-0.20-fee_type-inverse_prob-fee-2.8
131071+sz-20-prob_type-uniform-prob-0.20-fee_type-inverse_prob
262143+sz-20-prob_type-uniform-prob-0.20-fee_type-inverse_prob-fee-3.2
524287+sz-20-prob_type-uniform-prob-0.20-fee_type-inverse_prob-fee-3.4
524287+sz-20-prob_type-uniform-prob-0.30-fee_type-direct_prob-fee-2.6
524287+sz-20-prob_type-uniform-prob-0.30-fee_type-direct_prob-fee-2.8
524287+sz-20-prob_type-uniform-prob-0.30-fee_type-direct_prob
524287+sz-20-prob_type-uniform-prob-0.30-fee_type-direct_prob-fee-3.2
524287+sz-20-prob_type-uniform-prob-0.30-fee_type-direct_prob-fee-3.4
524287+sz-20-prob_type-uniform-prob-0.30-fee_type-inverse_prob-fee-2.6
524287+sz-20-prob_type-uniform-prob-0.30-fee_type-inverse_prob-fee-2.8
524287+sz-20-prob_type-uniform-prob-0.30-fee_type-inverse_prob
524287+sz-20-prob_type-uniform-prob-0.30-fee_type-inverse_prob-fee-3.2
524287+sz-20-prob_type-uniform-prob-0.30-fee_type-inverse_prob-fee-3.4
524287+sz-20-prob_type-uniform-prob-0.40-fee_type-direct_prob-fee-2.6
524287+sz-20-prob_type-uniform-prob-0.40-fee_type-direct_prob-fee-2.8
69503+sz-20-prob_type-uniform-prob-0.40-fee_type-direct_prob
524287+sz-20-prob_type-uniform-prob-0.40-fee_type-direct_prob-fee-3.2
524287+sz-20-prob_type-uniform-prob-0.40-fee_type-direct_prob-fee-3.4
524287+sz-20-prob_type-uniform-prob-0.40-fee_type-inverse_prob-fee-2.6
524287+sz-20-prob_type-uniform-prob-0.40-fee_type-inverse_prob-fee-2.8
524287+sz-20-prob_type-uniform-prob-0.40-fee_type-inverse_prob
894+sz-20-prob_type-uniform-prob-0.40-fee_type-inverse_prob-fee-3.2
25597+sz-20-prob_type-uniform-prob-0.40-fee_type-inverse_prob-fee-3.4
524287+sz-20-prob_type-uniform-prob-0.50-fee_type-direct_prob-fee-2.6
524287+sz-20-prob_type-uniform-prob-0.50-fee_type-direct_prob-fee-2.8
524255+sz-20-prob_type-uniform-prob-0.50-fee_type-direct_prob
131070+sz-20-prob_type-uniform-prob-0.50-fee_type-direct_prob-fee-3.2
524287+sz-20-prob_type-uniform-prob-0.50-fee_type-direct_prob-fee-3.4
524279+sz-20-prob_type-uniform-prob-0.50-fee_type-inverse_prob-fee-2.6
524287+sz-20-prob_type-uniform-prob-0.50-fee_type-inverse_prob-fee-2.8
524287+sz-20-prob_type-uniform-prob-0.50-fee_type-inverse_prob
524287+sz-20-prob_type-uniform-prob-0.50-fee_type-inverse_prob-fee-3.2
524287+sz-20-prob_type-uniform-prob-0.50-fee_type-inverse_prob-fee-3.4
524287+sz-20-prob_type-uniform-prob-0.60-fee_type-direct_prob-fee-2.6
524283+sz-20-prob_type-uniform-prob-0.60-fee_type-direct_prob-fee-2.8
524287+sz-20-prob_type-uniform-prob-0.60-fee_type-direct_prob
16407+sz-20-prob_type-uniform-prob-0.60-fee_type-direct_prob-fee-3.2
524287+sz-20-prob_type-uniform-prob-0.60-fee_type-direct_prob-fee-3.4
524287+sz-20-prob_type-uniform-prob-0.60-fee_type-inverse_prob-fee-2.6
8168+sz-20-prob_type-uniform-prob-0.60-fee_type-inverse_prob-fee-2.8
524287+sz-20-prob_type-uniform-prob-0.60-fee_type-inverse_prob
524285+sz-20-prob_type-uniform-prob-0.60-fee_type-inverse_prob-fee-3.2
524287+sz-20-prob_type-uniform-prob-0.60-fee_type-inverse_prob-fee-3.4
65535+sz-21-prob_type-uniform-prob-0.20-fee_type-direct_prob-fee-2.6
196607+sz-21-prob_type-uniform-prob-0.20-fee_type-direct_prob-fee-2.8
1048575+sz-21-prob_type-uniform-prob-0.20-fee_type-direct_prob
1048575+sz-21-prob_type-uniform-prob-0.20-fee_type-direct_prob-fee-3.2
1048575+sz-21-prob_type-uniform-prob-0.20-fee_type-direct_prob-fee-3.4
1048575+sz-21-prob_type-uniform-prob-0.20-fee_type-inverse_prob-fee-2.6
1048575+sz-21-prob_type-uniform-prob-0.20-fee_type-inverse_prob-fee-2.8
442367+sz-21-prob_type-uniform-prob-0.20-fee_type-inverse_prob
1048575+sz-21-prob_type-uniform-prob-0.20-fee_type-inverse_prob-fee-3.2
262143+sz-21-prob_type-uniform-prob-0.20-fee_type-inverse_prob-fee-3.4
1048575+sz-21-prob_type-uniform-prob-0.30-fee_type-direct_prob-fee-2.6
1048575+sz-21-prob_type-uniform-prob-0.30-fee_type-direct_prob-fee-2.8
1048575+sz-21-prob_type-uniform-prob-0.30-fee_type-direct_prob
1048575+sz-21-prob_type-uniform-prob-0.30-fee_type-direct_prob-fee-3.2
1048575+sz-21-prob_type-uniform-prob-0.30-fee_type-direct_prob-fee-3.4
1048575+sz-21-prob_type-uniform-prob-0.30-fee_type-inverse_prob-fee-2.6
1048575+sz-21-prob_type-uniform-prob-0.30-fee_type-inverse_prob-fee-2.8
1048575+sz-21-prob_type-uniform-prob-0.30-fee_type-inverse_prob
1048575+sz-21-prob_type-uniform-prob-0.30-fee_type-inverse_prob-fee-3.2
1048575+sz-21-prob_type-uniform-prob-0.30-fee_type-inverse_prob-fee-3.4
1048575+sz-21-prob_type-uniform-prob-0.40-fee_type-direct_prob-fee-2.6
1048575+sz-21-prob_type-uniform-prob-0.40-fee_type-direct_prob-fee-2.8
1048575+sz-21-prob_type-uniform-prob-0.40-fee_type-direct_prob
1048575+sz-21-prob_type-uniform-prob-0.40-fee_type-direct_prob-fee-3.2
1048575+sz-21-prob_type-uniform-prob-0.40-fee_type-direct_prob-fee-3.4
1048575+sz-21-prob_type-uniform-prob-0.40-fee_type-inverse_prob-fee-2.6
1048575+sz-21-prob_type-uniform-prob-0.40-fee_type-inverse_prob-fee-2.8
1048575+sz-21-prob_type-uniform-prob-0.40-fee_type-inverse_prob
1048575+sz-21-prob_type-uniform-prob-0.40-fee_type-inverse_prob-fee-3.2
1046527+sz-21-prob_type-uniform-prob-0.40-fee_type-inverse_prob-fee-3.4
1048559+sz-21-prob_type-uniform-prob-0.50-fee_type-direct_prob-fee-2.6
1048507+sz-21-prob_type-uniform-prob-0.50-fee_type-direct_prob-fee-2.8
1048575+sz-21-prob_type-uniform-prob-0.50-fee_type-direct_prob
1048575+sz-21-prob_type-uniform-prob-0.50-fee_type-direct_prob-fee-3.2
1048573+sz-21-prob_type-uniform-prob-0.50-fee_type-direct_prob-fee-3.4
1048567+sz-21-prob_type-uniform-prob-0.50-fee_type-inverse_prob-fee-2.6
1048543+sz-21-prob_type-uniform-prob-0.50-fee_type-inverse_prob-fee-2.8
1048575+sz-21-prob_type-uniform-prob-0.50-fee_type-inverse_prob
1048543+sz-21-prob_type-uniform-prob-0.50-fee_type-inverse_prob-fee-3.2
1048571+sz-21-prob_type-uniform-prob-0.50-fee_type-inverse_prob-fee-3.4
1048567+sz-21-prob_type-uniform-prob-0.60-fee_type-direct_prob-fee-2.6
0+sz-21-prob_type-uniform-prob-0.60-fee_type-direct_prob-fee-2.8
0+sz-21-prob_type-uniform-prob-0.60-fee_type-direct_prob
1048559+sz-21-prob_type-uniform-prob-0.60-fee_type-direct_prob-fee-3.2
0+sz-21-prob_type-uniform-prob-0.60-fee_type-direct_prob-fee-3.4
0+sz-21-prob_type-uniform-prob-0.60-fee_type-inverse_prob-fee-2.6
1048543+sz-21-prob_type-uniform-prob-0.60-fee_type-inverse_prob-fee-2.8
1048573+sz-21-prob_type-uniform-prob-0.60-fee_type-inverse_prob
1048567+sz-21-prob_type-uniform-prob-0.60-fee_type-inverse_prob-fee-3.2
1048571+sz-21-prob_type-uniform-prob-0.60-fee_type-inverse_prob-fee-3.4